Archive member included to satisfy reference by file (symbol)

C:/msys64/ucrt64/bin/../lib/gcc/arm-none-eabi/13.3.0/thumb/v6-m/nofp\libgcc.a(_udivsi3.o)
                              cmake/stm32cubemx/CMakeFiles/STM32_Drivers.dir/__/__/Core/Src/system_stm32f0xx.c.obj (__aeabi_uidiv)
C:/msys64/ucrt64/bin/../lib/gcc/arm-none-eabi/13.3.0/thumb/v6-m/nofp\libgcc.a(_divsi3.o)
                              CMakeFiles/project.dir/Physics/motion.c.obj (__aeabi_idiv)
C:/msys64/ucrt64/bin/../lib/gcc/arm-none-eabi/13.3.0/thumb/v6-m/nofp\libgcc.a(_dvmd_tls.o)
                              C:/msys64/ucrt64/bin/../lib/gcc/arm-none-eabi/13.3.0/thumb/v6-m/nofp\libgcc.a(_udivsi3.o) (__aeabi_idiv0)
C:/msys64/ucrt64/bin/../lib/gcc/arm-none-eabi/13.3.0/thumb/v6-m/nofp\libgcc.a(_arm_cmpsf2.o)
                              CMakeFiles/project.dir/App/hourglass.c.obj (__aeabi_fcmplt)
C:/msys64/ucrt64/bin/../lib/gcc/arm-none-eabi/13.3.0/thumb/v6-m/nofp\libgcc.a(_aeabi_uldivmod.o)
                              CMakeFiles/project.dir/App/hourglass.c.obj (__aeabi_uldivmod)
C:/msys64/ucrt64/bin/../lib/gcc/arm-none-eabi/13.3.0/thumb/v6-m/nofp\libgcc.a(_muldi3.o)
                              CMakeFiles/project.dir/App/hourglass.c.obj (__aeabi_lmul)
C:/msys64/ucrt64/bin/../lib/gcc/arm-none-eabi/13.3.0/thumb/v6-m/nofp\libgcc.a(_fixunssfsi.o)
                              CMakeFiles/project.dir/App/hourglass.c.obj (__aeabi_f2uiz)
C:/msys64/ucrt64/bin/../lib/gcc/arm-none-eabi/13.3.0/thumb/v6-m/nofp\libgcc.a(_udivmoddi4.o)
                              C:/msys64/ucrt64/bin/../lib/gcc/arm-none-eabi/13.3.0/thumb/v6-m/nofp\libgcc.a(_aeabi_uldivmod.o) (__udivmoddi4)
C:/msys64/ucrt64/bin/../lib/gcc/arm-none-eabi/13.3.0/thumb/v6-m/nofp\libgcc.a(addsf3.o)
                              CMakeFiles/project.dir/App/hourglass.c.obj (__aeabi_fadd)
C:/msys64/ucrt64/bin/../lib/gcc/arm-none-eabi/13.3.0/thumb/v6-m/nofp\libgcc.a(divsf3.o)
                              CMakeFiles/project.dir/Physics/motion.c.obj (__aeabi_fdiv)
C:/msys64/ucrt64/bin/../lib/gcc/arm-none-eabi/13.3.0/thumb/v6-m/nofp\libgcc.a(eqsf2.o)
                              C:/msys64/ucrt64/bin/../lib/gcc/arm-none-eabi/13.3.0/thumb/v6-m/nofp\libgcc.a(_arm_cmpsf2.o) (__eqsf2)
C:/msys64/ucrt64/bin/../lib/gcc/arm-none-eabi/13.3.0/thumb/v6-m/nofp\libgcc.a(gesf2.o)
                              C:/msys64/ucrt64/bin/../lib/gcc/arm-none-eabi/13.3.0/thumb/v6-m/nofp\libgcc.a(_arm_cmpsf2.o) (__gesf2)
C:/msys64/ucrt64/bin/../lib/gcc/arm-none-eabi/13.3.0/thumb/v6-m/nofp\libgcc.a(lesf2.o)
                              C:/msys64/ucrt64/bin/../lib/gcc/arm-none-eabi/13.3.0/thumb/v6-m/nofp\libgcc.a(_arm_cmpsf2.o) (__lesf2)
C:/msys64/ucrt64/bin/../lib/gcc/arm-none-eabi/13.3.0/thumb/v6-m/nofp\libgcc.a(mulsf3.o)
                              CMakeFiles/project.dir/App/hourglass.c.obj (__aeabi_fmul)
C:/msys64/ucrt64/bin/../lib/gcc/arm-none-eabi/13.3.0/thumb/v6-m/nofp\libgcc.a(subsf3.o)
                              C:/msys64/ucrt64/bin/../lib/gcc/arm-none-eabi/13.3.0/thumb/v6-m/nofp\libgcc.a(_fixunssfsi.o) (__aeabi_fsub)
C:/msys64/ucrt64/bin/../lib/gcc/arm-none-eabi/13.3.0/thumb/v6-m/nofp\libgcc.a(fixsfsi.o)
                              CMakeFiles/project.dir/Physics/particles.c.obj (__aeabi_f2iz)
C:/msys64/ucrt64/bin/../lib/gcc/arm-none-eabi/13.3.0/thumb/v6-m/nofp\libgcc.a(floatsisf.o)
                              CMakeFiles/project.dir/Physics/motion.c.obj (__aeabi_i2f)
C:/msys64/ucrt64/bin/../lib/gcc/arm-none-eabi/13.3.0/thumb/v6-m/nofp\libgcc.a(floatunsisf.o)
                              CMakeFiles/project.dir/Physics/motion.c.obj (__aeabi_ui2f)
C:/msys64/ucrt64/bin/../lib/gcc/arm-none-eabi/13.3.0/thumb/v6-m/nofp\libgcc.a(_thumb1_case_uqi.o)
                              C:/msys64/ucrt64/bin/../lib/gcc/arm-none-eabi/13.3.0/thumb/v6-m/nofp\libgcc.a(divsf3.o) (__gnu_thumb1_case_uqi)
C:/msys64/ucrt64/bin/../lib/gcc/arm-none-eabi/13.3.0/thumb/v6-m/nofp\libgcc.a(_lshrdi3.o)
                              C:/msys64/ucrt64/bin/../lib/gcc/arm-none-eabi/13.3.0/thumb/v6-m/nofp\libgcc.a(_udivmoddi4.o) (__aeabi_llsr)
C:/msys64/ucrt64/bin/../lib/gcc/arm-none-eabi/13.3.0/thumb/v6-m/nofp\libgcc.a(_ashldi3.o)
                              C:/msys64/ucrt64/bin/../lib/gcc/arm-none-eabi/13.3.0/thumb/v6-m/nofp\libgcc.a(_udivmoddi4.o) (__aeabi_llsl)
C:/msys64/ucrt64/bin/../lib/gcc/arm-none-eabi/13.3.0/thumb/v6-m/nofp\libgcc.a(_clzsi2.o)
                              C:/msys64/ucrt64/bin/../lib/gcc/arm-none-eabi/13.3.0/thumb/v6-m/nofp\libgcc.a(addsf3.o) (__clzsi2)
C:/msys64/ucrt64/bin/../lib/gcc/arm-none-eabi/13.3.0/thumb/v6-m/nofp\libgcc.a(_clzdi2.o)
                              C:/msys64/ucrt64/bin/../lib/gcc/arm-none-eabi/13.3.0/thumb/v6-m/nofp\libgcc.a(_udivmoddi4.o) (__clzdi2)
C:/msys64/ucrt64/bin/../lib/gcc/arm-none-eabi/13.3.0/../../../../arm-none-eabi/lib/thumb/v6-m/nofp\libg_nano.a(libc_a-atexit.o)
[...]
Memory Configuration

Name             Origin             Length             Attributes
RAM              0x20000000         0x00002000         xrw
FLASH            0x08000000         0x00010000         xr
*default*        0x00000000         0xffffffff

Linker script and memory map

LOAD C:/msys64/ucrt64/bin/../lib/gcc/arm-none-eabi/13.3.0/thumb/v6-m/nofp/crti.o
LOAD C:/msys64/ucrt64/bin/../lib/gcc/arm-none-eabi/13.3.0/thumb/v6-m/nofp/crtbegin.o
LOAD C:/msys64/ucrt64/bin/../lib/gcc/arm-none-eabi/13.3.0/../../../../arm-none-eabi/lib/thumb/v6-m/nofp/crt0.o
LOAD cmake/stm32cubemx/CMakeFiles/STM32_Drivers.dir/__/__/Core/Src/system_stm32f0xx.c.obj
LOAD cmake/stm32cubemx/CMakeFiles/STM32_Drivers.dir/__/__/Drivers/STM32F0xx_HAL_Driver/Src/stm32f0xx_hal_i2c.c.obj
LOAD cmake/stm32cubemx/CMakeFiles/STM32_Drivers.dir/__/__/Drivers/STM32F0xx_HAL_Driver/Src/stm32f0xx_hal_i2c_ex.c.obj
LOAD cmake/stm32cubemx/CMakeFiles/STM32_Drivers.dir/__/__/Drivers/STM32F0xx_HAL_Driver/Src/stm32f0xx_hal_rcc.c.obj
LOAD cmake/stm32cubemx/CMakeFiles/STM32_Drivers.dir/__/__/Drivers/STM32F0xx_HAL_Driver/Src/stm32f0xx_hal_rcc_ex.c.obj
LOAD cmake/stm32cubemx/CMakeFiles/STM32_Drivers.dir/__/__/Drivers/STM32F0xx_HAL_Driver/Src/stm32f0xx_hal.c.obj
LOAD cmake/stm32cubemx/CMakeFiles/STM32_Drivers.dir/__/__/Drivers/STM32F0xx_HAL_Driver/Src/stm32f0xx_hal_gpio.c.obj
LOAD cmake/stm32cubemx/CMakeFiles/STM32_Drivers.dir/__/__/Drivers/STM32F0xx_HAL_Driver/Src/stm32f0xx_hal_dma.c.obj
LOAD cmake/stm32cubemx/CMakeFiles/STM32_Drivers.dir/__/__/Drivers/STM32F0xx_HAL_Driver/Src/stm32f0xx_hal_cortex.c.obj
LOAD cmake/stm32cubemx/CMakeFiles/STM32_Drivers.dir/__/__/Drivers/STM32F0xx_HAL_Driver/Src/stm32f0xx_hal_pwr.c.obj
LOAD cmake/stm32cubemx/CMakeFiles/STM32_Drivers.dir/__/__/Drivers/STM32F0xx_HAL_Driver/Src/stm32f0xx_hal_pwr_ex.c.obj
LOAD cmake/stm32cubemx/CMakeFiles/STM32_Drivers.dir/__/__/Drivers/STM32F0xx_HAL_Driver/Src/stm32f0xx_hal_flash.c.obj
LOAD cmake/stm32cubemx/CMakeFiles/STM32_Drivers.dir/__/__/Drivers/STM32F0xx_HAL_Driver/Src/stm32f0xx_hal_flash_ex.c.obj
LOAD cmake/stm32cubemx/CMakeFiles/STM32_Drivers.dir/__/__/Drivers/STM32F0xx_HAL_Driver/Src/stm32f0xx_hal_exti.c.obj
LOAD cmake/stm32cubemx/CMakeFiles/STM32_Drivers.dir/__/__/Drivers/STM32F0xx_HAL_Driver/Src/stm32f0xx_hal_spi.c.obj
LOAD cmake/stm32cubemx/CMakeFiles/STM32_Drivers.dir/__/__/Drivers/STM32F0xx_HAL_Driver/Src/stm32f0xx_hal_spi_ex.c.obj
LOAD cmake/stm32cubemx/CMakeFiles/STM32_Drivers.dir/__/__/Drivers/STM32F0xx_HAL_Driver/Src/stm32f0xx_hal_tim.c.obj
LOAD cmake/stm32cubemx/CMakeFiles/STM32_Drivers.dir/__/__/Drivers/STM32F0xx_HAL_Driver/Src/stm32f0xx_hal_tim_ex.c.obj
LOAD CMakeFiles/project.dir/Core/Src/main.c.obj
LOAD CMakeFiles/project.dir/Core/Src/gpio.c.obj
LOAD CMakeFiles/project.dir/Core/Src/i2c.c.obj
LOAD CMakeFiles/project.dir/Core/Src/spi.c.obj
LOAD CMakeFiles/project.dir/Core/Src/tim.c.obj
LOAD CMakeFiles/project.dir/Core/Src/stm32f0xx_it.c.obj
LOAD CMakeFiles/project.dir/Core/Src/stm32f0xx_hal_msp.c.obj
LOAD CMakeFiles/project.dir/Core/Src/sysmem.c.obj
LOAD CMakeFiles/project.dir/Core/Src/syscalls.c.obj
LOAD CMakeFiles/project.dir/startup_stm32f030x8.s.obj
LOAD CMakeFiles/project.dir/App/ocean.c.obj
LOAD CMakeFiles/project.dir/App/hourglass.c.obj
LOAD CMakeFiles/project.dir/Drivers/buttons.c.obj
LOAD CMakeFiles/project.dir/Drivers/buzzer.c.obj
LOAD CMakeFiles/project.dir/Drivers/display.c.obj
LOAD CMakeFiles/project.dir/Drivers/max7219.c.obj
LOAD CMakeFiles/project.dir/Drivers/mpu6050.c.obj
LOAD CMakeFiles/project.dir/Physics/motion.c.obj
LOAD CMakeFiles/project.dir/Physics/particles.c.obj
LOAD CMakeFiles/project.dir/App/app.c.obj
LOAD CMakeFiles/project.dir/App/menu.c.obj
LOAD CMakeFiles/project.dir/App/settings.c.obj
LOAD CMakeFiles/project.dir/App/ui.c.obj
LOAD C:/msys64/ucrt64/bin/../lib/gcc/arm-none-eabi/13.3.0/../../../../arm-none-eabi/lib/thumb/v6-m/nofp\libm.a
START GROUP
LOAD C:/msys64/ucrt64/bin/../lib/gcc/arm-none-eabi/13.3.0/thumb/v6-m/nofp\libgcc.a
LOAD C:/msys64/ucrt64/bin/../lib/gcc/arm-none-eabi/13.3.0/../../../../arm-none-eabi/lib/thumb/v6-m/nofp\libg_nano.a
LOAD C:/msys64/ucrt64/bin/../lib/gcc/arm-none-eabi/13.3.0/../../../../arm-none-eabi/lib/thumb/v6-m/nofp\libc_nano.a
END GROUP
START GROUP
LOAD C:/msys64/ucrt64/bin/../lib/gcc/arm-none-eabi/13.3.0/thumb/v6-m/nofp\libgcc.a
LOAD C:/msys64/ucrt64/bin/../lib/gcc/arm-none-eabi/13.3.0/../../../../arm-none-eabi/lib/thumb/v6-m/nofp\libc_nano.a
END GROUP
LOAD C:/msys64/ucrt64/bin/../lib/gcc/arm-none-eabi/13.3.0/thumb/v6-m/nofp/crtend.o
LOAD C:/msys64/ucrt64/bin/../lib/gcc/arm-none-eabi/13.3.0/thumb/v6-m/nofp/crtn.o
                0x20002000                        _estack = (ORIGIN (RAM) + LENGTH (RAM))
                0x20001c00                        _sstack = (_estack - _Min_Stack_Size)
                0x00000200                        _Min_Heap_Size = 0x200
                0x00000400                        _Min_Stack_Size = 0x400

.isr_vector     0x08000000       0xc0
                0x08000000                        . = ALIGN (0x4)
 *(.isr_vector)
 .isr_vector    0x08000000       0xc0 CMakeFiles/project.dir/startup_stm32f030x8.s.obj
                0x08000000                g_pfnVectors
                0x080000c0                        . = ALIGN (0x4)

.text           0x080000c0     0x7408
                0x080000c0                        . = ALIGN (0x4)
 *(.text)
 .text          0x080000c0       0x8c C:/msys64/ucrt64/bin/../lib/gcc/arm-none-eabi/13.3.0/thumb/v6-m/nofp\libgcc.a(_udivsi3.o)
                0x080000c0                __aeabi_uidiv
                0x080000c0                __udivsi3
                0x08000138                __aeabi_uidivmod
 .text          0x0800014c       0xa8 C:/msys64/ucrt64/bin/../lib/gcc/arm-none-eabi/13.3.0/thumb/v6-m/nofp\libgcc.a(_divsi3.o)
                0x0800014c                __divsi3
                0x0800014c                __aeabi_idiv
                0x080001e0                __aeabi_idivmod
 .text          0x080001f4        0x4 C:/msys64/ucrt64/bin/../lib/gcc/arm-none-eabi/13.3.0/thumb/v6-m/nofp\libgcc.a(_dvmd_tls.o)
                0x080001f4                __aeabi_idiv0
                0x080001f4                __aeabi_ldiv0
 .text          0x080001f8       0x74 C:/msys64/ucrt64/bin/../lib/gcc/arm-none-eabi/13.3.0/thumb/v6-m/nofp\libgcc.a(_arm_cmpsf2.o)
                0x080001f8                __aeabi_cfrcmple
                0x08000200                __aeabi_cfcmpeq
                0x08000200                __aeabi_cfcmple
                0x08000210                __aeabi_fcmpeq
                0x0800021c                __aeabi_fcmplt
                0x08000230                __aeabi_fcmple
                0x08000244                __aeabi_fcmpgt
                0x08000258                __aeabi_fcmpge
 .text          0x0800026c       0x40 C:/msys64/ucrt64/bin/../lib/gcc/arm-none-eabi/13.3.0/thumb/v6-m/nofp\libgcc.a(_aeabi_uldivmod.o)
                0x0800026c                __aeabi_uldivmod
 .text          0x080002ac       0x14 C:/msys64/ucrt64/bin/../lib/gcc/arm-none-eabi/13.3.0/thumb/v6-m/nofp\libgcc.a(_thumb1_case_uqi.o)
                0x080002ac                __gnu_thumb1_case_uqi
 .text          0x080002c0       0x18 C:/msys64/ucrt64/bin/../lib/gcc/arm-none-eabi/13.3.0/thumb/v6-m/nofp\libgcc.a(_lshrdi3.o)
                0x080002c0                __lshrdi3
                0x080002c0                __aeabi_llsr
 .text          0x080002d8       0x18 C:/msys64/ucrt64/bin/../lib/gcc/arm-none-eabi/13.3.0/thumb/v6-m/nofp\libgcc.a(_ashldi3.o)
                0x080002d8                __aeabi_llsl
                0x080002d8                __ashldi3
 .text          0x080002f0       0x3c C:/msys64/ucrt64/bin/../lib/gcc/arm-none-eabi/13.3.0/thumb/v6-m/nofp\libgcc.a(_clzsi2.o)
                0x080002f0                __clzsi2
 .text          0x0800032c       0x18 C:/msys64/ucrt64/bin/../lib/gcc/arm-none-eabi/13.3.0/thumb/v6-m/nofp\libgcc.a(_clzdi2.o)
                0x0800032c                __clzdi2
 .text          0x08000344       0xa8 C:/msys64/ucrt64/bin/../lib/gcc/arm-none-eabi/13.3.0/../../../../arm-none-eabi/lib/thumb/v6-m/nofp\libg_nano.a(libc_a-memset.o)
                0x08000344                memset
 .text          0x080003ec       0x48 C:/msys64/ucrt64/bin/../lib/gcc/arm-none-eabi/13.3.0/../../../../arm-none-eabi/lib/thumb/v6-m/nofp\libg_nano.a(libc_a-init.o)
                0x080003ec                __libc_init_array
 *(.text*)
 .text.__do_global_dtors_aux
                0x08000434       0x28 C:/msys64/ucrt64/bin/../lib/gcc/arm-none-eabi/13.3.0/thumb/v6-m/nofp/crtbegin.o
 .text.frame_dummy
                0x0800045c       0x20 C:/msys64/ucrt64/bin/../lib/gcc/arm-none-eabi/13.3.0/thumb/v6-m/nofp/crtbegin.o
 .text.SystemInit
                0x0800047c        0xa cmake/stm32cubemx/CMakeFiles/STM32_Drivers.dir/__/__/Core/Src/system_stm32f0xx.c.obj
                0x0800047c                SystemInit
 *fill*         0x08000486        0x2 
 .text.HAL_I2C_Init
                0x08000488      0x14c cmake/stm32cubemx/CMakeFiles/STM32_Drivers.dir/__/__/Drivers/STM32F0xx_HAL_Driver/Src/stm32f0xx_hal_i2c.c.obj
                0x08000488                HAL_I2C_Init
 .text.HAL_I2C_Mem_Write
                0x080005d4      0x25c cmake/stm32cubemx/CMakeFiles/STM32_Drivers.dir/__/__/Drivers/STM32F0xx_HAL_Driver/Src/stm32f0xx_hal_i2c.c.obj
                0x080005d4                HAL_I2C_Mem_Write
 .text.HAL_I2C_Mem_Read
                0x08000830      0x268 cmake/stm32cubemx/CMakeFiles/STM32_Drivers.dir/__/__/Drivers/STM32F0xx_HAL_Driver/Src/stm32f0xx_hal_i2c.c.obj
                0x08000830                HAL_I2C_Mem_Read
 .text.I2C_RequestMemoryWrite
                0x08000a98       0xc8 cmake/stm32cubemx/CMakeFiles/STM32_Drivers.dir/__/__/Drivers/STM32F0xx_HAL_Driver/Src/stm32f0xx_hal_i2c.c.obj
 .text.I2C_RequestMemoryRead
                0x08000b60       0xc4 cmake/stm32cubemx/CMakeFiles/STM32_Drivers.dir/__/__/Drivers/STM32F0xx_HAL_Driver/Src/stm32f0xx_hal_i2c.c.obj
 .text.I2C_Flush_TXDR
                0x08000c24       0x44 cmake/stm32cubemx/CMakeFiles/STM32_Drivers.dir/__/__/Drivers/STM32F0xx_HAL_Driver/Src/stm32f0xx_hal_i2c.c.obj
 .text.I2C_WaitOnFlagUntilTimeout
                0x08000c68       0xb0 cmake/stm32cubemx/CMakeFiles/STM32_Drivers.dir/__/__/Drivers/STM32F0xx_HAL_Driver/Src/stm32f0xx_hal_i2c.c.obj
 .text.I2C_WaitOnTXISFlagUntilTimeout
                0x08000d18       0x8c cmake/stm32cubemx/CMakeFiles/STM32_Drivers.dir/__/__/Drivers/STM32F0xx_HAL_Driver/Src/stm32f0xx_hal_i2c.c.obj
 .text.I2C_WaitOnSTOPFlagUntilTimeout
                0x08000da4       0x86 cmake/stm32cubemx/CMakeFiles/STM32_Drivers.dir/__/__/Drivers/STM32F0xx_HAL_Driver/Src/stm32f0xx_hal_i2c.c.obj
 *fill*         0x08000e2a        0x2 
 .text.I2C_IsErrorOccurred
                0x08000e2c      0x1f0 cmake/stm32cubemx/CMakeFiles/STM32_Drivers.dir/__/__/Drivers/STM32F0xx_HAL_Driver/Src/stm32f0xx_hal_i2c.c.obj
 .text.I2C_TransferConfig
                0x0800101c       0x74 cmake/stm32cubemx/CMakeFiles/STM32_Drivers.dir/__/__/Drivers/STM32F0xx_HAL_Driver/Src/stm32f0xx_hal_i2c.c.obj
 .text.HAL_I2CEx_ConfigAnalogFilter
                0x08001090       0x98 cmake/stm32cubemx/CMakeFiles/STM32_Drivers.dir/__/__/Drivers/STM32F0xx_HAL_Driver/Src/stm32f0xx_hal_i2c_ex.c.obj
                0x08001090                HAL_I2CEx_ConfigAnalogFilter
 .text.HAL_I2CEx_ConfigDigitalFilter
                0x08001128       0x98 cmake/stm32cubemx/CMakeFiles/STM32_Drivers.dir/__/__/Drivers/STM32F0xx_HAL_Driver/Src/stm32f0xx_hal_i2c_ex.c.obj
                0x08001128                HAL_I2CEx_ConfigDigitalFilter
 .text.HAL_RCC_OscConfig
                0x080011c0      0x634 cmake/stm32cubemx/CMakeFiles/STM32_Drivers.dir/__/__/Drivers/STM32F0xx_HAL_Driver/Src/stm32f0xx_hal_rcc.c.obj
                0x080011c0                HAL_RCC_OscConfig
 .text.HAL_RCC_ClockConfig
                0x080017f4      0x19c cmake/stm32cubemx/CMakeFiles/STM32_Drivers.dir/__/__/Drivers/STM32F0xx_HAL_Driver/Src/stm32f0xx_hal_rcc.c.obj
                0x080017f4                HAL_RCC_ClockConfig
 .text.HAL_RCC_GetSysClockFreq
                0x08001990       0xac cmake/stm32cubemx/CMakeFiles/STM32_Drivers.dir/__/__/Drivers/STM32F0xx_HAL_Driver/Src/stm32f0xx_hal_rcc.c.obj
                0x08001990                HAL_RCC_GetSysClockFreq
 .text.HAL_RCC_GetHCLKFreq
                0x08001a3c       0x14 cmake/stm32cubemx/CMakeFiles/STM32_Drivers.dir/__/__/Drivers/STM32F0xx_HAL_Driver/Src/stm32f0xx_hal_rcc.c.obj
                0x08001a3c                HAL_RCC_GetHCLKFreq
 .text.HAL_RCC_GetPCLK1Freq
                0x08001a50       0x2c cmake/stm32cubemx/CMakeFiles/STM32_Drivers.dir/__/__/Drivers/STM32F0xx_HAL_Driver/Src/stm32f0xx_hal_rcc.c.obj
                0x08001a50                HAL_RCC_GetPCLK1Freq
 .text.HAL_RCC_GetClockConfig
                0x08001a7c       0x54 cmake/stm32cubemx/CMakeFiles/STM32_Drivers.dir/__/__/Drivers/STM32F0xx_HAL_Driver/Src/stm32f0xx_hal_rcc.c.obj
                0x08001a7c                HAL_RCC_GetClockConfig
 .text.HAL_RCCEx_PeriphCLKConfig
                0x08001ad0      0x19c cmake/stm32cubemx/CMakeFiles/STM32_Drivers.dir/__/__/Drivers/STM32F0xx_HAL_Driver/Src/stm32f0xx_hal_rcc_ex.c.obj
                0x08001ad0                HAL_RCCEx_PeriphCLKConfig
 .text.HAL_Init
                0x08001c6c       0x28 cmake/stm32cubemx/CMakeFiles/STM32_Drivers.dir/__/__/Drivers/STM32F0xx_HAL_Driver/Src/stm32f0xx_hal.c.obj
                0x08001c6c                HAL_Init
 .text.HAL_InitTick
                0x08001c94       0x68 cmake/stm32cubemx/CMakeFiles/STM32_Drivers.dir/__/__/Drivers/STM32F0xx_HAL_Driver/Src/stm32f0xx_hal.c.obj
                0x08001c94                HAL_InitTick
 .text.HAL_IncTick
                0x08001cfc       0x24 cmake/stm32cubemx/CMakeFiles/STM32_Drivers.dir/__/__/Drivers/STM32F0xx_HAL_Driver/Src/stm32f0xx_hal.c.obj
                0x08001cfc                HAL_IncTick
 .text.HAL_GetTick
                0x08001d20       0x14 cmake/stm32cubemx/CMakeFiles/STM32_Drivers.dir/__/__/Drivers/STM32F0xx_HAL_Driver/Src/stm32f0xx_hal.c.obj
                0x08001d20                HAL_GetTick
 .text.HAL_GPIO_Init
                0x08001d34      0x2e0 cmake/stm32cubemx/CMakeFiles/STM32_Drivers.dir/__/__/Drivers/STM32F0xx_HAL_Driver/Src/stm32f0xx_hal_gpio.c.obj
                0x08001d34                HAL_GPIO_Init
 .text.HAL_GPIO_ReadPin
                0x08002014       0x3a cmake/stm32cubemx/CMakeFiles/STM32_Drivers.dir/__/__/Drivers/STM32F0xx_HAL_Driver/Src/stm32f0xx_hal_gpio.c.obj
                0x08002014                HAL_GPIO_ReadPin
 .text.HAL_GPIO_WritePin
                0x0800204e       0x3a cmake/stm32cubemx/CMakeFiles/STM32_Drivers.dir/__/__/Drivers/STM32F0xx_HAL_Driver/Src/stm32f0xx_hal_gpio.c.obj
                0x0800204e                HAL_GPIO_WritePin
 .text.__NVIC_SetPriority
                0x08002088       0xdc cmake/stm32cubemx/CMakeFiles/STM32_Drivers.dir/__/__/Drivers/STM32F0xx_HAL_Driver/Src/stm32f0xx_hal_cortex.c.obj
 .text.SysTick_Config
                0x08002164       0x48 cmake/stm32cubemx/CMakeFiles/STM32_Drivers.dir/__/__/Drivers/STM32F0xx_HAL_Driver/Src/stm32f0xx_hal_cortex.c.obj
 .text.HAL_NVIC_SetPriority
                0x080021ac       0x2a cmake/stm32cubemx/CMakeFiles/STM32_Drivers.dir/__/__/Drivers/STM32F0xx_HAL_Driver/Src/stm32f0xx_hal_cortex.c.obj
                0x080021ac                HAL_NVIC_SetPriority
 .text.HAL_SYSTICK_Config
                0x080021d6       0x1a cmake/stm32cubemx/CMakeFiles/STM32_Drivers.dir/__/__/Drivers/STM32F0xx_HAL_Driver/Src/stm32f0xx_hal_cortex.c.obj
                0x080021d6                HAL_SYSTICK_Config
 .text.HAL_SPI_Init
                0x080021f0      0x170 cmake/stm32cubemx/CMakeFiles/STM32_Drivers.dir/__/__/Drivers/STM32F0xx_HAL_Driver/Src/stm32f0xx_hal_spi.c.obj
                0x080021f0                HAL_SPI_Init
 .text.HAL_SPI_Transmit
                0x08002360      0x2be cmake/stm32cubemx/CMakeFiles/STM32_Drivers.dir/__/__/Drivers/STM32F0xx_HAL_Driver/Src/stm32f0xx_hal_spi.c.obj
                0x08002360                HAL_SPI_Transmit
 *fill*         0x0800261e        0x2 
 .text.SPI_WaitFlagStateUntilTimeout
                0x08002620      0x11c cmake/stm32cubemx/CMakeFiles/STM32_Drivers.dir/__/__/Drivers/STM32F0xx_HAL_Driver/Src/stm32f0xx_hal_spi.c.obj
 .text.SPI_WaitFifoStateUntilTimeout
                0x0800273c      0x144 cmake/stm32cubemx/CMakeFiles/STM32_Drivers.dir/__/__/Drivers/STM32F0xx_HAL_Driver/Src/stm32f0xx_hal_spi.c.obj
 .text.SPI_EndRxTxTransaction
                0x08002880       0x8c cmake/stm32cubemx/CMakeFiles/STM32_Drivers.dir/__/__/Drivers/STM32F0xx_HAL_Driver/Src/stm32f0xx_hal_spi.c.obj
 .text.HAL_TIM_PWM_Init
                0x0800290c       0xa0 cmake/stm32cubemx/CMakeFiles/STM32_Drivers.dir/__/__/Drivers/STM32F0xx_HAL_Driver/Src/stm32f0xx_hal_tim.c.obj
                0x0800290c                HAL_TIM_PWM_Init
 .text.HAL_TIM_PWM_Start
                0x080029ac      0x164 cmake/stm32cubemx/CMakeFiles/STM32_Drivers.dir/__/__/Drivers/STM32F0xx_HAL_Driver/Src/stm32f0xx_hal_tim.c.obj
                0x080029ac                HAL_TIM_PWM_Start
 .text.HAL_TIM_PWM_Stop
                0x08002b10       0xf8 cmake/stm32cubemx/CMakeFiles/STM32_Drivers.dir/__/__/Drivers/STM32F0xx_HAL_Driver/Src/stm32f0xx_hal_tim.c.obj
                0x08002b10                HAL_TIM_PWM_Stop
 .text.HAL_TIM_PWM_ConfigChannel
                0x08002c08      0x18c cmake/stm32cubemx/CMakeFiles/STM32_Drivers.dir/__/__/Drivers/STM32F0xx_HAL_Driver/Src/stm32f0xx_hal_tim.c.obj
                0x08002c08                HAL_TIM_PWM_ConfigChannel
 .text.HAL_TIM_GenerateEvent
                0x08002d94       0x4a cmake/stm32cubemx/CMakeFiles/STM32_Drivers.dir/__/__/Drivers/STM32F0xx_HAL_Driver/Src/stm32f0xx_hal_tim.c.obj
                0x08002d94                HAL_TIM_GenerateEvent
 *fill*         0x08002dde        0x2 
 .text.TIM_Base_SetConfig
                0x08002de0      0x108 cmake/stm32cubemx/CMakeFiles/STM32_Drivers.dir/__/__/Drivers/STM32F0xx_HAL_Driver/Src/stm32f0xx_hal_tim.c.obj
                0x08002de0                TIM_Base_SetConfig
 .text.TIM_OC1_SetConfig
                0x08002ee8      0x110 cmake/stm32cubemx/CMakeFiles/STM32_Drivers.dir/__/__/Drivers/STM32F0xx_HAL_Driver/Src/stm32f0xx_hal_tim.c.obj
 .text.TIM_OC2_SetConfig
                0x08002ff8      0x108 cmake/stm32cubemx/CMakeFiles/STM32_Drivers.dir/__/__/Drivers/STM32F0xx_HAL_Driver/Src/stm32f0xx_hal_tim.c.obj
                0x08002ff8                TIM_OC2_SetConfig
 .text.TIM_OC3_SetConfig
                0x08003100      0x10c cmake/stm32cubemx/CMakeFiles/STM32_Drivers.dir/__/__/Drivers/STM32F0xx_HAL_Driver/Src/stm32f0xx_hal_tim.c.obj
 .text.TIM_OC4_SetConfig
                0x0800320c       0xd4 cmake/stm32cubemx/CMakeFiles/STM32_Drivers.dir/__/__/Drivers/STM32F0xx_HAL_Driver/Src/stm32f0xx_hal_tim.c.obj
 .text.TIM_CCxChannelCmd
                0x080032e0       0x46 cmake/stm32cubemx/CMakeFiles/STM32_Drivers.dir/__/__/Drivers/STM32F0xx_HAL_Driver/Src/stm32f0xx_hal_tim.c.obj
                0x080032e0                TIM_CCxChannelCmd
 *fill*         0x08003326        0x2 
 .text.HAL_TIMEx_MasterConfigSynchronization
                0x08003328       0xb0 cmake/stm32cubemx/CMakeFiles/STM32_Drivers.dir/__/__/Drivers/STM32F0xx_HAL_Driver/Src/stm32f0xx_hal_tim_ex.c.obj
                0x08003328                HAL_TIMEx_MasterConfigSynchronization
 .text.main     0x080033d8       0x7a CMakeFiles/project.dir/Core/Src/main.c.obj
                0x080033d8                main
 .text.SystemClock_Config
                0x08003452       0xca CMakeFiles/project.dir/Core/Src/main.c.obj
                0x08003452                SystemClock_Config
 .text.Error_Handler
                0x0800351c        0xc CMakeFiles/project.dir/Core/Src/main.c.obj
                0x0800351c                Error_Handler
 .text.MX_GPIO_Init
                0x08003528       0xcc CMakeFiles/project.dir/Core/Src/gpio.c.obj
                0x08003528                MX_GPIO_Init
 .text.MX_I2C1_Init
                0x080035f4       0x80 CMakeFiles/project.dir/Core/Src/i2c.c.obj
                0x080035f4                MX_I2C1_Init
 .text.HAL_I2C_MspInit
                0x08003674       0x9c CMakeFiles/project.dir/Core/Src/i2c.c.obj
                0x08003674                HAL_I2C_MspInit
 .text.MX_SPI1_Init
                0x08003710       0x80 CMakeFiles/project.dir/Core/Src/spi.c.obj
                0x08003710                MX_SPI1_Init
 .text.HAL_SPI_MspInit
                0x08003790       0x98 CMakeFiles/project.dir/Core/Src/spi.c.obj
                0x08003790                HAL_SPI_MspInit
 .text.MX_TIM3_Init
                0x08003828       0xc4 CMakeFiles/project.dir/Core/Src/tim.c.obj
                0x08003828                MX_TIM3_Init
 .text.HAL_TIM_PWM_MspInit
                0x080038ec       0x3c CMakeFiles/project.dir/Core/Src/tim.c.obj
                0x080038ec                HAL_TIM_PWM_MspInit
 .text.HAL_TIM_MspPostInit
                0x08003928       0x80 CMakeFiles/project.dir/Core/Src/tim.c.obj
                0x08003928                HAL_TIM_MspPostInit
 .text.NMI_Handler
                0x080039a8        0x8 CMakeFiles/project.dir/Core/Src/stm32f0xx_it.c.obj
                0x080039a8                NMI_Handler
 .text.HardFault_Handler
                0x080039b0        0x8 CMakeFiles/project.dir/Core/Src/stm32f0xx_it.c.obj
                0x080039b0                HardFault_Handler
 .text.SVC_Handler
                0x080039b8        0xa CMakeFiles/project.dir/Core/Src/stm32f0xx_it.c.obj
                0x080039b8                SVC_Handler
 .text.PendSV_Handler
                0x080039c2        0xa CMakeFiles/project.dir/Core/Src/stm32f0xx_it.c.obj
                0x080039c2                PendSV_Handler
 .text.SysTick_Handler
                0x080039cc        0xe CMakeFiles/project.dir/Core/Src/stm32f0xx_it.c.obj
                0x080039cc                SysTick_Handler
 *fill*         0x080039da        0x2 
 .text.HAL_MspInit
                0x080039dc       0x48 CMakeFiles/project.dir/Core/Src/stm32f0xx_hal_msp.c.obj
                0x080039dc                HAL_MspInit
 .text.Reset_Handler
                0x08003a24       0x50 CMakeFiles/project.dir/startup_stm32f030x8.s.obj
                0x08003a24                Reset_Handler
 .text.Default_Handler
                0x08003a74        0x2 CMakeFiles/project.dir/startup_stm32f030x8.s.obj
                0x08003a74                TIM1_CC_IRQHandler
                0x08003a74                TIM6_IRQHandler
                0x08003a74                I2C1_IRQHandler
                0x08003a74                SPI1_IRQHandler
                0x08003a74                EXTI2_3_IRQHandler
                0x08003a74                ADC1_IRQHandler
                0x08003a74                I2C2_IRQHandler
                0x08003a74                TIM17_IRQHandler
                0x08003a74                RTC_IRQHandler
                0x08003a74                TIM16_IRQHandler
                0x08003a74                TIM3_IRQHandler
                0x08003a74                EXTI4_15_IRQHandler
                0x08003a74                RCC_IRQHandler
                0x08003a74                DMA1_Channel1_IRQHandler
                0x08003a74                Default_Handler
                0x08003a74                TIM14_IRQHandler
                0x08003a74                DMA1_Channel4_5_IRQHandler
                0x08003a74                TIM15_IRQHandler
                0x08003a74                EXTI0_1_IRQHandler
                0x08003a74                SPI2_IRQHandler
                0x08003a74                WWDG_IRQHandler
                0x08003a74                DMA1_Channel2_3_IRQHandler
                0x08003a74                USART2_IRQHandler
                0x08003a74                FLASH_IRQHandler
                0x08003a74                USART1_IRQHandler
                0x08003a74                TIM1_BRK_UP_TRG_COM_IRQHandler
 *fill*         0x08003a76        0x2 
 .text.Ocean_Init
                0x08003a78       0x8c CMakeFiles/project.dir/App/ocean.c.obj
                0x08003a78                Ocean_Init
 .text.Ocean_Resume
                0x08003b04       0x1c CMakeFiles/project.dir/App/ocean.c.obj
                0x08003b04                Ocean_Resume
 .text.Ocean_Update
                0x08003b20       0x60 CMakeFiles/project.dir/App/ocean.c.obj
                0x08003b20                Ocean_Update
 .text.Ocean_Render
                0x08003b80       0x60 CMakeFiles/project.dir/App/ocean.c.obj
                0x08003b80                Ocean_Render
 .text.open_cell
                0x08003be0       0x54 CMakeFiles/project.dir/App/hourglass.c.obj
 .text.neck_gate
                0x08003c34       0xe4 CMakeFiles/project.dir/App/hourglass.c.obj
 .text.fill_upper_chamber
                0x08003d18       0xf8 CMakeFiles/project.dir/App/hourglass.c.obj
 .text.integrate_flow
                0x08003e10      0x198 CMakeFiles/project.dir/App/hourglass.c.obj
 .text.Hourglass_Init
                0x08003fa8      0x108 CMakeFiles/project.dir/App/hourglass.c.obj
                0x08003fa8                Hourglass_Init
 .text.Hourglass_Resume
                0x080040b0       0x1c CMakeFiles/project.dir/App/hourglass.c.obj
                0x080040b0                Hourglass_Resume
 .text.Hourglass_SetGrainIntervalMs
                0x080040cc       0x88 CMakeFiles/project.dir/App/hourglass.c.obj
                0x080040cc                Hourglass_SetGrainIntervalMs
 .text.Hourglass_Update
                0x08004154      0x228 CMakeFiles/project.dir/App/hourglass.c.obj
                0x08004154                Hourglass_Update
 .text.Hourglass_Render
                0x0800437c       0xd8 CMakeFiles/project.dir/App/hourglass.c.obj
                0x0800437c                Hourglass_Render
 .text.Hourglass_TakeCompletionEvent
                0x08004454       0x24 CMakeFiles/project.dir/App/hourglass.c.obj
                0x08004454                Hourglass_TakeCompletionEvent
 .text.read_button
                0x08004478       0x46 CMakeFiles/project.dir/Drivers/buttons.c.obj
 .text.short_event
                0x080044be       0x22 CMakeFiles/project.dir/Drivers/buttons.c.obj
 .text.long_event
                0x080044e0       0x22 CMakeFiles/project.dir/Drivers/buttons.c.obj
 *fill*         0x08004502        0x2 
 .text.Buttons_Init
                0x08004504       0xcc CMakeFiles/project.dir/Drivers/buttons.c.obj
                0x08004504                Buttons_Init
 .text.Buttons_Update
                0x080045d0      0x13c CMakeFiles/project.dir/Drivers/buttons.c.obj
                0x080045d0                Buttons_Update
 .text.Buttons_TakeEvents
                0x0800470c       0x24 CMakeFiles/project.dir/Drivers/buttons.c.obj
                0x0800470c                Buttons_TakeEvents
 .text.Buzzer_Stop
                0x08004730       0x2c CMakeFiles/project.dir/Drivers/buzzer.c.obj
                0x08004730                Buzzer_Stop
 .text.play_tone
                0x0800475c       0xa4 CMakeFiles/project.dir/Drivers/buzzer.c.obj
 .text.Buzzer_Init
                0x08004800       0x74 CMakeFiles/project.dir/Drivers/buzzer.c.obj
                0x08004800                Buzzer_Init
 .text.Buzzer_StartAlarm
                0x08004874       0x4c CMakeFiles/project.dir/Drivers/buzzer.c.obj
                0x08004874                Buzzer_StartAlarm
 .text.Buzzer_Update
                0x080048c0       0xb4 CMakeFiles/project.dir/Drivers/buzzer.c.obj
                0x080048c0                Buzzer_Update
 .text.map_pixel
                0x08004974      0x114 CMakeFiles/project.dir/Drivers/display.c.obj
 .text.Display_Init
                0x08004a88       0x24 CMakeFiles/project.dir/Drivers/display.c.obj
                0x08004a88                Display_Init
 .text.Display_SetBrightness
                0x08004aac       0x44 CMakeFiles/project.dir/Drivers/display.c.obj
                0x08004aac                Display_SetBrightness
 .text.Display_Clear
                0x08004af0       0x3c CMakeFiles/project.dir/Drivers/display.c.obj
                0x08004af0                Display_Clear
 .text.Display_SetPixel
                0x08004b2c       0x94 CMakeFiles/project.dir/Drivers/display.c.obj
                0x08004b2c                Display_SetPixel
 .text.Display_GetPixel
                0x08004bc0       0x54 CMakeFiles/project.dir/Drivers/display.c.obj
                0x08004bc0                Display_GetPixel
 .text.Display_Update
                0x08004c14      0x180 CMakeFiles/project.dir/Drivers/display.c.obj
                0x08004c14                Display_Update
 .text.Max7219_WriteRegister
                0x08004d94       0x68 CMakeFiles/project.dir/Drivers/max7219.c.obj
                0x08004d94                Max7219_WriteRegister
 .text.Max7219_SetIntensity
                0x08004dfc       0x3e CMakeFiles/project.dir/Drivers/max7219.c.obj
                0x08004dfc                Max7219_SetIntensity
 .text.Max7219_Init
                0x08004e3a       0xb8 CMakeFiles/project.dir/Drivers/max7219.c.obj
                0x08004e3a                Max7219_Init
 *fill*         0x08004ef2        0x2 
 .text.read_registers
                0x08004ef4       0x48 CMakeFiles/project.dir/Drivers/mpu6050.c.obj
 .text.write_register
                0x08004f3c       0x44 CMakeFiles/project.dir/Drivers/mpu6050.c.obj
 .text.fail     0x08004f80       0x40 CMakeFiles/project.dir/Drivers/mpu6050.c.obj
 .text.signed_be16
                0x08004fc0       0x32 CMakeFiles/project.dir/Drivers/mpu6050.c.obj
 *fill*         0x08004ff2        0x2 
 .text.Mpu6050_Init
                0x08004ff4       0x74 CMakeFiles/project.dir/Drivers/mpu6050.c.obj
                0x08004ff4                Mpu6050_Init
 .text.Mpu6050_Update
                0x08005068      0x2a8 CMakeFiles/project.dir/Drivers/mpu6050.c.obj
                0x08005068                Mpu6050_Update
 .text.Mpu6050_GetStatus
                0x08005310       0x14 CMakeFiles/project.dir/Drivers/mpu6050.c.obj
                0x08005310                Mpu6050_GetStatus
 .text.Mpu6050_GetSample
                0x08005324       0x58 CMakeFiles/project.dir/Drivers/mpu6050.c.obj
                0x08005324                Mpu6050_GetSample
 .text.integer_sqrt
                0x0800537c       0x64 CMakeFiles/project.dir/Physics/motion.c.obj
 .text.Motion_Init
                0x080053e0       0x80 CMakeFiles/project.dir/Physics/motion.c.obj
                0x080053e0                Motion_Init
 .text.Motion_Update
                0x08005460      0x284 CMakeFiles/project.dir/Physics/motion.c.obj
                0x08005460                Motion_Update
 .text.Motion_IsValid
                0x080056e4       0x14 CMakeFiles/project.dir/Physics/motion.c.obj
                0x080056e4                Motion_IsValid
 .text.Motion_GetDisplayGravity
                0x080056f8       0x1c CMakeFiles/project.dir/Physics/motion.c.obj
                0x080056f8                Motion_GetDisplayGravity
 .text.Motion_GetShakeStrength
                0x08005714       0x24 CMakeFiles/project.dir/Physics/motion.c.obj
                0x08005714                Motion_GetShakeStrength
 .text.random_next
                0x08005738       0x40 CMakeFiles/project.dir/Physics/particles.c.obj
 .text.inside   0x08005778       0x38 CMakeFiles/project.dir/Physics/particles.c.obj
 .text.solid    0x080057b0       0x58 CMakeFiles/project.dir/Physics/particles.c.obj
 .text.try_move
                0x08005808      0x15a CMakeFiles/project.dir/Physics/particles.c.obj
 *fill*         0x08005962        0x2 
 .text.gravity_q8
                0x08005964       0x60 CMakeFiles/project.dir/Physics/particles.c.obj
 .text.Particles_Init
                0x080059c4       0x94 CMakeFiles/project.dir/Physics/particles.c.obj
                0x080059c4                Particles_Init
 .text.Particles_SetMoveGate
                0x08005a58       0x24 CMakeFiles/project.dir/Physics/particles.c.obj
                0x08005a58                Particles_SetMoveGate
 .text.Particles_Add
                0x08005a7c       0xa4 CMakeFiles/project.dir/Physics/particles.c.obj
                0x08005a7c                Particles_Add
 .text.Particles_GetPixel
                0x08005b20       0x4e CMakeFiles/project.dir/Physics/particles.c.obj
                0x08005b20                Particles_GetPixel
 *fill*         0x08005b6e        0x2 
 .text.Particles_Step
                0x08005b70      0x434 CMakeFiles/project.dir/Physics/particles.c.obj
                0x08005b70                Particles_Step
 .text.enter_mode
                0x08005fa4       0x6c CMakeFiles/project.dir/App/app.c.obj
 .text.sensor_error
                0x08006010       0x2e CMakeFiles/project.dir/App/app.c.obj
 *fill*         0x0800603e        0x2 
 .text.render   0x08006040       0x9c CMakeFiles/project.dir/App/app.c.obj
 .text.App_Init
                0x080060dc       0x64 CMakeFiles/project.dir/App/app.c.obj
                0x080060dc                App_Init
 .text.App_Update
                0x08006140      0x1b0 CMakeFiles/project.dir/App/app.c.obj
                0x08006140                App_Update
 .text.Menu_Select
                0x080062f0       0x28 CMakeFiles/project.dir/App/menu.c.obj
                0x080062f0                Menu_Select
 .text.Menu_GetSelection
                0x08006318       0x14 CMakeFiles/project.dir/App/menu.c.obj
                0x08006318                Menu_GetSelection
 .text.Menu_HandleEvents
                0x0800632c       0x60 CMakeFiles/project.dir/App/menu.c.obj
                0x0800632c                Menu_HandleEvents
 .text.Menu_Render
                0x0800638c       0x68 CMakeFiles/project.dir/App/menu.c.obj
                0x0800638c                Menu_Render
 .text.Settings_Init
                0x080063f4       0x24 CMakeFiles/project.dir/App/settings.c.obj
                0x080063f4                Settings_Init
 .text.Settings_GetGrainIntervalMs
                0x08006418       0x14 CMakeFiles/project.dir/App/settings.c.obj
                0x08006418                Settings_GetGrainIntervalMs
 .text.Settings_GetDurationSec
                0x0800642c       0x2c CMakeFiles/project.dir/App/settings.c.obj
                0x0800642c                Settings_GetDurationSec
 .text.Settings_GetBrightness
                0x08006458       0x14 CMakeFiles/project.dir/App/settings.c.obj
                0x08006458                Settings_GetBrightness
 .text.Settings_AdjustTime
                0x0800646c       0x70 CMakeFiles/project.dir/App/settings.c.obj
                0x0800646c                Settings_AdjustTime
 .text.Settings_AdjustBrightness
                0x080064dc       0x58 CMakeFiles/project.dir/App/settings.c.obj
                0x080064dc                Settings_AdjustBrightness
 .text.Ui_DrawDigit
                0x08006534       0xc4 CMakeFiles/project.dir/App/ui.c.obj
                0x08006534                Ui_DrawDigit
 .text.Ui_DrawIcon
                0x080065f8       0xb4 CMakeFiles/project.dir/App/ui.c.obj
                0x080065f8                Ui_DrawIcon
 .text.draw_pair
                0x080066ac       0x52 CMakeFiles/project.dir/App/ui.c.obj
 .text.Ui_RenderTime
                0x080066fe       0x60 CMakeFiles/project.dir/App/ui.c.obj
                0x080066fe                Ui_RenderTime
 .text.Ui_RenderBrightness
                0x0800675e       0x2e CMakeFiles/project.dir/App/ui.c.obj
                0x0800675e                Ui_RenderBrightness
 .text.Ui_RenderError
                0x0800678c       0x2e CMakeFiles/project.dir/App/ui.c.obj
                0x0800678c                Ui_RenderError
 .text.__muldi3
                0x080067ba       0x44 C:/msys64/ucrt64/bin/../lib/gcc/arm-none-eabi/13.3.0/thumb/v6-m/nofp\libgcc.a(_muldi3.o)
                0x080067ba                __muldi3
                0x080067ba                __aeabi_lmul
 .text.__fixunssfsi
                0x080067fe       0x2e C:/msys64/ucrt64/bin/../lib/gcc/arm-none-eabi/13.3.0/thumb/v6-m/nofp\libgcc.a(_fixunssfsi.o)
                0x080067fe                __fixunssfsi
                0x080067fe                __aeabi_f2uiz
 .text.__udivmoddi4
                0x0800682c       0xde C:/msys64/ucrt64/bin/../lib/gcc/arm-none-eabi/13.3.0/thumb/v6-m/nofp\libgcc.a(_udivmoddi4.o)
                0x0800682c                __udivmoddi4
 *fill*         0x0800690a        0x2 
 .text.__aeabi_fadd
                0x0800690c      0x2c0 C:/msys64/ucrt64/bin/../lib/gcc/arm-none-eabi/13.3.0/thumb/v6-m/nofp\libgcc.a(addsf3.o)
                0x0800690c                __aeabi_fadd
 .text.__aeabi_fdiv
                0x08006bcc      0x1b4 C:/msys64/ucrt64/bin/../lib/gcc/arm-none-eabi/13.3.0/thumb/v6-m/nofp\libgcc.a(divsf3.o)
                0x08006bcc                __aeabi_fdiv
 .text.__eqsf2  0x08006d80       0x4a C:/msys64/ucrt64/bin/../lib/gcc/arm-none-eabi/13.3.0/thumb/v6-m/nofp\libgcc.a(eqsf2.o)
                0x08006d80                __eqsf2
                0x08006d80                __nesf2
 .text.__gesf2  0x08006dca       0x7c C:/msys64/ucrt64/bin/../lib/gcc/arm-none-eabi/13.3.0/thumb/v6-m/nofp\libgcc.a(gesf2.o)
                0x08006dca                __gesf2
                0x08006dca                __gtsf2
 .text.__lesf2  0x08006e46       0x7c C:/msys64/ucrt64/bin/../lib/gcc/arm-none-eabi/13.3.0/thumb/v6-m/nofp\libgcc.a(lesf2.o)
                0x08006e46                __ltsf2
                0x08006e46                __lesf2
 *fill*         0x08006ec2        0x2 
 .text.__aeabi_fmul
                0x08006ec4      0x1e8 C:/msys64/ucrt64/bin/../lib/gcc/arm-none-eabi/13.3.0/thumb/v6-m/nofp\libgcc.a(mulsf3.o)
                0x08006ec4                __aeabi_fmul
 .text.__aeabi_fsub
                0x080070ac      0x2d0 C:/msys64/ucrt64/bin/../lib/gcc/arm-none-eabi/13.3.0/thumb/v6-m/nofp\libgcc.a(subsf3.o)
                0x080070ac                __aeabi_fsub
 .text.__aeabi_f2iz
                0x0800737c       0x3c C:/msys64/ucrt64/bin/../lib/gcc/arm-none-eabi/13.3.0/thumb/v6-m/nofp\libgcc.a(fixsfsi.o)
                0x0800737c                __aeabi_f2iz
 .text.__aeabi_i2f
                0x080073b8       0x84 C:/msys64/ucrt64/bin/../lib/gcc/arm-none-eabi/13.3.0/thumb/v6-m/nofp\libgcc.a(floatsisf.o)
                0x080073b8                __aeabi_i2f
 .text.__aeabi_ui2f
                0x0800743c       0x74 C:/msys64/ucrt64/bin/../lib/gcc/arm-none-eabi/13.3.0/thumb/v6-m/nofp\libgcc.a(floatunsisf.o)
                0x0800743c                __aeabi_ui2f
 *(.glue_7)
 .glue_7        0x080074b0        0x0 linker stubs
 *(.glue_7t)
 .glue_7t       0x080074b0        0x0 linker stubs
 *(.eh_frame)
 .eh_frame      0x080074b0        0x0 C:/msys64/ucrt64/bin/../lib/gcc/arm-none-eabi/13.3.0/thumb/v6-m/nofp/crtbegin.o
 *(.init)
 .init          0x080074b0        0x4 C:/msys64/ucrt64/bin/../lib/gcc/arm-none-eabi/13.3.0/thumb/v6-m/nofp/crti.o
                0x080074b0                _init
 .init          0x080074b4        0x8 C:/msys64/ucrt64/bin/../lib/gcc/arm-none-eabi/13.3.0/thumb/v6-m/nofp/crtn.o
 *(.fini)
 .fini          0x080074bc        0x4 C:/msys64/ucrt64/bin/../lib/gcc/arm-none-eabi/13.3.0/thumb/v6-m/nofp/crti.o
                0x080074bc                _fini
 .fini          0x080074c0        0x8 C:/msys64/ucrt64/bin/../lib/gcc/arm-none-eabi/13.3.0/thumb/v6-m/nofp/crtn.o
                0x080074c8                        . = ALIGN (0x4)
                0x080074c8                        _etext = .

.vfp11_veneer   0x080074c8        0x0
 .vfp11_veneer  0x080074c8        0x0 linker stubs

.v4_bx          0x080074c8        0x0
 .v4_bx         0x080074c8        0x0 linker stubs

.iplt           0x080074c8        0x0
 .iplt          0x080074c8        0x0 C:/msys64/ucrt64/bin/../lib/gcc/arm-none-eabi/13.3.0/thumb/v6-m/nofp/crtbegin.o

.rodata         0x080074c8      0x134
                0x080074c8                        . = ALIGN (0x4)
 *(.rodata)
 *(.rodata*)
 .rodata.AHBPrescTable
                0x080074c8       0x10 cmake/stm32cubemx/CMakeFiles/STM32_Drivers.dir/__/__/Core/Src/system_stm32f0xx.c.obj
                0x080074c8                AHBPrescTable
 .rodata.APBPrescTable
                0x080074d8        0x8 cmake/stm32cubemx/CMakeFiles/STM32_Drivers.dir/__/__/Core/Src/system_stm32f0xx.c.obj
                0x080074d8                APBPrescTable
 .rodata.aPLLMULFactorTable.1
                0x080074e0       0x10 cmake/stm32cubemx/CMakeFiles/STM32_Drivers.dir/__/__/Drivers/STM32F0xx_HAL_Driver/Src/stm32f0xx_hal_rcc.c.obj
 .rodata.aPredivFactorTable.0
                0x080074f0       0x10 cmake/stm32cubemx/CMakeFiles/STM32_Drivers.dir/__/__/Drivers/STM32F0xx_HAL_Driver/Src/stm32f0xx_hal_rcc.c.obj
 .rodata.open_rows
                0x08007500       0x10 CMakeFiles/project.dir/App/hourglass.c.obj
 .rodata.alarm_notes
                0x08007510       0x20 CMakeFiles/project.dir/Drivers/buzzer.c.obj
 .rodata.segment_map
                0x08007530       0x10 CMakeFiles/project.dir/Drivers/display.c.obj
 .rodata.digit_map
                0x08007540       0x10 CMakeFiles/project.dir/Drivers/display.c.obj
 .rodata.configuration
                0x08007550        0xe CMakeFiles/project.dir/Drivers/mpu6050.c.obj
 *fill*         0x0800755e        0x2 
 .rodata.Mpu6050_Update
                0x08007560       0x1c CMakeFiles/project.dir/Drivers/mpu6050.c.obj
 .rodata.kick_x.1
                0x0800757c        0x8 CMakeFiles/project.dir/Physics/particles.c.obj
 .rodata.kick_y.0
                0x08007584        0x8 CMakeFiles/project.dir/Physics/particles.c.obj
 .rodata.render
                0x0800758c       0x14 CMakeFiles/project.dir/App/app.c.obj
 .rodata.icons.0
                0x080075a0        0x4 CMakeFiles/project.dir/App/menu.c.obj
 .rodata.digits
                0x080075a4       0x32 CMakeFiles/project.dir/App/ui.c.obj
 *fill*         0x080075d6        0x2 
 .rodata.icons  0x080075d8       0x23 CMakeFiles/project.dir/App/ui.c.obj
                0x080075fc                        . = ALIGN (0x4)
 *fill*         0x080075fb        0x1 

.ARM.extab      0x080075fc        0x0
                0x080075fc                        . = ALIGN (0x4)
 *(.ARM.extab* .gnu.linkonce.armextab.*)
                0x080075fc                        . = ALIGN (0x4)

.ARM            0x080075fc        0x8
                0x080075fc                        . = ALIGN (0x4)
                0x080075fc                        __exidx_start = .
 *(.ARM.exidx*)
 .ARM.exidx.text.__udivmoddi4
                0x080075fc        0x8 C:/msys64/ucrt64/bin/../lib/gcc/arm-none-eabi/13.3.0/thumb/v6-m/nofp\libgcc.a(_udivmoddi4.o)
                0x08007604                        __exidx_end = .
                0x08007604                        . = ALIGN (0x4)

.preinit_array  0x08007604        0x0
                0x08007604                        . = ALIGN (0x4)
                0x08007604                        PROVIDE (__preinit_array_start = .)
 *(.preinit_array*)
                0x08007604                        PROVIDE (__preinit_array_end = .)
                0x08007604                        . = ALIGN (0x4)

.init_array     0x08007604        0x4
                0x08007604                        . = ALIGN (0x4)
                0x08007604                        PROVIDE (__init_array_start = .)
 *(SORT_BY_NAME(.init_array.*))
 *(.init_array*)
 .init_array    0x08007604        0x4 C:/msys64/ucrt64/bin/../lib/gcc/arm-none-eabi/13.3.0/thumb/v6-m/nofp/crtbegin.o
                0x08007608                        PROVIDE (__init_array_end = .)
                0x08007608                        . = ALIGN (0x4)

.fini_array     0x08007608        0x4
                0x08007608                        . = ALIGN (0x4)
                0x08007608                        PROVIDE (__fini_array_start = .)
 *(SORT_BY_NAME(.fini_array.*))
 *(.fini_array*)
 .fini_array    0x08007608        0x4 C:/msys64/ucrt64/bin/../lib/gcc/arm-none-eabi/13.3.0/thumb/v6-m/nofp/crtbegin.o
                0x0800760c                        PROVIDE (__fini_array_end = .)
                0x0800760c                        . = ALIGN (0x4)
                0x0800760c                        _sidata = LOADADDR (.data)

.rel.dyn        0x0800760c        0x0
 .rel.iplt      0x0800760c        0x0 C:/msys64/ucrt64/bin/../lib/gcc/arm-none-eabi/13.3.0/thumb/v6-m/nofp/crtbegin.o

.data           0x20000000        0xc load address 0x0800760c
                0x20000000                        . = ALIGN (0x4)
                0x20000000                        _sdata = .
 *(.data)
 *(.data*)
 .data.SystemCoreClock
                0x20000000        0x4 cmake/stm32cubemx/CMakeFiles/STM32_Drivers.dir/__/__/Core/Src/system_stm32f0xx.c.obj
                0x20000000                SystemCoreClock
 .data.uwTickPrio
                0x20000004        0x4 cmake/stm32cubemx/CMakeFiles/STM32_Drivers.dir/__/__/Drivers/STM32F0xx_HAL_Driver/Src/stm32f0xx_hal.c.obj
                0x20000004                uwTickPrio
 .data.uwTickFreq
                0x20000008        0x1 cmake/stm32cubemx/CMakeFiles/STM32_Drivers.dir/__/__/Drivers/STM32F0xx_HAL_Driver/Src/stm32f0xx_hal.c.obj
                0x20000008                uwTickFreq
 *fill*         0x20000009        0x1 
 .data.grain_interval_ms
                0x2000000a        0x2 CMakeFiles/project.dir/App/hourglass.c.obj
 *(.RamFunc)
 *(.RamFunc*)
                0x2000000c                        . = ALIGN (0x4)

.igot.plt       0x2000000c        0x0 load address 0x08007618
 .igot.plt      0x2000000c        0x0 C:/msys64/ucrt64/bin/../lib/gcc/arm-none-eabi/13.3.0/thumb/v6-m/nofp/crtbegin.o

.tdata          0x2000000c        0x0 load address 0x08007618
 *(.tdata .tdata.* .gnu.linkonce.td.*)
                0x2000000c                        . = ALIGN (0x4)
                0x2000000c                        _edata = .
                [!provide]                        PROVIDE (__data_end = .)
                [!provide]                        PROVIDE (__tdata_end = .)
                [!provide]                        PROVIDE (__tdata_start = ADDR (.tdata))
                [!provide]                        PROVIDE (__tdata_size = (__tdata_end - __tdata_start))
                [!provide]                        PROVIDE (__data_start = ADDR (.data))
                [!provide]                        PROVIDE (__data_size = (__data_end - __data_start))
                [!provide]                        PROVIDE (__tdata_source = LOADADDR (.tdata))
                [!provide]                        PROVIDE (__tdata_source_end = (LOADADDR (.tdata) + SIZEOF (.tdata)))
                [!provide]                        PROVIDE (__tdata_source_size = (__tdata_source_end - __tdata_source))
                [!provide]                        PROVIDE (__data_source = LOADADDR (.data))
                [!provide]                        PROVIDE (__data_source_end = __tdata_source_end)
                [!provide]                        PROVIDE (__data_source_size = (__data_source_end - __data_source))

.tbss           0x2000000c        0x0 load address 0x08007618
                0x2000000c                        _sbss = .
                0x2000000c                        __bss_start__ = _sbss
 *(.tbss .tbss.*)
                0x2000000c                        . = ALIGN (0x4)
                [!provide]                        PROVIDE (__tbss_end = .)
                [!provide]                        PROVIDE (__tbss_start = ADDR (.tbss))
                [!provide]                        PROVIDE (__tbss_size = (__tbss_end - __tbss_start))
                [!provide]                        PROVIDE (__tbss_offset = (ADDR (.tbss) - ADDR (.tdata)))
                [!provide]                        PROVIDE (__tls_base = __tdata_start)
                [!provide]                        PROVIDE (__tls_end = __tbss_end)
                [!provide]                        PROVIDE (__tls_size = (__tls_end - __tls_base))
                [!provide]                        PROVIDE (__tls_align = MAX (ALIGNOF (.tdata), ALIGNOF (.tbss)))
                [!provide]                        PROVIDE (__tls_size_align = (((__tls_size + __tls_align) - 0x1) & ~ ((__tls_align - 0x1))))
                [!provide]                        PROVIDE (__arm32_tls_tcb_offset = MAX (0x8, __tls_align))
                [!provide]                        PROVIDE (__arm64_tls_tcb_offset = MAX (0x10, __tls_align))

.bss            0x2000000c      0x390 load address 0x08007618
 *(.bss)
 *(.bss*)
 .bss.completed.1
                0x2000000c        0x1 C:/msys64/ucrt64/bin/../lib/gcc/arm-none-eabi/13.3.0/thumb/v6-m/nofp/crtbegin.o
 *fill*         0x2000000d        0x3 
 .bss.object.0  0x20000010       0x18 C:/msys64/ucrt64/bin/../lib/gcc/arm-none-eabi/13.3.0/thumb/v6-m/nofp/crtbegin.o
 .bss.uwTick    0x20000028        0x4 cmake/stm32cubemx/CMakeFiles/STM32_Drivers.dir/__/__/Drivers/STM32F0xx_HAL_Driver/Src/stm32f0xx_hal.c.obj
                0x20000028                uwTick
 .bss.hi2c1     0x2000002c       0x54 CMakeFiles/project.dir/Core/Src/i2c.c.obj
                0x2000002c                hi2c1
 .bss.hspi1     0x20000080       0x64 CMakeFiles/project.dir/Core/Src/spi.c.obj
                0x20000080                hspi1
 .bss.htim3     0x200000e4       0x48 CMakeFiles/project.dir/Core/Src/tim.c.obj
                0x200000e4                htim3
 .bss.water     0x2000012c       0xd0 CMakeFiles/project.dir/App/ocean.c.obj
 .bss.last_step_at
                0x200001fc        0x4 CMakeFiles/project.dir/App/ocean.c.obj
 .bss.hourglass_wall_mask
                0x20000200       0x10 CMakeFiles/project.dir/App/hourglass.c.obj
 .bss.sand      0x20000210       0xd0 CMakeFiles/project.dir/App/hourglass.c.obj
 .bss.state     0x200002e0        0xc CMakeFiles/project.dir/App/hourglass.c.obj
 .bss.last_step_at
                0x200002ec        0x4 CMakeFiles/project.dir/App/hourglass.c.obj
 .bss.flow_remainder
                0x200002f0        0x4 CMakeFiles/project.dir/App/hourglass.c.obj
 .bss.last_flow_direction
                0x200002f4        0x4 CMakeFiles/project.dir/App/hourglass.c.obj
 .bss.flow_direction
                0x200002f8        0x4 CMakeFiles/project.dir/App/hourglass.c.obj
 .bss.target_particles_a
                0x200002fc        0x1 CMakeFiles/project.dir/App/hourglass.c.obj
 .bss.completion_pending
                0x200002fd        0x1 CMakeFiles/project.dir/App/hourglass.c.obj
 .bss.round_origin
                0x200002fe        0x1 CMakeFiles/project.dir/App/hourglass.c.obj
 *fill*         0x200002ff        0x1 
 .bss.button_states
                0x20000300       0x18 CMakeFiles/project.dir/Drivers/buttons.c.obj
 .bss.last_scan_at
                0x20000318        0x4 CMakeFiles/project.dir/Drivers/buttons.c.obj
 .bss.pending_events
                0x2000031c        0x1 CMakeFiles/project.dir/Drivers/buttons.c.obj
 *fill*         0x2000031d        0x3 
 .bss.timer_tick_hz
                0x20000320        0x4 CMakeFiles/project.dir/Drivers/buzzer.c.obj
 .bss.note_started_at
                0x20000324        0x4 CMakeFiles/project.dir/Drivers/buzzer.c.obj
 .bss.note_index
                0x20000328        0x1 CMakeFiles/project.dir/Drivers/buzzer.c.obj
 .bss.playing   0x20000329        0x1 CMakeFiles/project.dir/Drivers/buzzer.c.obj
 *fill*         0x2000032a        0x2 
 .bss.framebuffer
                0x2000032c       0x10 CMakeFiles/project.dir/Drivers/display.c.obj
 .bss.brightness
                0x2000033c        0x1 CMakeFiles/project.dir/Drivers/display.c.obj
 .bss.state     0x2000033d        0x1 CMakeFiles/project.dir/Drivers/mpu6050.c.obj
 .bss.status    0x2000033e        0x1 CMakeFiles/project.dir/Drivers/mpu6050.c.obj
 *fill*         0x2000033f        0x1 
 .bss.latest    0x20000340       0x18 CMakeFiles/project.dir/Drivers/mpu6050.c.obj
 .bss.who_am_i  0x20000358        0x1 CMakeFiles/project.dir/Drivers/mpu6050.c.obj
 .bss.config_index
                0x20000359        0x1 CMakeFiles/project.dir/Drivers/mpu6050.c.obj
 *fill*         0x2000035a        0x2 
 .bss.state_since
                0x2000035c        0x4 CMakeFiles/project.dir/Drivers/mpu6050.c.obj
 .bss.last_poll
                0x20000360        0x4 CMakeFiles/project.dir/Drivers/mpu6050.c.obj
 .bss.last_data_at
                0x20000364        0x4 CMakeFiles/project.dir/Drivers/mpu6050.c.obj
 .bss.has_sample
                0x20000368        0x1 CMakeFiles/project.dir/Drivers/mpu6050.c.obj
 *fill*         0x20000369        0x3 
 .bss.filtered_q8
                0x2000036c        0xc CMakeFiles/project.dir/Physics/motion.c.obj
 .bss.first_sample_at
                0x20000378        0x4 CMakeFiles/project.dir/Physics/motion.c.obj
 .bss.last_sequence
                0x2000037c        0x4 CMakeFiles/project.dir/Physics/motion.c.obj
 .bss.filter_initialized
                0x20000380        0x1 CMakeFiles/project.dir/Physics/motion.c.obj
 .bss.valid     0x20000381        0x1 CMakeFiles/project.dir/Physics/motion.c.obj
 *fill*         0x20000382        0x2 
 .bss.gravity   0x20000384        0x8 CMakeFiles/project.dir/Physics/motion.c.obj
 .bss.shake_strength
                0x2000038c        0x1 CMakeFiles/project.dir/Physics/motion.c.obj
 .bss.mode      0x2000038d        0x1 CMakeFiles/project.dir/App/app.c.obj
 *fill*         0x2000038e        0x2 
 .bss.last_display_at
                0x20000390        0x4 CMakeFiles/project.dir/App/app.c.obj
 .bss.selected  0x20000394        0x1 CMakeFiles/project.dir/App/menu.c.obj
 *fill*         0x20000395        0x1 
 .bss.grain_interval_ms
                0x20000396        0x2 CMakeFiles/project.dir/App/settings.c.obj
 .bss.brightness
                0x20000398        0x1 CMakeFiles/project.dir/App/settings.c.obj
 *(COMMON)
                0x2000039c                        . = ALIGN (0x4)
 *fill*         0x20000399        0x3 
                0x2000039c                        _ebss = .
                0x2000039c                        __bss_end__ = _ebss
                [!provide]                        PROVIDE (__bss_end = .)
                [!provide]                        PROVIDE (__non_tls_bss_start = ADDR (.bss))
                [!provide]                        PROVIDE (__bss_start = __tbss_start)
                [!provide]                        PROVIDE (__bss_size = (__bss_end - __bss_start))

._user_heap_stack
                0x2000039c      0x604 load address 0x08007618
                0x200003a0                        . = ALIGN (0x8)
 *fill*         0x2000039c        0x4 
                [!provide]                        PROVIDE (end = .)
                0x200003a0                        PROVIDE (_end = .)
                0x200005a0                        . = (. + _Min_Heap_Size)
 *fill*         0x200003a0      0x200 
                0x200009a0                        . = (. + _Min_Stack_Size)
 *fill*         0x200005a0      0x400 
                0x200009a0                        . = ALIGN (0x8)

/DISCARD/
 libc.a:*(*)
 libm.a:*(*)
 libgcc.a:*(*)
OUTPUT(project.elf elf32-littlearm)
LOAD linker stubs

.ARM.attributes
                0x00000000       0x28
 .ARM.attributes
                0x00000000       0x1e C:/msys64/ucrt64/bin/../lib/gcc/arm-none-eabi/13.3.0/thumb/v6-m/nofp/crti.o
 .ARM.attributes
                0x0000001e       0x2c C:/msys64/ucrt64/bin/../lib/gcc/arm-none-eabi/13.3.0/thumb/v6-m/nofp/crtbegin.o
 .ARM.attributes
                0x0000004a       0x2c cmake/stm32cubemx/CMakeFiles/STM32_Drivers.dir/__/__/Core/Src/system_stm32f0xx.c.obj
 .ARM.attributes
                0x00000076       0x2c cmake/stm32cubemx/CMakeFiles/STM32_Drivers.dir/__/__/Drivers/STM32F0xx_HAL_Driver/Src/stm32f0xx_hal_i2c.c.obj
 .ARM.attributes
                0x000000a2       0x2c cmake/stm32cubemx/CMakeFiles/STM32_Drivers.dir/__/__/Drivers/STM32F0xx_HAL_Driver/Src/stm32f0xx_hal_i2c_ex.c.obj
 .ARM.attributes
                0x000000ce       0x2c cmake/stm32cubemx/CMakeFiles/STM32_Drivers.dir/__/__/Drivers/STM32F0xx_HAL_Driver/Src/stm32f0xx_hal_rcc.c.obj
 .ARM.attributes
                0x000000fa       0x2c cmake/stm32cubemx/CMakeFiles/STM32_Drivers.dir/__/__/Drivers/STM32F0xx_HAL_Driver/Src/stm32f0xx_hal_rcc_ex.c.obj
 .ARM.attributes
                0x00000126       0x2c cmake/stm32cubemx/CMakeFiles/STM32_Drivers.dir/__/__/Drivers/STM32F0xx_HAL_Driver/Src/stm32f0xx_hal.c.obj
 .ARM.attributes
                0x00000152       0x2c cmake/stm32cubemx/CMakeFiles/STM32_Drivers.dir/__/__/Drivers/STM32F0xx_HAL_Driver/Src/stm32f0xx_hal_gpio.c.obj
 .ARM.attributes
                0x0000017e       0x2c cmake/stm32cubemx/CMakeFiles/STM32_Drivers.dir/__/__/Drivers/STM32F0xx_HAL_Driver/Src/stm32f0xx_hal_cortex.c.obj
 .ARM.attributes
                0x000001aa       0x2c cmake/stm32cubemx/CMakeFiles/STM32_Drivers.dir/__/__/Drivers/STM32F0xx_HAL_Driver/Src/stm32f0xx_hal_spi.c.obj
 .ARM.attributes
                0x000001d6       0x2c cmake/stm32cubemx/CMakeFiles/STM32_Drivers.dir/__/__/Drivers/STM32F0xx_HAL_Driver/Src/stm32f0xx_hal_tim.c.obj
 .ARM.attributes
                0x00000202       0x2c cmake/stm32cubemx/CMakeFiles/STM32_Drivers.dir/__/__/Drivers/STM32F0xx_HAL_Driver/Src/stm32f0xx_hal_tim_ex.c.obj
 .ARM.attributes
                0x0000022e       0x2c CMakeFiles/project.dir/Core/Src/main.c.obj
 .ARM.attributes
                0x0000025a       0x2c CMakeFiles/project.dir/Core/Src/gpio.c.obj
 .ARM.attributes
                0x00000286       0x2c CMakeFiles/project.dir/Core/Src/i2c.c.obj
 .ARM.attributes
                0x000002b2       0x2c CMakeFiles/project.dir/Core/Src/spi.c.obj
 .ARM.attributes
                0x000002de       0x2c CMakeFiles/project.dir/Core/Src/tim.c.obj
 .ARM.attributes
                0x0000030a       0x2c CMakeFiles/project.dir/Core/Src/stm32f0xx_it.c.obj
 .ARM.attributes
                0x00000336       0x2c CMakeFiles/project.dir/Core/Src/stm32f0xx_hal_msp.c.obj
 .ARM.attributes
                0x00000362       0x21 CMakeFiles/project.dir/startup_stm32f030x8.s.obj
 .ARM.attributes
                0x00000383       0x2c CMakeFiles/project.dir/App/ocean.c.obj
 .ARM.attributes
                0x000003af       0x2c CMakeFiles/project.dir/App/hourglass.c.obj
 .ARM.attributes
                0x000003db       0x2c CMakeFiles/project.dir/Drivers/buttons.c.obj
 .ARM.attributes
                0x00000407       0x2c CMakeFiles/project.dir/Drivers/buzzer.c.obj
 .ARM.attributes
                0x00000433       0x2c CMakeFiles/project.dir/Drivers/display.c.obj
 .ARM.attributes
                0x0000045f       0x2c CMakeFiles/project.dir/Drivers/max7219.c.obj
 .ARM.attributes
                0x0000048b       0x2c CMakeFiles/project.dir/Drivers/mpu6050.c.obj
 .ARM.attributes
                0x000004b7       0x2c CMakeFiles/project.dir/Physics/motion.c.obj
 .ARM.attributes
                0x000004e3       0x2c CMakeFiles/project.dir/Physics/particles.c.obj
 .ARM.attributes
                0x0000050f       0x2c CMakeFiles/project.dir/App/app.c.obj
 .ARM.attributes
                0x0000053b       0x2c CMakeFiles/project.dir/App/menu.c.obj
 .ARM.attributes
                0x00000567       0x2c CMakeFiles/project.dir/App/settings.c.obj
 .ARM.attributes
                0x00000593       0x2c CMakeFiles/project.dir/App/ui.c.obj
 .ARM.attributes
                0x000005bf       0x1e C:/msys64/ucrt64/bin/../lib/gcc/arm-none-eabi/13.3.0/thumb/v6-m/nofp\libgcc.a(_udivsi3.o)
 .ARM.attributes
                0x000005dd       0x1e C:/msys64/ucrt64/bin/../lib/gcc/arm-none-eabi/13.3.0/thumb/v6-m/nofp\libgcc.a(_divsi3.o)
 .ARM.attributes
                0x000005fb       0x1e C:/msys64/ucrt64/bin/../lib/gcc/arm-none-eabi/13.3.0/thumb/v6-m/nofp\libgcc.a(_dvmd_tls.o)
 .ARM.attributes
                0x00000619       0x1e C:/msys64/ucrt64/bin/../lib/gcc/arm-none-eabi/13.3.0/thumb/v6-m/nofp\libgcc.a(_arm_cmpsf2.o)
 .ARM.attributes
                0x00000637       0x1e C:/msys64/ucrt64/bin/../lib/gcc/arm-none-eabi/13.3.0/thumb/v6-m/nofp\libgcc.a(_aeabi_uldivmod.o)
 .ARM.attributes
                0x00000655       0x2c C:/msys64/ucrt64/bin/../lib/gcc/arm-none-eabi/13.3.0/thumb/v6-m/nofp\libgcc.a(_muldi3.o)
 .ARM.attributes
                0x00000681       0x2c C:/msys64/ucrt64/bin/../lib/gcc/arm-none-eabi/13.3.0/thumb/v6-m/nofp\libgcc.a(_fixunssfsi.o)
 .ARM.attributes
                0x000006ad       0x2c C:/msys64/ucrt64/bin/../lib/gcc/arm-none-eabi/13.3.0/thumb/v6-m/nofp\libgcc.a(_udivmoddi4.o)
 .ARM.attributes
                0x000006d9       0x2c C:/msys64/ucrt64/bin/../lib/gcc/arm-none-eabi/13.3.0/thumb/v6-m/nofp\libgcc.a(addsf3.o)
 .ARM.attributes
                0x00000705       0x2c C:/msys64/ucrt64/bin/../lib/gcc/arm-none-eabi/13.3.0/thumb/v6-m/nofp\libgcc.a(divsf3.o)
 .ARM.attributes
                0x00000731       0x2c C:/msys64/ucrt64/bin/../lib/gcc/arm-none-eabi/13.3.0/thumb/v6-m/nofp\libgcc.a(eqsf2.o)
 .ARM.attributes
                0x0000075d       0x2c C:/msys64/ucrt64/bin/../lib/gcc/arm-none-eabi/13.3.0/thumb/v6-m/nofp\libgcc.a(gesf2.o)
 .ARM.attributes
                0x00000789       0x2c C:/msys64/ucrt64/bin/../lib/gcc/arm-none-eabi/13.3.0/thumb/v6-m/nofp\libgcc.a(lesf2.o)
 .ARM.attributes
                0x000007b5       0x2c C:/msys64/ucrt64/bin/../lib/gcc/arm-none-eabi/13.3.0/thumb/v6-m/nofp\libgcc.a(mulsf3.o)
 .ARM.attributes
                0x000007e1       0x2c C:/msys64/ucrt64/bin/../lib/gcc/arm-none-eabi/13.3.0/thumb/v6-m/nofp\libgcc.a(subsf3.o)
 .ARM.attributes
                0x0000080d       0x2c C:/msys64/ucrt64/bin/../lib/gcc/arm-none-eabi/13.3.0/thumb/v6-m/nofp\libgcc.a(fixsfsi.o)
 .ARM.attributes
                0x00000839       0x2c C:/msys64/ucrt64/bin/../lib/gcc/arm-none-eabi/13.3.0/thumb/v6-m/nofp\libgcc.a(floatsisf.o)
 .ARM.attributes
                0x00000865       0x2c C:/msys64/ucrt64/bin/../lib/gcc/arm-none-eabi/13.3.0/thumb/v6-m/nofp\libgcc.a(floatunsisf.o)
 .ARM.attributes
                0x00000891       0x1e C:/msys64/ucrt64/bin/../lib/gcc/arm-none-eabi/13.3.0/thumb/v6-m/nofp\libgcc.a(_thumb1_case_uqi.o)
 .ARM.attributes
                0x000008af       0x1e C:/msys64/ucrt64/bin/../lib/gcc/arm-none-eabi/13.3.0/thumb/v6-m/nofp\libgcc.a(_lshrdi3.o)
 .ARM.attributes
                0x000008cd       0x1e C:/msys64/ucrt64/bin/../lib/gcc/arm-none-eabi/13.3.0/thumb/v6-m/nofp\libgcc.a(_ashldi3.o)
 .ARM.attributes
                0x000008eb       0x1e C:/msys64/ucrt64/bin/../lib/gcc/arm-none-eabi/13.3.0/thumb/v6-m/nofp\libgcc.a(_clzsi2.o)
 .ARM.attributes
                0x00000909       0x1e C:/msys64/ucrt64/bin/../lib/gcc/arm-none-eabi/13.3.0/thumb/v6-m/nofp\libgcc.a(_clzdi2.o)
 .ARM.attributes
                0x00000927       0x2c C:/msys64/ucrt64/bin/../lib/gcc/arm-none-eabi/13.3.0/../../../../arm-none-eabi/lib/thumb/v6-m/nofp\libg_nano.a(libc_a-memset.o)
 .ARM.attributes
                0x00000953       0x2c C:/msys64/ucrt64/bin/../lib/gcc/arm-none-eabi/13.3.0/../../../../arm-none-eabi/lib/thumb/v6-m/nofp\libg_nano.a(libc_a-init.o)
 .ARM.attributes
                0x0000097f       0x1e C:/msys64/ucrt64/bin/../lib/gcc/arm-none-eabi/13.3.0/thumb/v6-m/nofp/crtn.o

.comment        0x00000000       0x12
 .comment       0x00000000       0x12 cmake/stm32cubemx/CMakeFiles/STM32_Drivers.dir/__/__/Core/Src/system_stm32f0xx.c.obj
                                 0x13 (size before relaxing)
 .comment       0x00000012        0x0 cmake/stm32cubemx/CMakeFiles/STM32_Drivers.dir/__/__/Drivers/STM32F0xx_HAL_Driver/Src/stm32f0xx_hal_i2c.c.obj
                                 0x13 (size before relaxing)
 .comment       0x00000012        0x0 cmake/stm32cubemx/CMakeFiles/STM32_Drivers.dir/__/__/Drivers/STM32F0xx_HAL_Driver/Src/stm32f0xx_hal_i2c_ex.c.obj
                                 0x13 (size before relaxing)
 .comment       0x00000012        0x0 cmake/stm32cubemx/CMakeFiles/STM32_Drivers.dir/__/__/Drivers/STM32F0xx_HAL_Driver/Src/stm32f0xx_hal_rcc.c.obj
                                 0x13 (size before relaxing)
 .comment       0x00000012        0x0 cmake/stm32cubemx/CMakeFiles/STM32_Drivers.dir/__/__/Drivers/STM32F0xx_HAL_Driver/Src/stm32f0xx_hal_rcc_ex.c.obj
                                 0x13 (size before relaxing)
 .comment       0x00000012        0x0 cmake/stm32cubemx/CMakeFiles/STM32_Drivers.dir/__/__/Drivers/STM32F0xx_HAL_Driver/Src/stm32f0xx_hal.c.obj
                                 0x13 (size before relaxing)
 .comment       0x00000012        0x0 cmake/stm32cubemx/CMakeFiles/STM32_Drivers.dir/__/__/Drivers/STM32F0xx_HAL_Driver/Src/stm32f0xx_hal_gpio.c.obj
                                 0x13 (size before relaxing)
 .comment       0x00000012        0x0 cmake/stm32cubemx/CMakeFiles/STM32_Drivers.dir/__/__/Drivers/STM32F0xx_HAL_Driver/Src/stm32f0xx_hal_cortex.c.obj
                                 0x13 (size before relaxing)
 .comment       0x00000012        0x0 cmake/stm32cubemx/CMakeFiles/STM32_Drivers.dir/__/__/Drivers/STM32F0xx_HAL_Driver/Src/stm32f0xx_hal_spi.c.obj
                                 0x13 (size before relaxing)
 .comment       0x00000012        0x0 cmake/stm32cubemx/CMakeFiles/STM32_Drivers.dir/__/__/Drivers/STM32F0xx_HAL_Driver/Src/stm32f0xx_hal_tim.c.obj
                                 0x13 (size before relaxing)
 .comment       0x00000012        0x0 cmake/stm32cubemx/CMakeFiles/STM32_Drivers.dir/__/__/Drivers/STM32F0xx_HAL_Driver/Src/stm32f0xx_hal_tim_ex.c.obj
                                 0x13 (size before relaxing)
 .comment       0x00000012        0x0 CMakeFiles/project.dir/Core/Src/main.c.obj
                                 0x13 (size before relaxing)
 .comment       0x00000012        0x0 CMakeFiles/project.dir/Core/Src/gpio.c.obj
                                 0x13 (size before relaxing)
 .comment       0x00000012        0x0 CMakeFiles/project.dir/Core/Src/i2c.c.obj
                                 0x13 (size before relaxing)
 .comment       0x00000012        0x0 CMakeFiles/project.dir/Core/Src/spi.c.obj
                                 0x13 (size before relaxing)
 .comment       0x00000012        0x0 CMakeFiles/project.dir/Core/Src/tim.c.obj
                                 0x13 (size before relaxing)
 .comment       0x00000012        0x0 CMakeFiles/project.dir/Core/Src/stm32f0xx_it.c.obj
                                 0x13 (size before relaxing)
 .comment       0x00000012        0x0 CMakeFiles/project.dir/Core/Src/stm32f0xx_hal_msp.c.obj
                                 0x13 (size before relaxing)
 .comment       0x00000012        0x0 CMakeFiles/project.dir/App/ocean.c.obj
                                 0x13 (size before relaxing)
 .comment       0x00000012        0x0 CMakeFiles/project.dir/App/hourglass.c.obj
                                 0x13 (size before relaxing)
 .comment       0x00000012        0x0 CMakeFiles/project.dir/Drivers/buttons.c.obj
                                 0x13 (size before relaxing)
 .comment       0x00000012        0x0 CMakeFiles/project.dir/Drivers/buzzer.c.obj
                                 0x13 (size before relaxing)
 .comment       0x00000012        0x0 CMakeFiles/project.dir/Drivers/display.c.obj
                                 0x13 (size before relaxing)
 .comment       0x00000012        0x0 CMakeFiles/project.dir/Drivers/max7219.c.obj
                                 0x13 (size before relaxing)
 .comment       0x00000012        0x0 CMakeFiles/project.dir/Drivers/mpu6050.c.obj
                                 0x13 (size before relaxing)
 .comment       0x00000012        0x0 CMakeFiles/project.dir/Physics/motion.c.obj
                                 0x13 (size before relaxing)
 .comment       0x00000012        0x0 CMakeFiles/project.dir/Physics/particles.c.obj
                                 0x13 (size before relaxing)
 .comment       0x00000012        0x0 CMakeFiles/project.dir/App/app.c.obj
                                 0x13 (size before relaxing)
 .comment       0x00000012        0x0 CMakeFiles/project.dir/App/menu.c.obj
                                 0x13 (size before relaxing)
 .comment       0x00000012        0x0 CMakeFiles/project.dir/App/settings.c.obj
                                 0x13 (size before relaxing)
 .comment       0x00000012        0x0 CMakeFiles/project.dir/App/ui.c.obj
                                 0x13 (size before relaxing)
 .comment       0x00000012        0x0 C:/msys64/ucrt64/bin/../lib/gcc/arm-none-eabi/13.3.0/thumb/v6-m/nofp\libgcc.a(_muldi3.o)
                                 0x13 (size before relaxing)
 .comment       0x00000012        0x0 C:/msys64/ucrt64/bin/../lib/gcc/arm-none-eabi/13.3.0/thumb/v6-m/nofp\libgcc.a(_fixunssfsi.o)
                                 0x13 (size before relaxing)
 .comment       0x00000012        0x0 C:/msys64/ucrt64/bin/../lib/gcc/arm-none-eabi/13.3.0/thumb/v6-m/nofp\libgcc.a(_udivmoddi4.o)
                                 0x13 (size before relaxing)
 .comment       0x00000012        0x0 C:/msys64/ucrt64/bin/../lib/gcc/arm-none-eabi/13.3.0/thumb/v6-m/nofp\libgcc.a(addsf3.o)
                                 0x13 (size before relaxing)
 .comment       0x00000012        0x0 C:/msys64/ucrt64/bin/../lib/gcc/arm-none-eabi/13.3.0/thumb/v6-m/nofp\libgcc.a(divsf3.o)
                                 0x13 (size before relaxing)
 .comment       0x00000012        0x0 C:/msys64/ucrt64/bin/../lib/gcc/arm-none-eabi/13.3.0/thumb/v6-m/nofp\libgcc.a(eqsf2.o)
                                 0x13 (size before relaxing)
 .comment       0x00000012        0x0 C:/msys64/ucrt64/bin/../lib/gcc/arm-none-eabi/13.3.0/thumb/v6-m/nofp\libgcc.a(gesf2.o)
                                 0x13 (size before relaxing)
 .comment       0x00000012        0x0 C:/msys64/ucrt64/bin/../lib/gcc/arm-none-eabi/13.3.0/thumb/v6-m/nofp\libgcc.a(lesf2.o)
                                 0x13 (size before relaxing)
 .comment       0x00000012        0x0 C:/msys64/ucrt64/bin/../lib/gcc/arm-none-eabi/13.3.0/thumb/v6-m/nofp\libgcc.a(mulsf3.o)
                                 0x13 (size before relaxing)
 .comment       0x00000012        0x0 C:/msys64/ucrt64/bin/../lib/gcc/arm-none-eabi/13.3.0/thumb/v6-m/nofp\libgcc.a(subsf3.o)
                                 0x13 (size before relaxing)
 .comment       0x00000012        0x0 C:/msys64/ucrt64/bin/../lib/gcc/arm-none-eabi/13.3.0/thumb/v6-m/nofp\libgcc.a(fixsfsi.o)
                                 0x13 (size before relaxing)
 .comment       0x00000012        0x0 C:/msys64/ucrt64/bin/../lib/gcc/arm-none-eabi/13.3.0/thumb/v6-m/nofp\libgcc.a(floatsisf.o)
                                 0x13 (size before relaxing)
 .comment       0x00000012        0x0 C:/msys64/ucrt64/bin/../lib/gcc/arm-none-eabi/13.3.0/thumb/v6-m/nofp\libgcc.a(floatunsisf.o)
                                 0x13 (size before relaxing)
 .comment       0x00000012        0x0 C:/msys64/ucrt64/bin/../lib/gcc/arm-none-eabi/13.3.0/../../../../arm-none-eabi/lib/thumb/v6-m/nofp\libg_nano.a(libc_a-memset.o)
                                 0x13 (size before relaxing)
 .comment       0x00000012        0x0 C:/msys64/ucrt64/bin/../lib/gcc/arm-none-eabi/13.3.0/../../../../arm-none-eabi/lib/thumb/v6-m/nofp\libg_nano.a(libc_a-init.o)
                                 0x13 (size before relaxing)

.debug_info     0x00000000    0x12ee2
 .debug_info    0x00000000      0x242 cmake/stm32cubemx/CMakeFiles/STM32_Drivers.dir/__/__/Core/Src/system_stm32f0xx.c.obj
 .debug_info    0x00000242     0x20cd cmake/stm32cubemx/CMakeFiles/STM32_Drivers.dir/__/__/Drivers/STM32F0xx_HAL_Driver/Src/stm32f0xx_hal_i2c.c.obj
 .debug_info    0x0000230f      0x7de cmake/stm32cubemx/CMakeFiles/STM32_Drivers.dir/__/__/Drivers/STM32F0xx_HAL_Driver/Src/stm32f0xx_hal_i2c_ex.c.obj
 .debug_info    0x00002aed      0x844 cmake/stm32cubemx/CMakeFiles/STM32_Drivers.dir/__/__/Drivers/STM32F0xx_HAL_Driver/Src/stm32f0xx_hal_rcc.c.obj
 .debug_info    0x00003331      0x35d cmake/stm32cubemx/CMakeFiles/STM32_Drivers.dir/__/__/Drivers/STM32F0xx_HAL_Driver/Src/stm32f0xx_hal_rcc_ex.c.obj
 .debug_info    0x0000368e      0x670 cmake/stm32cubemx/CMakeFiles/STM32_Drivers.dir/__/__/Drivers/STM32F0xx_HAL_Driver/Src/stm32f0xx_hal.c.obj
 .debug_info    0x00003cfe      0x5c3 cmake/stm32cubemx/CMakeFiles/STM32_Drivers.dir/__/__/Drivers/STM32F0xx_HAL_Driver/Src/stm32f0xx_hal_gpio.c.obj
 .debug_info    0x000042c1      0x69b cmake/stm32cubemx/CMakeFiles/STM32_Drivers.dir/__/__/Drivers/STM32F0xx_HAL_Driver/Src/stm32f0xx_hal_cortex.c.obj
 .debug_info    0x0000495c     0x1618 cmake/stm32cubemx/CMakeFiles/STM32_Drivers.dir/__/__/Drivers/STM32F0xx_HAL_Driver/Src/stm32f0xx_hal_spi.c.obj
 .debug_info    0x00005f74     0x2946 cmake/stm32cubemx/CMakeFiles/STM32_Drivers.dir/__/__/Drivers/STM32F0xx_HAL_Driver/Src/stm32f0xx_hal_tim.c.obj
 .debug_info    0x000088ba     0x1488 cmake/stm32cubemx/CMakeFiles/STM32_Drivers.dir/__/__/Drivers/STM32F0xx_HAL_Driver/Src/stm32f0xx_hal_tim_ex.c.obj
 .debug_info    0x00009d42      0x3d4 CMakeFiles/project.dir/Core/Src/main.c.obj
 .debug_info    0x0000a116      0x341 CMakeFiles/project.dir/Core/Src/gpio.c.obj
 .debug_info    0x0000a457      0x8d3 CMakeFiles/project.dir/Core/Src/i2c.c.obj
 .debug_info    0x0000ad2a      0x866 CMakeFiles/project.dir/Core/Src/spi.c.obj
 .debug_info    0x0000b590      0xa1e CMakeFiles/project.dir/Core/Src/tim.c.obj
 .debug_info    0x0000bfae       0xd3 CMakeFiles/project.dir/Core/Src/stm32f0xx_it.c.obj
 .debug_info    0x0000c081      0x199 CMakeFiles/project.dir/Core/Src/stm32f0xx_hal_msp.c.obj
 .debug_info    0x0000c21a       0x30 CMakeFiles/project.dir/startup_stm32f030x8.s.obj
 .debug_info    0x0000c24a      0x392 CMakeFiles/project.dir/App/ocean.c.obj
 .debug_info    0x0000c5dc      0x7d0 CMakeFiles/project.dir/App/hourglass.c.obj
 .debug_info    0x0000cdac      0x41c CMakeFiles/project.dir/Drivers/buttons.c.obj
 .debug_info    0x0000d1c8      0x893 CMakeFiles/project.dir/Drivers/buzzer.c.obj
 .debug_info    0x0000da5b      0x3f4 CMakeFiles/project.dir/Drivers/display.c.obj
 .debug_info    0x0000de4f      0x7a5 CMakeFiles/project.dir/Drivers/max7219.c.obj
 .debug_info    0x0000e5f4      0x9f9 CMakeFiles/project.dir/Drivers/mpu6050.c.obj
 .debug_info    0x0000efed      0x39f CMakeFiles/project.dir/Physics/motion.c.obj
 .debug_info    0x0000f38c      0x6c0 CMakeFiles/project.dir/Physics/particles.c.obj
 .debug_info    0x0000fa4c      0x457 CMakeFiles/project.dir/App/app.c.obj
 .debug_info    0x0000fea3      0x25a CMakeFiles/project.dir/App/menu.c.obj
 .debug_info    0x000100fd      0x1cc CMakeFiles/project.dir/App/settings.c.obj
 .debug_info    0x000102c9      0x2c8 CMakeFiles/project.dir/App/ui.c.obj
 .debug_info    0x00010591       0x3d C:/msys64/ucrt64/bin/../lib/gcc/arm-none-eabi/13.3.0/thumb/v6-m/nofp\libgcc.a(_udivsi3.o)
 .debug_info    0x000105ce       0x3e C:/msys64/ucrt64/bin/../lib/gcc/arm-none-eabi/13.3.0/thumb/v6-m/nofp\libgcc.a(_divsi3.o)
 .debug_info    0x0001060c       0x3c C:/msys64/ucrt64/bin/../lib/gcc/arm-none-eabi/13.3.0/thumb/v6-m/nofp\libgcc.a(_dvmd_tls.o)
 .debug_info    0x00010648       0x7e C:/msys64/ucrt64/bin/../lib/gcc/arm-none-eabi/13.3.0/thumb/v6-m/nofp\libgcc.a(_arm_cmpsf2.o)
 .debug_info    0x000106c6       0x31 C:/msys64/ucrt64/bin/../lib/gcc/arm-none-eabi/13.3.0/thumb/v6-m/nofp\libgcc.a(_aeabi_uldivmod.o)
 .debug_info    0x000106f7      0x42c C:/msys64/ucrt64/bin/../lib/gcc/arm-none-eabi/13.3.0/thumb/v6-m/nofp\libgcc.a(_muldi3.o)
 .debug_info    0x00010b23      0x33e C:/msys64/ucrt64/bin/../lib/gcc/arm-none-eabi/13.3.0/thumb/v6-m/nofp\libgcc.a(_fixunssfsi.o)
 .debug_info    0x00010e61      0x3e7 C:/msys64/ucrt64/bin/../lib/gcc/arm-none-eabi/13.3.0/thumb/v6-m/nofp\libgcc.a(_udivmoddi4.o)
 .debug_info    0x00011248      0x31f C:/msys64/ucrt64/bin/../lib/gcc/arm-none-eabi/13.3.0/thumb/v6-m/nofp\libgcc.a(addsf3.o)
 .debug_info    0x00011567      0x33f C:/msys64/ucrt64/bin/../lib/gcc/arm-none-eabi/13.3.0/thumb/v6-m/nofp\libgcc.a(divsf3.o)
 .debug_info    0x000118a6      0x203 C:/msys64/ucrt64/bin/../lib/gcc/arm-none-eabi/13.3.0/thumb/v6-m/nofp\libgcc.a(eqsf2.o)
 .debug_info    0x00011aa9      0x217 C:/msys64/ucrt64/bin/../lib/gcc/arm-none-eabi/13.3.0/thumb/v6-m/nofp\libgcc.a(gesf2.o)
 .debug_info    0x00011cc0      0x217 C:/msys64/ucrt64/bin/../lib/gcc/arm-none-eabi/13.3.0/thumb/v6-m/nofp\libgcc.a(lesf2.o)
 .debug_info    0x00011ed7      0x3bb C:/msys64/ucrt64/bin/../lib/gcc/arm-none-eabi/13.3.0/thumb/v6-m/nofp\libgcc.a(mulsf3.o)
 .debug_info    0x00012292      0x328 C:/msys64/ucrt64/bin/../lib/gcc/arm-none-eabi/13.3.0/thumb/v6-m/nofp\libgcc.a(subsf3.o)
 .debug_info    0x000125ba      0x1af C:/msys64/ucrt64/bin/../lib/gcc/arm-none-eabi/13.3.0/thumb/v6-m/nofp\libgcc.a(fixsfsi.o)
 .debug_info    0x00012769      0x226 C:/msys64/ucrt64/bin/../lib/gcc/arm-none-eabi/13.3.0/thumb/v6-m/nofp\libgcc.a(floatsisf.o)
 .debug_info    0x0001298f      0x215 C:/msys64/ucrt64/bin/../lib/gcc/arm-none-eabi/13.3.0/thumb/v6-m/nofp\libgcc.a(floatunsisf.o)
 .debug_info    0x00012ba4       0x31 C:/msys64/ucrt64/bin/../lib/gcc/arm-none-eabi/13.3.0/thumb/v6-m/nofp\libgcc.a(_thumb1_case_uqi.o)
 .debug_info    0x00012bd5       0x3c C:/msys64/ucrt64/bin/../lib/gcc/arm-none-eabi/13.3.0/thumb/v6-m/nofp\libgcc.a(_lshrdi3.o)
 .debug_info    0x00012c11       0x3c C:/msys64/ucrt64/bin/../lib/gcc/arm-none-eabi/13.3.0/thumb/v6-m/nofp\libgcc.a(_ashldi3.o)
 .debug_info    0x00012c4d       0x31 C:/msys64/ucrt64/bin/../lib/gcc/arm-none-eabi/13.3.0/thumb/v6-m/nofp\libgcc.a(_clzsi2.o)
 .debug_info    0x00012c7e       0x24 C:/msys64/ucrt64/bin/../lib/gcc/arm-none-eabi/13.3.0/thumb/v6-m/nofp\libgcc.a(_clzdi2.o)
 .debug_info    0x00012ca2      0x135 C:/msys64/ucrt64/bin/../lib/gcc/arm-none-eabi/13.3.0/../../../../arm-none-eabi/lib/thumb/v6-m/nofp\libg_nano.a(libc_a-memset.o)
 .debug_info    0x00012dd7      0x10b C:/msys64/ucrt64/bin/../lib/gcc/arm-none-eabi/13.3.0/../../../../arm-none-eabi/lib/thumb/v6-m/nofp\libg_nano.a(libc_a-init.o)

.debug_abbrev   0x00000000     0x4c05
 .debug_abbrev  0x00000000      0x11c cmake/stm32cubemx/CMakeFiles/STM32_Drivers.dir/__/__/Core/Src/system_stm32f0xx.c.obj
 .debug_abbrev  0x0000011c      0x270 cmake/stm32cubemx/CMakeFiles/STM32_Drivers.dir/__/__/Drivers/STM32F0xx_HAL_Driver/Src/stm32f0xx_hal_i2c.c.obj
 .debug_abbrev  0x0000038c      0x1d4 cmake/stm32cubemx/CMakeFiles/STM32_Drivers.dir/__/__/Drivers/STM32F0xx_HAL_Driver/Src/stm32f0xx_hal_i2c_ex.c.obj
 .debug_abbrev  0x00000560      0x28b cmake/stm32cubemx/CMakeFiles/STM32_Drivers.dir/__/__/Drivers/STM32F0xx_HAL_Driver/Src/stm32f0xx_hal_rcc.c.obj
 .debug_abbrev  0x000007eb      0x16f cmake/stm32cubemx/CMakeFiles/STM32_Drivers.dir/__/__/Drivers/STM32F0xx_HAL_Driver/Src/stm32f0xx_hal_rcc_ex.c.obj
 .debug_abbrev  0x0000095a      0x24b cmake/stm32cubemx/CMakeFiles/STM32_Drivers.dir/__/__/Drivers/STM32F0xx_HAL_Driver/Src/stm32f0xx_hal.c.obj
 .debug_abbrev  0x00000ba5      0x1c8 cmake/stm32cubemx/CMakeFiles/STM32_Drivers.dir/__/__/Drivers/STM32F0xx_HAL_Driver/Src/stm32f0xx_hal_gpio.c.obj
 .debug_abbrev  0x00000d6d      0x28c cmake/stm32cubemx/CMakeFiles/STM32_Drivers.dir/__/__/Drivers/STM32F0xx_HAL_Driver/Src/stm32f0xx_hal_cortex.c.obj
 .debug_abbrev  0x00000ff9      0x265 cmake/stm32cubemx/CMakeFiles/STM32_Drivers.dir/__/__/Drivers/STM32F0xx_HAL_Driver/Src/stm32f0xx_hal_spi.c.obj
 .debug_abbrev  0x0000125e      0x28c cmake/stm32cubemx/CMakeFiles/STM32_Drivers.dir/__/__/Drivers/STM32F0xx_HAL_Driver/Src/stm32f0xx_hal_tim.c.obj
 .debug_abbrev  0x000014ea      0x297 cmake/stm32cubemx/CMakeFiles/STM32_Drivers.dir/__/__/Drivers/STM32F0xx_HAL_Driver/Src/stm32f0xx_hal_tim_ex.c.obj
 .debug_abbrev  0x00001781      0x1bc CMakeFiles/project.dir/Core/Src/main.c.obj
 .debug_abbrev  0x0000193d      0x14d CMakeFiles/project.dir/Core/Src/gpio.c.obj
 .debug_abbrev  0x00001a8a      0x215 CMakeFiles/project.dir/Core/Src/i2c.c.obj
 .debug_abbrev  0x00001c9f      0x1f1 CMakeFiles/project.dir/Core/Src/spi.c.obj
 .debug_abbrev  0x00001e90      0x231 CMakeFiles/project.dir/Core/Src/tim.c.obj
 .debug_abbrev  0x000020c1       0x73 CMakeFiles/project.dir/Core/Src/stm32f0xx_it.c.obj
 .debug_abbrev  0x00002134       0xc6 CMakeFiles/project.dir/Core/Src/stm32f0xx_hal_msp.c.obj
 .debug_abbrev  0x000021fa       0x24 CMakeFiles/project.dir/startup_stm32f030x8.s.obj
 .debug_abbrev  0x0000221e      0x191 CMakeFiles/project.dir/App/ocean.c.obj
 .debug_abbrev  0x000023af      0x2a4 CMakeFiles/project.dir/App/hourglass.c.obj
 .debug_abbrev  0x00002653      0x180 CMakeFiles/project.dir/Drivers/buttons.c.obj
 .debug_abbrev  0x000027d3      0x233 CMakeFiles/project.dir/Drivers/buzzer.c.obj
 .debug_abbrev  0x00002a06      0x17c CMakeFiles/project.dir/Drivers/display.c.obj
 .debug_abbrev  0x00002b82      0x1d7 CMakeFiles/project.dir/Drivers/max7219.c.obj
 .debug_abbrev  0x00002d59      0x261 CMakeFiles/project.dir/Drivers/mpu6050.c.obj
 .debug_abbrev  0x00002fba      0x16e CMakeFiles/project.dir/Physics/motion.c.obj
 .debug_abbrev  0x00003128      0x1b6 CMakeFiles/project.dir/Physics/particles.c.obj
 .debug_abbrev  0x000032de      0x177 CMakeFiles/project.dir/App/app.c.obj
 .debug_abbrev  0x00003455      0x144 CMakeFiles/project.dir/App/menu.c.obj
 .debug_abbrev  0x00003599      0x106 CMakeFiles/project.dir/App/settings.c.obj
 .debug_abbrev  0x0000369f      0x140 CMakeFiles/project.dir/App/ui.c.obj
 .debug_abbrev  0x000037df       0x28 C:/msys64/ucrt64/bin/../lib/gcc/arm-none-eabi/13.3.0/thumb/v6-m/nofp\libgcc.a(_udivsi3.o)
 .debug_abbrev  0x00003807       0x28 C:/msys64/ucrt64/bin/../lib/gcc/arm-none-eabi/13.3.0/thumb/v6-m/nofp\libgcc.a(_divsi3.o)
 .debug_abbrev  0x0000382f       0x26 C:/msys64/ucrt64/bin/../lib/gcc/arm-none-eabi/13.3.0/thumb/v6-m/nofp\libgcc.a(_dvmd_tls.o)
 .debug_abbrev  0x00003855       0x28 C:/msys64/ucrt64/bin/../lib/gcc/arm-none-eabi/13.3.0/thumb/v6-m/nofp\libgcc.a(_arm_cmpsf2.o)
 .debug_abbrev  0x0000387d       0x28 C:/msys64/ucrt64/bin/../lib/gcc/arm-none-eabi/13.3.0/thumb/v6-m/nofp\libgcc.a(_aeabi_uldivmod.o)
 .debug_abbrev  0x000038a5      0x163 C:/msys64/ucrt64/bin/../lib/gcc/arm-none-eabi/13.3.0/thumb/v6-m/nofp\libgcc.a(_muldi3.o)
 .debug_abbrev  0x00003a08       0xed C:/msys64/ucrt64/bin/../lib/gcc/arm-none-eabi/13.3.0/thumb/v6-m/nofp\libgcc.a(_fixunssfsi.o)
 .debug_abbrev  0x00003af5      0x120 C:/msys64/ucrt64/bin/../lib/gcc/arm-none-eabi/13.3.0/thumb/v6-m/nofp\libgcc.a(_udivmoddi4.o)
 .debug_abbrev  0x00003c15      0x15c C:/msys64/ucrt64/bin/../lib/gcc/arm-none-eabi/13.3.0/thumb/v6-m/nofp\libgcc.a(addsf3.o)
 .debug_abbrev  0x00003d71      0x15c C:/msys64/ucrt64/bin/../lib/gcc/arm-none-eabi/13.3.0/thumb/v6-m/nofp\libgcc.a(divsf3.o)
 .debug_abbrev  0x00003ecd      0x141 C:/msys64/ucrt64/bin/../lib/gcc/arm-none-eabi/13.3.0/thumb/v6-m/nofp\libgcc.a(eqsf2.o)
 .debug_abbrev  0x0000400e      0x15a C:/msys64/ucrt64/bin/../lib/gcc/arm-none-eabi/13.3.0/thumb/v6-m/nofp\libgcc.a(gesf2.o)
 .debug_abbrev  0x00004168      0x15a C:/msys64/ucrt64/bin/../lib/gcc/arm-none-eabi/13.3.0/thumb/v6-m/nofp\libgcc.a(lesf2.o)
 .debug_abbrev  0x000042c2      0x15c C:/msys64/ucrt64/bin/../lib/gcc/arm-none-eabi/13.3.0/thumb/v6-m/nofp\libgcc.a(mulsf3.o)
 .debug_abbrev  0x0000441e      0x15c C:/msys64/ucrt64/bin/../lib/gcc/arm-none-eabi/13.3.0/thumb/v6-m/nofp\libgcc.a(subsf3.o)
 .debug_abbrev  0x0000457a      0x147 C:/msys64/ucrt64/bin/../lib/gcc/arm-none-eabi/13.3.0/thumb/v6-m/nofp\libgcc.a(fixsfsi.o)
 .debug_abbrev  0x000046c1      0x180 C:/msys64/ucrt64/bin/../lib/gcc/arm-none-eabi/13.3.0/thumb/v6-m/nofp\libgcc.a(floatsisf.o)
 .debug_abbrev  0x00004841      0x190 C:/msys64/ucrt64/bin/../lib/gcc/arm-none-eabi/13.3.0/thumb/v6-m/nofp\libgcc.a(floatunsisf.o)
 .debug_abbrev  0x000049d1       0x28 C:/msys64/ucrt64/bin/../lib/gcc/arm-none-eabi/13.3.0/thumb/v6-m/nofp\libgcc.a(_thumb1_case_uqi.o)
 .debug_abbrev  0x000049f9       0x28 C:/msys64/ucrt64/bin/../lib/gcc/arm-none-eabi/13.3.0/thumb/v6-m/nofp\libgcc.a(_lshrdi3.o)
 .debug_abbrev  0x00004a21       0x28 C:/msys64/ucrt64/bin/../lib/gcc/arm-none-eabi/13.3.0/thumb/v6-m/nofp\libgcc.a(_ashldi3.o)
 .debug_abbrev  0x00004a49       0x28 C:/msys64/ucrt64/bin/../lib/gcc/arm-none-eabi/13.3.0/thumb/v6-m/nofp\libgcc.a(_clzsi2.o)
 .debug_abbrev  0x00004a71       0x14 C:/msys64/ucrt64/bin/../lib/gcc/arm-none-eabi/13.3.0/thumb/v6-m/nofp\libgcc.a(_clzdi2.o)
 .debug_abbrev  0x00004a85       0xb7 C:/msys64/ucrt64/bin/../lib/gcc/arm-none-eabi/13.3.0/../../../../arm-none-eabi/lib/thumb/v6-m/nofp\libg_nano.a(libc_a-memset.o)
 .debug_abbrev  0x00004b3c       0xc9 C:/msys64/ucrt64/bin/../lib/gcc/arm-none-eabi/13.3.0/../../../../arm-none-eabi/lib/thumb/v6-m/nofp\libg_nano.a(libc_a-init.o)

.debug_aranges  0x00000000     0x1540
 .debug_aranges
                0x00000000       0x28 cmake/stm32cubemx/CMakeFiles/STM32_Drivers.dir/__/__/Core/Src/system_stm32f0xx.c.obj
 .debug_aranges
                0x00000028      0x2a0 cmake/stm32cubemx/CMakeFiles/STM32_Drivers.dir/__/__/Drivers/STM32F0xx_HAL_Driver/Src/stm32f0xx_hal_i2c.c.obj
 .debug_aranges
                0x000002c8       0x38 cmake/stm32cubemx/CMakeFiles/STM32_Drivers.dir/__/__/Drivers/STM32F0xx_HAL_Driver/Src/stm32f0xx_hal_i2c_ex.c.obj
 .debug_aranges
                0x00000300       0x80 cmake/stm32cubemx/CMakeFiles/STM32_Drivers.dir/__/__/Drivers/STM32F0xx_HAL_Driver/Src/stm32f0xx_hal_rcc.c.obj
 .debug_aranges
                0x00000380       0x30 cmake/stm32cubemx/CMakeFiles/STM32_Drivers.dir/__/__/Drivers/STM32F0xx_HAL_Driver/Src/stm32f0xx_hal_rcc_ex.c.obj
 .debug_aranges
                0x000003b0       0xd0 cmake/stm32cubemx/CMakeFiles/STM32_Drivers.dir/__/__/Drivers/STM32F0xx_HAL_Driver/Src/stm32f0xx_hal.c.obj
 .debug_aranges
                0x00000480       0x58 cmake/stm32cubemx/CMakeFiles/STM32_Drivers.dir/__/__/Drivers/STM32F0xx_HAL_Driver/Src/stm32f0xx_hal_gpio.c.obj
 .debug_aranges
                0x000004d8       0xc0 cmake/stm32cubemx/CMakeFiles/STM32_Drivers.dir/__/__/Drivers/STM32F0xx_HAL_Driver/Src/stm32f0xx_hal_cortex.c.obj
 .debug_aranges
                0x00000598      0x1d8 cmake/stm32cubemx/CMakeFiles/STM32_Drivers.dir/__/__/Drivers/STM32F0xx_HAL_Driver/Src/stm32f0xx_hal_spi.c.obj
 .debug_aranges
                0x00000770      0x3d0 cmake/stm32cubemx/CMakeFiles/STM32_Drivers.dir/__/__/Drivers/STM32F0xx_HAL_Driver/Src/stm32f0xx_hal_tim.c.obj
 .debug_aranges
                0x00000b40      0x168 cmake/stm32cubemx/CMakeFiles/STM32_Drivers.dir/__/__/Drivers/STM32F0xx_HAL_Driver/Src/stm32f0xx_hal_tim_ex.c.obj
 .debug_aranges
                0x00000ca8       0x30 CMakeFiles/project.dir/Core/Src/main.c.obj
 .debug_aranges
                0x00000cd8       0x20 CMakeFiles/project.dir/Core/Src/gpio.c.obj
 .debug_aranges
                0x00000cf8       0x30 CMakeFiles/project.dir/Core/Src/i2c.c.obj
 .debug_aranges
                0x00000d28       0x30 CMakeFiles/project.dir/Core/Src/spi.c.obj
 .debug_aranges
                0x00000d58       0x38 CMakeFiles/project.dir/Core/Src/tim.c.obj
 .debug_aranges
                0x00000d90       0x40 CMakeFiles/project.dir/Core/Src/stm32f0xx_it.c.obj
 .debug_aranges
                0x00000dd0       0x20 CMakeFiles/project.dir/Core/Src/stm32f0xx_hal_msp.c.obj
 .debug_aranges
                0x00000df0       0x28 CMakeFiles/project.dir/startup_stm32f030x8.s.obj
 .debug_aranges
                0x00000e18       0x38 CMakeFiles/project.dir/App/ocean.c.obj
 .debug_aranges
                0x00000e50       0x78 CMakeFiles/project.dir/App/hourglass.c.obj
 .debug_aranges
                0x00000ec8       0x50 CMakeFiles/project.dir/Drivers/buttons.c.obj
 .debug_aranges
                0x00000f18       0x48 CMakeFiles/project.dir/Drivers/buzzer.c.obj
 .debug_aranges
                0x00000f60       0x60 CMakeFiles/project.dir/Drivers/display.c.obj
 .debug_aranges
                0x00000fc0       0x30 CMakeFiles/project.dir/Drivers/max7219.c.obj
 .debug_aranges
                0x00000ff0       0x60 CMakeFiles/project.dir/Drivers/mpu6050.c.obj
 .debug_aranges
                0x00001050       0x48 CMakeFiles/project.dir/Physics/motion.c.obj
 .debug_aranges
                0x00001098       0x68 CMakeFiles/project.dir/Physics/particles.c.obj
 .debug_aranges
                0x00001100       0x48 CMakeFiles/project.dir/App/app.c.obj
 .debug_aranges
                0x00001148       0x38 CMakeFiles/project.dir/App/menu.c.obj
 .debug_aranges
                0x00001180       0x58 CMakeFiles/project.dir/App/settings.c.obj
 .debug_aranges
                0x000011d8       0x48 CMakeFiles/project.dir/App/ui.c.obj
 .debug_aranges
                0x00001220       0x20 C:/msys64/ucrt64/bin/../lib/gcc/arm-none-eabi/13.3.0/thumb/v6-m/nofp\libgcc.a(_udivsi3.o)
 .debug_aranges
                0x00001240       0x20 C:/msys64/ucrt64/bin/../lib/gcc/arm-none-eabi/13.3.0/thumb/v6-m/nofp\libgcc.a(_divsi3.o)
 .debug_aranges
                0x00001260       0x20 C:/msys64/ucrt64/bin/../lib/gcc/arm-none-eabi/13.3.0/thumb/v6-m/nofp\libgcc.a(_dvmd_tls.o)
 .debug_aranges
                0x00001280       0x20 C:/msys64/ucrt64/bin/../lib/gcc/arm-none-eabi/13.3.0/thumb/v6-m/nofp\libgcc.a(_arm_cmpsf2.o)
 .debug_aranges
                0x000012a0       0x20 C:/msys64/ucrt64/bin/../lib/gcc/arm-none-eabi/13.3.0/thumb/v6-m/nofp\libgcc.a(_aeabi_uldivmod.o)
 .debug_aranges
                0x000012c0       0x20 C:/msys64/ucrt64/bin/../lib/gcc/arm-none-eabi/13.3.0/thumb/v6-m/nofp\libgcc.a(_muldi3.o)
 .debug_aranges
                0x000012e0       0x20 C:/msys64/ucrt64/bin/../lib/gcc/arm-none-eabi/13.3.0/thumb/v6-m/nofp\libgcc.a(_fixunssfsi.o)
 .debug_aranges
                0x00001300       0x20 C:/msys64/ucrt64/bin/../lib/gcc/arm-none-eabi/13.3.0/thumb/v6-m/nofp\libgcc.a(_udivmoddi4.o)
 .debug_aranges
                0x00001320       0x20 C:/msys64/ucrt64/bin/../lib/gcc/arm-none-eabi/13.3.0/thumb/v6-m/nofp\libgcc.a(addsf3.o)
 .debug_aranges
                0x00001340       0x20 C:/msys64/ucrt64/bin/../lib/gcc/arm-none-eabi/13.3.0/thumb/v6-m/nofp\libgcc.a(divsf3.o)
 .debug_aranges
                0x00001360       0x20 C:/msys64/ucrt64/bin/../lib/gcc/arm-none-eabi/13.3.0/thumb/v6-m/nofp\libgcc.a(eqsf2.o)
 .debug_aranges
                0x00001380       0x20 C:/msys64/ucrt64/bin/../lib/gcc/arm-none-eabi/13.3.0/thumb/v6-m/nofp\libgcc.a(gesf2.o)
 .debug_aranges
                0x000013a0       0x20 C:/msys64/ucrt64/bin/../lib/gcc/arm-none-eabi/13.3.0/thumb/v6-m/nofp\libgcc.a(lesf2.o)
 .debug_aranges
                0x000013c0       0x20 C:/msys64/ucrt64/bin/../lib/gcc/arm-none-eabi/13.3.0/thumb/v6-m/nofp\libgcc.a(mulsf3.o)
 .debug_aranges
                0x000013e0       0x20 C:/msys64/ucrt64/bin/../lib/gcc/arm-none-eabi/13.3.0/thumb/v6-m/nofp\libgcc.a(subsf3.o)
 .debug_aranges
                0x00001400       0x20 C:/msys64/ucrt64/bin/../lib/gcc/arm-none-eabi/13.3.0/thumb/v6-m/nofp\libgcc.a(fixsfsi.o)
 .debug_aranges
                0x00001420       0x20 C:/msys64/ucrt64/bin/../lib/gcc/arm-none-eabi/13.3.0/thumb/v6-m/nofp\libgcc.a(floatsisf.o)
 .debug_aranges
                0x00001440       0x20 C:/msys64/ucrt64/bin/../lib/gcc/arm-none-eabi/13.3.0/thumb/v6-m/nofp\libgcc.a(floatunsisf.o)
 .debug_aranges
                0x00001460       0x20 C:/msys64/ucrt64/bin/../lib/gcc/arm-none-eabi/13.3.0/thumb/v6-m/nofp\libgcc.a(_thumb1_case_uqi.o)
 .debug_aranges
                0x00001480       0x20 C:/msys64/ucrt64/bin/../lib/gcc/arm-none-eabi/13.3.0/thumb/v6-m/nofp\libgcc.a(_lshrdi3.o)
 .debug_aranges
                0x000014a0       0x20 C:/msys64/ucrt64/bin/../lib/gcc/arm-none-eabi/13.3.0/thumb/v6-m/nofp\libgcc.a(_ashldi3.o)
 .debug_aranges
                0x000014c0       0x20 C:/msys64/ucrt64/bin/../lib/gcc/arm-none-eabi/13.3.0/thumb/v6-m/nofp\libgcc.a(_clzsi2.o)
 .debug_aranges
                0x000014e0       0x20 C:/msys64/ucrt64/bin/../lib/gcc/arm-none-eabi/13.3.0/thumb/v6-m/nofp\libgcc.a(_clzdi2.o)
 .debug_aranges
                0x00001500       0x20 C:/msys64/ucrt64/bin/../lib/gcc/arm-none-eabi/13.3.0/../../../../arm-none-eabi/lib/thumb/v6-m/nofp\libg_nano.a(libc_a-memset.o)
 .debug_aranges
                0x00001520       0x20 C:/msys64/ucrt64/bin/../lib/gcc/arm-none-eabi/13.3.0/../../../../arm-none-eabi/lib/thumb/v6-m/nofp\libg_nano.a(libc_a-init.o)

.debug_rnglists
                0x00000000     0x11ad
 .debug_rnglists
                0x00000000       0x1a cmake/stm32cubemx/CMakeFiles/STM32_Drivers.dir/__/__/Core/Src/system_stm32f0xx.c.obj
 .debug_rnglists
                0x0000001a      0x229 cmake/stm32cubemx/CMakeFiles/STM32_Drivers.dir/__/__/Drivers/STM32F0xx_HAL_Driver/Src/stm32f0xx_hal_i2c.c.obj
 .debug_rnglists
                0x00000243       0x27 cmake/stm32cubemx/CMakeFiles/STM32_Drivers.dir/__/__/Drivers/STM32F0xx_HAL_Driver/Src/stm32f0xx_hal_i2c_ex.c.obj
 .debug_rnglists
                0x0000026a       0x60 cmake/stm32cubemx/CMakeFiles/STM32_Drivers.dir/__/__/Drivers/STM32F0xx_HAL_Driver/Src/stm32f0xx_hal_rcc.c.obj
 .debug_rnglists
                0x000002ca       0x21 cmake/stm32cubemx/CMakeFiles/STM32_Drivers.dir/__/__/Drivers/STM32F0xx_HAL_Driver/Src/stm32f0xx_hal_rcc_ex.c.obj
 .debug_rnglists
                0x000002eb       0x97 cmake/stm32cubemx/CMakeFiles/STM32_Drivers.dir/__/__/Drivers/STM32F0xx_HAL_Driver/Src/stm32f0xx_hal.c.obj
 .debug_rnglists
                0x00000382       0x3f cmake/stm32cubemx/CMakeFiles/STM32_Drivers.dir/__/__/Drivers/STM32F0xx_HAL_Driver/Src/stm32f0xx_hal_gpio.c.obj
 .debug_rnglists