D:/SWJTU/welcome_gift/project/project/App/hourglass.c:34:13:open_cell	8	static
D:/SWJTU/welcome_gift/project/project/App/hourglass.c:40:13:neck_gate	20	static
D:/SWJTU/welcome_gift/project/project/App/hourglass.c:117:6:Hourglass_Init	32	static
D:/SWJTU/welcome_gift/project/project/App/hourglass.c:142:6:Hourglass_Resume	0	static
D:/SWJTU/welcome_gift/project/project/App/hourglass.c:147:6:Hourglass_SetGrainIntervalMs	16	static
D:/SWJTU/welcome_gift/project/project/App/hourglass.c:162:10:Hourglass_GetGrainIntervalMs	0	static
D:/SWJTU/welcome_gift/project/project/App/hourglass.c:167:6:Hourglass_Update	48	static
D:/SWJTU/welcome_gift/project/project/App/hourglass.c:241:6:Hourglass_Render	16	static
D:/SWJTU/welcome_gift/project/project/App/hourglass.c:260:6:Hourglass_TakeCompletionEvent	0	static
D:/SWJTU/welcome_gift/project/project/App/hourglass.c:267:16:Hourglass_GetState	12	static
