D:/SWJTU/welcome_gift/project/project/App/settings.c:18:6:Settings_Init	8	static
D:/SWJTU/welcome_gift/project/project/App/settings.c:24:10:Settings_GetGrainIntervalMs	8	static
D:/SWJTU/welcome_gift/project/project/App/settings.c:25:10:Settings_GetDurationSec	8	static
D:/SWJTU/welcome_gift/project/project/App/settings.c:29:9:Settings_GetBrightness	8	static
D:/SWJTU/welcome_gift/project/project/App/settings.c:31:6:Settings_SetGrainIntervalMs	16	static
D:/SWJTU/welcome_gift/project/project/App/settings.c:43:6:Settings_SetBrightness	16	static
D:/SWJTU/welcome_gift/project/project/App/settings.c:53:6:Settings_AdjustTime	16	static
D:/SWJTU/welcome_gift/project/project/App/settings.c:65:6:Settings_AdjustBrightness	16	static
