Archive member included to satisfy reference by file (symbol)

C:/msys64/ucrt64/bin/../lib/gcc/arm-none-eabi/13.3.0/thumb/v6-m/nofp\libgcc.a(_thumb1_case_uqi.o)
                              cmake/stm32cubemx/CMakeFiles/STM32_Drivers.dir/__/__/Drivers/STM32F0xx_HAL_Driver/Src/stm32f0xx_hal_i2c.c.obj (__gnu_thumb1_case_uqi)
C:/msys64/ucrt64/bin/../lib/gcc/arm-none-eabi/13.3.0/thumb/v6-m/nofp\libgcc.a(_udivsi3.o)
                              cmake/stm32cubemx/CMakeFiles/STM32_Drivers.dir/__/__/Core/Src/system_stm32f0xx.c.obj (__aeabi_uidiv)
C:/msys64/ucrt64/bin/../lib/gcc/arm-none-eabi/13.3.0/thumb/v6-m/nofp\libgcc.a(_divsi3.o)
                              cmake/stm32cubemx/CMakeFiles/STM32_Drivers.dir/__/__/Core/Src/system_stm32f0xx.c.obj (__aeabi_idiv)
C:/msys64/ucrt64/bin/../lib/gcc/arm-none-eabi/13.3.0/thumb/v6-m/nofp\libgcc.a(_dvmd_tls.o)
                              C:/msys64/ucrt64/bin/../lib/gcc/arm-none-eabi/13.3.0/thumb/v6-m/nofp\libgcc.a(_udivsi3.o) (__aeabi_idiv0)
C:/msys64/ucrt64/bin/../lib/gcc/arm-none-eabi/13.3.0/thumb/v6-m/nofp\libgcc.a(_lshrdi3.o)
                              cmake/stm32cubemx/CMakeFiles/STM32_Drivers.dir/__/__/Drivers/STM32F0xx_HAL_Driver/Src/stm32f0xx_hal_flash.c.obj (__aeabi_llsr)
C:/msys64/ucrt64/bin/../lib/gcc/arm-none-eabi/13.3.0/thumb/v6-m/nofp\libgcc.a(_arm_cmpsf2.o)
                              CMakeFiles/project.dir/App/hourglass.c.obj (__aeabi_fcmplt)
C:/msys64/ucrt64/bin/../lib/gcc/arm-none-eabi/13.3.0/thumb/v6-m/nofp\libgcc.a(_aeabi_ldivmod.o)
                              CMakeFiles/project.dir/App/hourglass.c.obj (__aeabi_ldivmod)
C:/msys64/ucrt64/bin/../lib/gcc/arm-none-eabi/13.3.0/thumb/v6-m/nofp\libgcc.a(_aeabi_uldivmod.o)
                              CMakeFiles/project.dir/App/hourglass.c.obj (__aeabi_uldivmod)
C:/msys64/ucrt64/bin/../lib/gcc/arm-none-eabi/13.3.0/thumb/v6-m/nofp\libgcc.a(_muldi3.o)
                              CMakeFiles/project.dir/App/hourglass.c.obj (__aeabi_lmul)
C:/msys64/ucrt64/bin/../lib/gcc/arm-none-eabi/13.3.0/thumb/v6-m/nofp\libgcc.a(_fixunssfsi.o)
                              CMakeFiles/project.dir/App/hourglass.c.obj (__aeabi_f2uiz)
C:/msys64/ucrt64/bin/../lib/gcc/arm-none-eabi/13.3.0/thumb/v6-m/nofp\libgcc.a(_udivmoddi4.o)
                              C:/msys64/ucrt64/bin/../lib/gcc/arm-none-eabi/13.3.0/thumb/v6-m/nofp\libgcc.a(_aeabi_uldivmod.o) (__udivmoddi4)
C:/msys64/ucrt64/bin/../lib/gcc/arm-none-eabi/13.3.0/thumb/v6-m/nofp\libgcc.a(bpabi.o)
                              C:/msys64/ucrt64/bin/../lib/gcc/arm-none-eabi/13.3.0/thumb/v6-m/nofp\libgcc.a(_aeabi_ldivmod.o) (__gnu_ldivmod_helper)
C:/msys64/ucrt64/bin/../lib/gcc/arm-none-eabi/13.3.0/thumb/v6-m/nofp\libgcc.a(addsf3.o)
                              CMakeFiles/project.dir/App/hourglass.c.obj (__aeabi_fadd)
C:/msys64/ucrt64/bin/../lib/gcc/arm-none-eabi/13.3.0/thumb/v6-m/nofp\libgcc.a(divsf3.o)
                              CMakeFiles/project.dir/Physics/motion.c.obj (__aeabi_fdiv)
C:/msys64/ucrt64/bin/../lib/gcc/arm-none-eabi/13.3.0/thumb/v6-m/nofp\libgcc.a(eqsf2.o)
                              C:/msys64/ucrt64/bin/../lib/gcc/arm-none-eabi/13.3.0/thumb/v6-m/nofp\libgcc.a(_arm_cmpsf2.o) (__eqsf2)
C:/msys64/ucrt64/bin/../lib/gcc/arm-none-eabi/13.3.0/thumb/v6-m/nofp\libgcc.a(gesf2.o)
                              C:/msys64/ucrt64/bin/../lib/gcc/arm-none-eabi/13.3.0/thumb/v6-m/nofp\libgcc.a(_arm_cmpsf2.o) (__gesf2)
C:/msys64/ucrt64/bin/../lib/gcc/arm-none-eabi/13.3.0/thumb/v6-m/nofp\libgcc.a(lesf2.o)
                              C:/msys64/ucrt64/bin/../lib/gcc/arm-none-eabi/13.3.0/thumb/v6-m/nofp\libgcc.a(_arm_cmpsf2.o) (__lesf2)
C:/msys64/ucrt64/bin/../lib/gcc/arm-none-eabi/13.3.0/thumb/v6-m/nofp\libgcc.a(mulsf3.o)
                              CMakeFiles/project.dir/App/hourglass.c.obj (__aeabi_fmul)
C:/msys64/ucrt64/bin/../lib/gcc/arm-none-eabi/13.3.0/thumb/v6-m/nofp\libgcc.a(subsf3.o)
                              C:/msys64/ucrt64/bin/../lib/gcc/arm-none-eabi/13.3.0/thumb/v6-m/nofp\libgcc.a(_fixunssfsi.o) (__aeabi_fsub)
C:/msys64/ucrt64/bin/../lib/gcc/arm-none-eabi/13.3.0/thumb/v6-m/nofp\libgcc.a(fixsfsi.o)
                              CMakeFiles/project.dir/Physics/particles.c.obj (__aeabi_f2iz)
C:/msys64/ucrt64/bin/../lib/gcc/arm-none-eabi/13.3.0/thumb/v6-m/nofp\libgcc.a(floatsisf.o)
                              CMakeFiles/project.dir/Physics/motion.c.obj (__aeabi_i2f)
C:/msys64/ucrt64/bin/../lib/gcc/arm-none-eabi/13.3.0/thumb/v6-m/nofp\libgcc.a(floatunsisf.o)
                              CMakeFiles/project.dir/Physics/motion.c.obj (__aeabi_ui2f)
C:/msys64/ucrt64/bin/../lib/gcc/arm-none-eabi/13.3.0/thumb/v6-m/nofp\libgcc.a(_ashldi3.o)
                              C:/msys64/ucrt64/bin/../lib/gcc/arm-none-eabi/13.3.0/thumb/v6-m/nofp\libgcc.a(_udivmoddi4.o) (__aeabi_llsl)
C:/msys64/ucrt64/bin/../lib/gcc/arm-none-eabi/13.3.0/thumb/v6-m/nofp\libgcc.a(_clzsi2.o)
[...]
Memory Configuration

Name             Origin             Length             Attributes
RAM              0x20000000         0x00002000         xrw
FLASH            0x08000000         0x00010000         xr
*default*        0x00000000         0xffffffff

Linker script and memory map

LOAD C:/msys64/ucrt64/bin/../lib/gcc/arm-none-eabi/13.3.0/thumb/v6-m/nofp/crti.o
LOAD C:/msys64/ucrt64/bin/../lib/gcc/arm-none-eabi/13.3.0/thumb/v6-m/nofp/crtbegin.o
LOAD C:/msys64/ucrt64/bin/../lib/gcc/arm-none-eabi/13.3.0/../../../../arm-none-eabi/lib/thumb/v6-m/nofp/crt0.o
LOAD cmake/stm32cubemx/CMakeFiles/STM32_Drivers.dir/__/__/Core/Src/system_stm32f0xx.c.obj
LOAD cmake/stm32cubemx/CMakeFiles/STM32_Drivers.dir/__/__/Drivers/STM32F0xx_HAL_Driver/Src/stm32f0xx_hal_i2c.c.obj
LOAD cmake/stm32cubemx/CMakeFiles/STM32_Drivers.dir/__/__/Drivers/STM32F0xx_HAL_Driver/Src/stm32f0xx_hal_i2c_ex.c.obj
LOAD cmake/stm32cubemx/CMakeFiles/STM32_Drivers.dir/__/__/Drivers/STM32F0xx_HAL_Driver/Src/stm32f0xx_hal_rcc.c.obj
LOAD cmake/stm32cubemx/CMakeFiles/STM32_Drivers.dir/__/__/Drivers/STM32F0xx_HAL_Driver/Src/stm32f0xx_hal_rcc_ex.c.obj
LOAD cmake/stm32cubemx/CMakeFiles/STM32_Drivers.dir/__/__/Drivers/STM32F0xx_HAL_Driver/Src/stm32f0xx_hal.c.obj
LOAD cmake/stm32cubemx/CMakeFiles/STM32_Drivers.dir/__/__/Drivers/STM32F0xx_HAL_Driver/Src/stm32f0xx_hal_gpio.c.obj
LOAD cmake/stm32cubemx/CMakeFiles/STM32_Drivers.dir/__/__/Drivers/STM32F0xx_HAL_Driver/Src/stm32f0xx_hal_dma.c.obj
LOAD cmake/stm32cubemx/CMakeFiles/STM32_Drivers.dir/__/__/Drivers/STM32F0xx_HAL_Driver/Src/stm32f0xx_hal_cortex.c.obj
LOAD cmake/stm32cubemx/CMakeFiles/STM32_Drivers.dir/__/__/Drivers/STM32F0xx_HAL_Driver/Src/stm32f0xx_hal_pwr.c.obj
LOAD cmake/stm32cubemx/CMakeFiles/STM32_Drivers.dir/__/__/Drivers/STM32F0xx_HAL_Driver/Src/stm32f0xx_hal_pwr_ex.c.obj
LOAD cmake/stm32cubemx/CMakeFiles/STM32_Drivers.dir/__/__/Drivers/STM32F0xx_HAL_Driver/Src/stm32f0xx_hal_flash.c.obj
LOAD cmake/stm32cubemx/CMakeFiles/STM32_Drivers.dir/__/__/Drivers/STM32F0xx_HAL_Driver/Src/stm32f0xx_hal_flash_ex.c.obj
LOAD cmake/stm32cubemx/CMakeFiles/STM32_Drivers.dir/__/__/Drivers/STM32F0xx_HAL_Driver/Src/stm32f0xx_hal_exti.c.obj
LOAD cmake/stm32cubemx/CMakeFiles/STM32_Drivers.dir/__/__/Drivers/STM32F0xx_HAL_Driver/Src/stm32f0xx_hal_spi.c.obj
LOAD cmake/stm32cubemx/CMakeFiles/STM32_Drivers.dir/__/__/Drivers/STM32F0xx_HAL_Driver/Src/stm32f0xx_hal_spi_ex.c.obj
LOAD cmake/stm32cubemx/CMakeFiles/STM32_Drivers.dir/__/__/Drivers/STM32F0xx_HAL_Driver/Src/stm32f0xx_hal_tim.c.obj
LOAD cmake/stm32cubemx/CMakeFiles/STM32_Drivers.dir/__/__/Drivers/STM32F0xx_HAL_Driver/Src/stm32f0xx_hal_tim_ex.c.obj
LOAD CMakeFiles/project.dir/Core/Src/main.c.obj
LOAD CMakeFiles/project.dir/Core/Src/gpio.c.obj
LOAD CMakeFiles/project.dir/Core/Src/i2c.c.obj
LOAD CMakeFiles/project.dir/Core/Src/spi.c.obj
LOAD CMakeFiles/project.dir/Core/Src/tim.c.obj
LOAD CMakeFiles/project.dir/Core/Src/stm32f0xx_it.c.obj
LOAD CMakeFiles/project.dir/Core/Src/stm32f0xx_hal_msp.c.obj
LOAD CMakeFiles/project.dir/Core/Src/sysmem.c.obj
LOAD CMakeFiles/project.dir/Core/Src/syscalls.c.obj
LOAD CMakeFiles/project.dir/startup_stm32f030x8.s.obj
LOAD CMakeFiles/project.dir/App/ocean.c.obj
LOAD CMakeFiles/project.dir/App/hourglass.c.obj
LOAD CMakeFiles/project.dir/Drivers/buttons.c.obj
LOAD CMakeFiles/project.dir/Drivers/buzzer.c.obj
LOAD CMakeFiles/project.dir/Drivers/display.c.obj
LOAD CMakeFiles/project.dir/Drivers/max7219.c.obj
LOAD CMakeFiles/project.dir/Drivers/mpu6050.c.obj
LOAD CMakeFiles/project.dir/Physics/motion.c.obj
LOAD CMakeFiles/project.dir/Physics/particles.c.obj
LOAD CMakeFiles/project.dir/App/bringup.c.obj
LOAD CMakeFiles/project.dir/App/imu_test.c.obj
LOAD C:/msys64/ucrt64/bin/../lib/gcc/arm-none-eabi/13.3.0/../../../../arm-none-eabi/lib/thumb/v6-m/nofp\libm.a
START GROUP
LOAD C:/msys64/ucrt64/bin/../lib/gcc/arm-none-eabi/13.3.0/thumb/v6-m/nofp\libgcc.a
LOAD C:/msys64/ucrt64/bin/../lib/gcc/arm-none-eabi/13.3.0/../../../../arm-none-eabi/lib/thumb/v6-m/nofp\libg_nano.a
LOAD C:/msys64/ucrt64/bin/../lib/gcc/arm-none-eabi/13.3.0/../../../../arm-none-eabi/lib/thumb/v6-m/nofp\libc_nano.a
END GROUP
START GROUP
LOAD C:/msys64/ucrt64/bin/../lib/gcc/arm-none-eabi/13.3.0/thumb/v6-m/nofp\libgcc.a
LOAD C:/msys64/ucrt64/bin/../lib/gcc/arm-none-eabi/13.3.0/../../../../arm-none-eabi/lib/thumb/v6-m/nofp\libc_nano.a
END GROUP
LOAD C:/msys64/ucrt64/bin/../lib/gcc/arm-none-eabi/13.3.0/thumb/v6-m/nofp/crtend.o
LOAD C:/msys64/ucrt64/bin/../lib/gcc/arm-none-eabi/13.3.0/thumb/v6-m/nofp/crtn.o
                0x20002000                        _estack = (ORIGIN (RAM) + LENGTH (RAM))
                0x20001c00                        _sstack = (_estack - _Min_Stack_Size)
                0x00000200                        _Min_Heap_Size = 0x200
                0x00000400                        _Min_Stack_Size = 0x400

.isr_vector     0x08000000       0xc0
                0x08000000                        . = ALIGN (0x4)
 *(.isr_vector)
 .isr_vector    0x08000000       0xc0 CMakeFiles/project.dir/startup_stm32f030x8.s.obj
                0x08000000                g_pfnVectors
                0x080000c0                        . = ALIGN (0x4)

.text           0x080000c0     0x4958
                0x080000c0                        . = ALIGN (0x4)
 *(.text)
 .text          0x080000c0       0x14 C:/msys64/ucrt64/bin/../lib/gcc/arm-none-eabi/13.3.0/thumb/v6-m/nofp\libgcc.a(_thumb1_case_uqi.o)
                0x080000c0                __gnu_thumb1_case_uqi
 .text          0x080000d4       0x8c C:/msys64/ucrt64/bin/../lib/gcc/arm-none-eabi/13.3.0/thumb/v6-m/nofp\libgcc.a(_udivsi3.o)
                0x080000d4                __aeabi_uidiv
                0x080000d4                __udivsi3
                0x0800014c                __aeabi_uidivmod
 .text          0x08000160       0xa8 C:/msys64/ucrt64/bin/../lib/gcc/arm-none-eabi/13.3.0/thumb/v6-m/nofp\libgcc.a(_divsi3.o)
                0x08000160                __divsi3
                0x08000160                __aeabi_idiv
                0x080001f4                __aeabi_idivmod
 .text          0x08000208        0x4 C:/msys64/ucrt64/bin/../lib/gcc/arm-none-eabi/13.3.0/thumb/v6-m/nofp\libgcc.a(_dvmd_tls.o)
                0x08000208                __aeabi_idiv0
                0x08000208                __aeabi_ldiv0
 .text          0x0800020c       0x18 C:/msys64/ucrt64/bin/../lib/gcc/arm-none-eabi/13.3.0/thumb/v6-m/nofp\libgcc.a(_lshrdi3.o)
                0x0800020c                __lshrdi3
                0x0800020c                __aeabi_llsr
 .text          0x08000224       0x74 C:/msys64/ucrt64/bin/../lib/gcc/arm-none-eabi/13.3.0/thumb/v6-m/nofp\libgcc.a(_arm_cmpsf2.o)
                0x08000224                __aeabi_cfrcmple
                0x0800022c                __aeabi_cfcmpeq
                0x0800022c                __aeabi_cfcmple
                0x0800023c                __aeabi_fcmpeq
                0x08000248                __aeabi_fcmplt
                0x0800025c                __aeabi_fcmple
                0x08000270                __aeabi_fcmpgt
                0x08000284                __aeabi_fcmpge
 .text          0x08000298       0x40 C:/msys64/ucrt64/bin/../lib/gcc/arm-none-eabi/13.3.0/thumb/v6-m/nofp\libgcc.a(_aeabi_uldivmod.o)
                0x08000298                __aeabi_uldivmod
 .text          0x080002d8       0x18 C:/msys64/ucrt64/bin/../lib/gcc/arm-none-eabi/13.3.0/thumb/v6-m/nofp\libgcc.a(_ashldi3.o)
                0x080002d8                __aeabi_llsl
                0x080002d8                __ashldi3
 .text          0x080002f0       0x3c C:/msys64/ucrt64/bin/../lib/gcc/arm-none-eabi/13.3.0/thumb/v6-m/nofp\libgcc.a(_clzsi2.o)
                0x080002f0                __clzsi2
 .text          0x0800032c       0x18 C:/msys64/ucrt64/bin/../lib/gcc/arm-none-eabi/13.3.0/thumb/v6-m/nofp\libgcc.a(_clzdi2.o)
                0x0800032c                __clzdi2
 .text          0x08000344       0xa8 C:/msys64/ucrt64/bin/../lib/gcc/arm-none-eabi/13.3.0/../../../../arm-none-eabi/lib/thumb/v6-m/nofp\libg_nano.a(libc_a-memset.o)
                0x08000344                memset
 .text          0x080003ec       0x48 C:/msys64/ucrt64/bin/../lib/gcc/arm-none-eabi/13.3.0/../../../../arm-none-eabi/lib/thumb/v6-m/nofp\libg_nano.a(libc_a-init.o)
                0x080003ec                __libc_init_array
 *(.text*)
 .text.__do_global_dtors_aux
                0x08000434       0x28 C:/msys64/ucrt64/bin/../lib/gcc/arm-none-eabi/13.3.0/thumb/v6-m/nofp/crtbegin.o
 .text.frame_dummy
                0x0800045c       0x20 C:/msys64/ucrt64/bin/../lib/gcc/arm-none-eabi/13.3.0/thumb/v6-m/nofp/crtbegin.o
 .text.SystemInit
                0x0800047c        0x2 cmake/stm32cubemx/CMakeFiles/STM32_Drivers.dir/__/__/Core/Src/system_stm32f0xx.c.obj
                0x0800047c                SystemInit
 .text.I2C_Flush_TXDR
                0x0800047e       0x1c cmake/stm32cubemx/CMakeFiles/STM32_Drivers.dir/__/__/Drivers/STM32F0xx_HAL_Driver/Src/stm32f0xx_hal_i2c.c.obj
 *fill*         0x0800049a        0x2 
 .text.I2C_TransferConfig
                0x0800049c       0x2c cmake/stm32cubemx/CMakeFiles/STM32_Drivers.dir/__/__/Drivers/STM32F0xx_HAL_Driver/Src/stm32f0xx_hal_i2c.c.obj
 .text.I2C_IsErrorOccurred
                0x080004c8       0xfc cmake/stm32cubemx/CMakeFiles/STM32_Drivers.dir/__/__/Drivers/STM32F0xx_HAL_Driver/Src/stm32f0xx_hal_i2c.c.obj
 .text.I2C_WaitOnTXISFlagUntilTimeout
                0x080005c4       0x5c cmake/stm32cubemx/CMakeFiles/STM32_Drivers.dir/__/__/Drivers/STM32F0xx_HAL_Driver/Src/stm32f0xx_hal_i2c.c.obj
 .text.I2C_WaitOnFlagUntilTimeout
                0x08000620       0x6e cmake/stm32cubemx/CMakeFiles/STM32_Drivers.dir/__/__/Drivers/STM32F0xx_HAL_Driver/Src/stm32f0xx_hal_i2c.c.obj
 .text.I2C_WaitOnSTOPFlagUntilTimeout
                0x0800068e       0x54 cmake/stm32cubemx/CMakeFiles/STM32_Drivers.dir/__/__/Drivers/STM32F0xx_HAL_Driver/Src/stm32f0xx_hal_i2c.c.obj
 *fill*         0x080006e2        0x2 
 .text.HAL_I2C_Init
                0x080006e4       0xbc cmake/stm32cubemx/CMakeFiles/STM32_Drivers.dir/__/__/Drivers/STM32F0xx_HAL_Driver/Src/stm32f0xx_hal_i2c.c.obj
                0x080006e4                HAL_I2C_Init
 .text.HAL_I2C_Mem_Write
                0x080007a0      0x1b4 cmake/stm32cubemx/CMakeFiles/STM32_Drivers.dir/__/__/Drivers/STM32F0xx_HAL_Driver/Src/stm32f0xx_hal_i2c.c.obj
                0x080007a0                HAL_I2C_Mem_Write
 .text.HAL_I2C_Mem_Read
                0x08000954      0x1bc cmake/stm32cubemx/CMakeFiles/STM32_Drivers.dir/__/__/Drivers/STM32F0xx_HAL_Driver/Src/stm32f0xx_hal_i2c.c.obj
                0x08000954                HAL_I2C_Mem_Read
 .text.HAL_I2CEx_ConfigAnalogFilter
                0x08000b10       0x4c cmake/stm32cubemx/CMakeFiles/STM32_Drivers.dir/__/__/Drivers/STM32F0xx_HAL_Driver/Src/stm32f0xx_hal_i2c_ex.c.obj
                0x08000b10                HAL_I2CEx_ConfigAnalogFilter
 .text.HAL_I2CEx_ConfigDigitalFilter
                0x08000b5c       0x48 cmake/stm32cubemx/CMakeFiles/STM32_Drivers.dir/__/__/Drivers/STM32F0xx_HAL_Driver/Src/stm32f0xx_hal_i2c_ex.c.obj
                0x08000b5c                HAL_I2CEx_ConfigDigitalFilter
 .text.HAL_RCC_OscConfig
                0x08000ba4      0x3fc cmake/stm32cubemx/CMakeFiles/STM32_Drivers.dir/__/__/Drivers/STM32F0xx_HAL_Driver/Src/stm32f0xx_hal_rcc.c.obj
                0x08000ba4                HAL_RCC_OscConfig
 .text.HAL_RCC_GetSysClockFreq
                0x08000fa0       0x4c cmake/stm32cubemx/CMakeFiles/STM32_Drivers.dir/__/__/Drivers/STM32F0xx_HAL_Driver/Src/stm32f0xx_hal_rcc.c.obj
                0x08000fa0                HAL_RCC_GetSysClockFreq
 .text.HAL_RCC_ClockConfig
                0x08000fec      0x108 cmake/stm32cubemx/CMakeFiles/STM32_Drivers.dir/__/__/Drivers/STM32F0xx_HAL_Driver/Src/stm32f0xx_hal_rcc.c.obj
                0x08000fec                HAL_RCC_ClockConfig
 .text.HAL_RCC_GetPCLK1Freq
                0x080010f4       0x20 cmake/stm32cubemx/CMakeFiles/STM32_Drivers.dir/__/__/Drivers/STM32F0xx_HAL_Driver/Src/stm32f0xx_hal_rcc.c.obj
                0x080010f4                HAL_RCC_GetPCLK1Freq
 .text.HAL_RCC_GetClockConfig
                0x08001114       0x38 cmake/stm32cubemx/CMakeFiles/STM32_Drivers.dir/__/__/Drivers/STM32F0xx_HAL_Driver/Src/stm32f0xx_hal_rcc.c.obj
                0x08001114                HAL_RCC_GetClockConfig
 .text.HAL_RCCEx_PeriphCLKConfig
                0x0800114c      0x10c cmake/stm32cubemx/CMakeFiles/STM32_Drivers.dir/__/__/Drivers/STM32F0xx_HAL_Driver/Src/stm32f0xx_hal_rcc_ex.c.obj
                0x0800114c                HAL_RCCEx_PeriphCLKConfig
 .text.HAL_InitTick
                0x08001258       0x48 cmake/stm32cubemx/CMakeFiles/STM32_Drivers.dir/__/__/Drivers/STM32F0xx_HAL_Driver/Src/stm32f0xx_hal.c.obj
                0x08001258                HAL_InitTick
 .text.HAL_Init
                0x080012a0       0x20 cmake/stm32cubemx/CMakeFiles/STM32_Drivers.dir/__/__/Drivers/STM32F0xx_HAL_Driver/Src/stm32f0xx_hal.c.obj
                0x080012a0                HAL_Init
 .text.HAL_IncTick
                0x080012c0       0x18 cmake/stm32cubemx/CMakeFiles/STM32_Drivers.dir/__/__/Drivers/STM32F0xx_HAL_Driver/Src/stm32f0xx_hal.c.obj
                0x080012c0                HAL_IncTick
 .text.HAL_GetTick
                0x080012d8        0xc cmake/stm32cubemx/CMakeFiles/STM32_Drivers.dir/__/__/Drivers/STM32F0xx_HAL_Driver/Src/stm32f0xx_hal.c.obj
                0x080012d8                HAL_GetTick
 .text.HAL_GPIO_Init
                0x080012e4      0x170 cmake/stm32cubemx/CMakeFiles/STM32_Drivers.dir/__/__/Drivers/STM32F0xx_HAL_Driver/Src/stm32f0xx_hal_gpio.c.obj
                0x080012e4                HAL_GPIO_Init
 .text.HAL_GPIO_ReadPin
                0x08001454        0xc cmake/stm32cubemx/CMakeFiles/STM32_Drivers.dir/__/__/Drivers/STM32F0xx_HAL_Driver/Src/stm32f0xx_hal_gpio.c.obj
                0x08001454                HAL_GPIO_ReadPin
 .text.HAL_GPIO_WritePin
                0x08001460        0xc cmake/stm32cubemx/CMakeFiles/STM32_Drivers.dir/__/__/Drivers/STM32F0xx_HAL_Driver/Src/stm32f0xx_hal_gpio.c.obj
                0x08001460                HAL_GPIO_WritePin
 .text.HAL_NVIC_SetPriority
                0x0800146c       0x54 cmake/stm32cubemx/CMakeFiles/STM32_Drivers.dir/__/__/Drivers/STM32F0xx_HAL_Driver/Src/stm32f0xx_hal_cortex.c.obj
                0x0800146c                HAL_NVIC_SetPriority
 .text.HAL_SYSTICK_Config
                0x080014c0       0x34 cmake/stm32cubemx/CMakeFiles/STM32_Drivers.dir/__/__/Drivers/STM32F0xx_HAL_Driver/Src/stm32f0xx_hal_cortex.c.obj
                0x080014c0                HAL_SYSTICK_Config
 .text.SPI_WaitFlagStateUntilTimeout.constprop.0
                0x080014f4       0xb8 cmake/stm32cubemx/CMakeFiles/STM32_Drivers.dir/__/__/Drivers/STM32F0xx_HAL_Driver/Src/stm32f0xx_hal_spi.c.obj
 .text.SPI_WaitFifoStateUntilTimeout.constprop.0
                0x080015ac       0xd8 cmake/stm32cubemx/CMakeFiles/STM32_Drivers.dir/__/__/Drivers/STM32F0xx_HAL_Driver/Src/stm32f0xx_hal_spi.c.obj
 .text.SPI_EndRxTxTransaction
                0x08001684       0x46 cmake/stm32cubemx/CMakeFiles/STM32_Drivers.dir/__/__/Drivers/STM32F0xx_HAL_Driver/Src/stm32f0xx_hal_spi.c.obj
 *fill*         0x080016ca        0x2 
 .text.HAL_SPI_Init
                0x080016cc       0xf0 cmake/stm32cubemx/CMakeFiles/STM32_Drivers.dir/__/__/Drivers/STM32F0xx_HAL_Driver/Src/stm32f0xx_hal_spi.c.obj
                0x080016cc                HAL_SPI_Init
 .text.HAL_SPI_Transmit
                0x080017bc      0x184 cmake/stm32cubemx/CMakeFiles/STM32_Drivers.dir/__/__/Drivers/STM32F0xx_HAL_Driver/Src/stm32f0xx_hal_spi.c.obj
                0x080017bc                HAL_SPI_Transmit
 .text.TIM_OC1_SetConfig
                0x08001940       0x70 cmake/stm32cubemx/CMakeFiles/STM32_Drivers.dir/__/__/Drivers/STM32F0xx_HAL_Driver/Src/stm32f0xx_hal_tim.c.obj
 .text.TIM_OC3_SetConfig
                0x080019b0       0x88 cmake/stm32cubemx/CMakeFiles/STM32_Drivers.dir/__/__/Drivers/STM32F0xx_HAL_Driver/Src/stm32f0xx_hal_tim.c.obj
 .text.TIM_OC4_SetConfig
                0x08001a38       0x74 cmake/stm32cubemx/CMakeFiles/STM32_Drivers.dir/__/__/Drivers/STM32F0xx_HAL_Driver/Src/stm32f0xx_hal_tim.c.obj
 .text.HAL_TIM_GenerateEvent
                0x08001aac       0x26 cmake/stm32cubemx/CMakeFiles/STM32_Drivers.dir/__/__/Drivers/STM32F0xx_HAL_Driver/Src/stm32f0xx_hal_tim.c.obj
                0x08001aac                HAL_TIM_GenerateEvent
 *fill*         0x08001ad2        0x2 
 .text.TIM_Base_SetConfig
                0x08001ad4       0x98 cmake/stm32cubemx/CMakeFiles/STM32_Drivers.dir/__/__/Drivers/STM32F0xx_HAL_Driver/Src/stm32f0xx_hal_tim.c.obj
                0x08001ad4                TIM_Base_SetConfig
 .text.HAL_TIM_PWM_Init
                0x08001b6c       0x50 cmake/stm32cubemx/CMakeFiles/STM32_Drivers.dir/__/__/Drivers/STM32F0xx_HAL_Driver/Src/stm32f0xx_hal_tim.c.obj
                0x08001b6c                HAL_TIM_PWM_Init
 .text.TIM_OC2_SetConfig
                0x08001bbc       0x80 cmake/stm32cubemx/CMakeFiles/STM32_Drivers.dir/__/__/Drivers/STM32F0xx_HAL_Driver/Src/stm32f0xx_hal_tim.c.obj
                0x08001bbc                TIM_OC2_SetConfig
 .text.HAL_TIM_PWM_ConfigChannel
                0x08001c3c       0xc0 cmake/stm32cubemx/CMakeFiles/STM32_Drivers.dir/__/__/Drivers/STM32F0xx_HAL_Driver/Src/stm32f0xx_hal_tim.c.obj
                0x08001c3c                HAL_TIM_PWM_ConfigChannel
 .text.TIM_CCxChannelCmd
                0x08001cfc       0x1a cmake/stm32cubemx/CMakeFiles/STM32_Drivers.dir/__/__/Drivers/STM32F0xx_HAL_Driver/Src/stm32f0xx_hal_tim.c.obj
                0x08001cfc                TIM_CCxChannelCmd
 *fill*         0x08001d16        0x2 
 .text.HAL_TIM_OC_Start
                0x08001d18       0xb8 cmake/stm32cubemx/CMakeFiles/STM32_Drivers.dir/__/__/Drivers/STM32F0xx_HAL_Driver/Src/stm32f0xx_hal_tim.c.obj
                0x08001d18                HAL_TIM_OC_Start
 .text.HAL_TIM_PWM_Start
                0x08001dd0        0x8 cmake/stm32cubemx/CMakeFiles/STM32_Drivers.dir/__/__/Drivers/STM32F0xx_HAL_Driver/Src/stm32f0xx_hal_tim.c.obj
                0x08001dd0                HAL_TIM_PWM_Start
 .text.HAL_TIM_OC_Stop
                0x08001dd8       0x94 cmake/stm32cubemx/CMakeFiles/STM32_Drivers.dir/__/__/Drivers/STM32F0xx_HAL_Driver/Src/stm32f0xx_hal_tim.c.obj
                0x08001dd8                HAL_TIM_OC_Stop
 .text.HAL_TIM_PWM_Stop
                0x08001e6c        0x8 cmake/stm32cubemx/CMakeFiles/STM32_Drivers.dir/__/__/Drivers/STM32F0xx_HAL_Driver/Src/stm32f0xx_hal_tim.c.obj
                0x08001e6c                HAL_TIM_PWM_Stop
 .text.HAL_TIMEx_MasterConfigSynchronization
                0x08001e74       0x5c cmake/stm32cubemx/CMakeFiles/STM32_Drivers.dir/__/__/Drivers/STM32F0xx_HAL_Driver/Src/stm32f0xx_hal_tim_ex.c.obj
                0x08001e74                HAL_TIMEx_MasterConfigSynchronization
 .text.SystemClock_Config
                0x08001ed0       0x80 CMakeFiles/project.dir/Core/Src/main.c.obj
                0x08001ed0                SystemClock_Config
 .text.startup.main
                0x08001f50       0x5c CMakeFiles/project.dir/Core/Src/main.c.obj
                0x08001f50                main
 .text.Error_Handler
                0x08001fac        0x4 CMakeFiles/project.dir/Core/Src/main.c.obj
                0x08001fac                Error_Handler
 .text.MX_GPIO_Init
                0x08001fb0       0x84 CMakeFiles/project.dir/Core/Src/gpio.c.obj
                0x08001fb0                MX_GPIO_Init
 .text.MX_I2C1_Init
                0x08002034       0x5c CMakeFiles/project.dir/Core/Src/i2c.c.obj
                0x08002034                MX_I2C1_Init
 .text.HAL_I2C_MspInit
                0x08002090       0x68 CMakeFiles/project.dir/Core/Src/i2c.c.obj
                0x08002090                HAL_I2C_MspInit
 .text.MX_SPI1_Init
                0x080020f8       0x54 CMakeFiles/project.dir/Core/Src/spi.c.obj
                0x080020f8                MX_SPI1_Init
 .text.HAL_SPI_MspInit
                0x0800214c       0x60 CMakeFiles/project.dir/Core/Src/spi.c.obj
                0x0800214c                HAL_SPI_MspInit
 .text.HAL_TIM_PWM_MspInit
                0x080021ac       0x28 CMakeFiles/project.dir/Core/Src/tim.c.obj
                0x080021ac                HAL_TIM_PWM_MspInit
 .text.HAL_TIM_MspPostInit
                0x080021d4       0x50 CMakeFiles/project.dir/Core/Src/tim.c.obj
                0x080021d4                HAL_TIM_MspPostInit
 .text.MX_TIM3_Init
                0x08002224       0x88 CMakeFiles/project.dir/Core/Src/tim.c.obj
                0x08002224                MX_TIM3_Init
 .text.NMI_Handler
                0x080022ac        0x2 CMakeFiles/project.dir/Core/Src/stm32f0xx_it.c.obj
                0x080022ac                NMI_Handler
 .text.HardFault_Handler
                0x080022ae        0x2 CMakeFiles/project.dir/Core/Src/stm32f0xx_it.c.obj
                0x080022ae                HardFault_Handler
 .text.SVC_Handler
                0x080022b0        0x2 CMakeFiles/project.dir/Core/Src/stm32f0xx_it.c.obj
                0x080022b0                SVC_Handler
 .text.PendSV_Handler
                0x080022b2        0x2 CMakeFiles/project.dir/Core/Src/stm32f0xx_it.c.obj
                0x080022b2                PendSV_Handler
 .text.SysTick_Handler
                0x080022b4        0x8 CMakeFiles/project.dir/Core/Src/stm32f0xx_it.c.obj
                0x080022b4                SysTick_Handler
 .text.HAL_MspInit
                0x080022bc       0x30 CMakeFiles/project.dir/Core/Src/stm32f0xx_hal_msp.c.obj
                0x080022bc                HAL_MspInit
 .text.Reset_Handler
                0x080022ec       0x50 CMakeFiles/project.dir/startup_stm32f030x8.s.obj
                0x080022ec                Reset_Handler
 .text.Default_Handler
                0x0800233c        0x2 CMakeFiles/project.dir/startup_stm32f030x8.s.obj
                0x0800233c                TIM1_CC_IRQHandler
                0x0800233c                TIM6_IRQHandler
                0x0800233c                I2C1_IRQHandler
                0x0800233c                SPI1_IRQHandler
                0x0800233c                EXTI2_3_IRQHandler
                0x0800233c                ADC1_IRQHandler
                0x0800233c                I2C2_IRQHandler
                0x0800233c                TIM17_IRQHandler
                0x0800233c                RTC_IRQHandler
                0x0800233c                TIM16_IRQHandler
                0x0800233c                TIM3_IRQHandler
                0x0800233c                EXTI4_15_IRQHandler
                0x0800233c                RCC_IRQHandler
                0x0800233c                DMA1_Channel1_IRQHandler
                0x0800233c                Default_Handler
                0x0800233c                TIM14_IRQHandler
                0x0800233c                DMA1_Channel4_5_IRQHandler
                0x0800233c                TIM15_IRQHandler
                0x0800233c                EXTI0_1_IRQHandler
                0x0800233c                SPI2_IRQHandler
                0x0800233c                WWDG_IRQHandler
                0x0800233c                DMA1_Channel2_3_IRQHandler
                0x0800233c                USART2_IRQHandler
                0x0800233c                FLASH_IRQHandler
                0x0800233c                USART1_IRQHandler
                0x0800233c                TIM1_BRK_UP_TRG_COM_IRQHandler
 *fill*         0x0800233e        0x2 
 .text.Ocean_Init
                0x08002340       0x40 CMakeFiles/project.dir/App/ocean.c.obj
                0x08002340                Ocean_Init
 .text.Ocean_Resume
                0x08002380        0xc CMakeFiles/project.dir/App/ocean.c.obj
                0x08002380                Ocean_Resume
 .text.Ocean_Update
                0x0800238c       0x38 CMakeFiles/project.dir/App/ocean.c.obj
                0x0800238c                Ocean_Update
 .text.Ocean_Render
                0x080023c4       0x30 CMakeFiles/project.dir/App/ocean.c.obj
                0x080023c4                Ocean_Render
 .text.open_cell
                0x080023f4       0x28 CMakeFiles/project.dir/App/hourglass.c.obj
 .text.neck_gate
                0x0800241c       0x80 CMakeFiles/project.dir/App/hourglass.c.obj
 .text.Hourglass_Init
                0x0800249c       0xc4 CMakeFiles/project.dir/App/hourglass.c.obj
                0x0800249c                Hourglass_Init
 .text.Hourglass_Resume
                0x08002560        0xc CMakeFiles/project.dir/App/hourglass.c.obj
                0x08002560                Hourglass_Resume
 .text.Hourglass_Update
                0x0800256c      0x268 CMakeFiles/project.dir/App/hourglass.c.obj
                0x0800256c                Hourglass_Update
 .text.Hourglass_Render
                0x080027d4       0x78 CMakeFiles/project.dir/App/hourglass.c.obj
                0x080027d4                Hourglass_Render
 .text.Hourglass_TakeCompletionEvent
                0x0800284c       0x10 CMakeFiles/project.dir/App/hourglass.c.obj
                0x0800284c                Hourglass_TakeCompletionEvent
 .text.read_button
                0x0800285c       0x1a CMakeFiles/project.dir/Drivers/buttons.c.obj
 *fill*         0x08002876        0x2 
 .text.Buttons_Init
                0x08002878       0x40 CMakeFiles/project.dir/Drivers/buttons.c.obj
                0x08002878                Buttons_Init
 .text.Buttons_Update
                0x080028b8       0x98 CMakeFiles/project.dir/Drivers/buttons.c.obj
                0x080028b8                Buttons_Update
 .text.Buttons_TakeEvents
                0x08002950       0x10 CMakeFiles/project.dir/Drivers/buttons.c.obj
                0x08002950                Buttons_TakeEvents
 .text.Buttons_IsPressed
                0x08002960       0x18 CMakeFiles/project.dir/Drivers/buttons.c.obj
                0x08002960                Buttons_IsPressed
 .text.play_tone
                0x08002978       0x60 CMakeFiles/project.dir/Drivers/buzzer.c.obj
 .text.Buzzer_Stop
                0x080029d8       0x20 CMakeFiles/project.dir/Drivers/buzzer.c.obj
                0x080029d8                Buzzer_Stop
 .text.Buzzer_Init
                0x080029f8       0x54 CMakeFiles/project.dir/Drivers/buzzer.c.obj
                0x080029f8                Buzzer_Init
 .text.Buzzer_StartAlarm
                0x08002a4c       0x34 CMakeFiles/project.dir/Drivers/buzzer.c.obj
                0x08002a4c                Buzzer_StartAlarm
 .text.Buzzer_Update
                0x08002a80       0x6c CMakeFiles/project.dir/Drivers/buzzer.c.obj
                0x08002a80                Buzzer_Update
 .text.Display_Clear
                0x08002aec       0x14 CMakeFiles/project.dir/Drivers/display.c.obj
                0x08002aec                Display_Clear
 .text.Display_Fill
                0x08002b00       0x14 CMakeFiles/project.dir/Drivers/display.c.obj
                0x08002b00                Display_Fill
 .text.Display_SetPixel
                0x08002b14       0x2c CMakeFiles/project.dir/Drivers/display.c.obj
                0x08002b14                Display_SetPixel
 .text.Display_GetPixel
                0x08002b40       0x24 CMakeFiles/project.dir/Drivers/display.c.obj
                0x08002b40                Display_GetPixel
 .text.Display_Update
                0x08002b64       0x90 CMakeFiles/project.dir/Drivers/display.c.obj
                0x08002b64                Display_Update
 .text.Display_Init
                0x08002bf4       0x1c CMakeFiles/project.dir/Drivers/display.c.obj
                0x08002bf4                Display_Init
 .text.Max7219_WriteRegister
                0x08002c10       0x3c CMakeFiles/project.dir/Drivers/max7219.c.obj
                0x08002c10                Max7219_WriteRegister
 .text.Max7219_SetIntensity
                0x08002c4c       0x1a CMakeFiles/project.dir/Drivers/max7219.c.obj
                0x08002c4c                Max7219_SetIntensity
 *fill*         0x08002c66        0x2 
 .text.Max7219_Init
                0x08002c68       0x64 CMakeFiles/project.dir/Drivers/max7219.c.obj
                0x08002c68                Max7219_Init
 .text.Mpu6050_Init
                0x08002ccc       0x58 CMakeFiles/project.dir/Drivers/mpu6050.c.obj
                0x08002ccc                Mpu6050_Init
 .text.Mpu6050_Update
                0x08002d24      0x1d4 CMakeFiles/project.dir/Drivers/mpu6050.c.obj
                0x08002d24                Mpu6050_Update
 .text.Mpu6050_GetStatus
                0x08002ef8        0xc CMakeFiles/project.dir/Drivers/mpu6050.c.obj
                0x08002ef8                Mpu6050_GetStatus
 .text.Mpu6050_GetSample
                0x08002f04       0x40 CMakeFiles/project.dir/Drivers/mpu6050.c.obj
                0x08002f04                Mpu6050_GetSample
 .text.Motion_Init
                0x08002f44       0x44 CMakeFiles/project.dir/Physics/motion.c.obj
                0x08002f44                Motion_Init
 .text.Motion_Update
                0x08002f88      0x170 CMakeFiles/project.dir/Physics/motion.c.obj
                0x08002f88                Motion_Update
 .text.Motion_IsValid
                0x080030f8        0xc CMakeFiles/project.dir/Physics/motion.c.obj
                0x080030f8                Motion_IsValid
 .text.Motion_GetDisplayGravity
                0x08003104       0x10 CMakeFiles/project.dir/Physics/motion.c.obj
                0x08003104                Motion_GetDisplayGravity
 .text.Motion_GetShakeStrength
                0x08003114       0x18 CMakeFiles/project.dir/Physics/motion.c.obj
                0x08003114                Motion_GetShakeStrength
 .text.random_next
                0x0800312c       0x16 CMakeFiles/project.dir/Physics/particles.c.obj
 .text.solid    0x08003142       0x1c CMakeFiles/project.dir/Physics/particles.c.obj
 *fill*         0x0800315e        0x2 
 .text.Particles_Init
                0x08003160       0x48 CMakeFiles/project.dir/Physics/particles.c.obj
                0x08003160                Particles_Init
 .text.Particles_SetMoveGate
                0x080031a8        0xc CMakeFiles/project.dir/Physics/particles.c.obj
                0x080031a8                Particles_SetMoveGate
 .text.Particles_GetPixel
                0x080031b4       0x1e CMakeFiles/project.dir/Physics/particles.c.obj
                0x080031b4                Particles_GetPixel
 .text.Particles_Add
                0x080031d2       0x64 CMakeFiles/project.dir/Physics/particles.c.obj
                0x080031d2                Particles_Add
 .text.try_move
                0x08003236       0xbc CMakeFiles/project.dir/Physics/particles.c.obj
 *fill*         0x080032f2        0x2 
 .text.Particles_Step
                0x080032f4      0x284 CMakeFiles/project.dir/Physics/particles.c.obj
                0x080032f4                Particles_Step
 .text.draw_button
                0x08003578       0x72 CMakeFiles/project.dir/App/bringup.c.obj
 *fill*         0x080035ea        0x2 
 .text.render   0x080035ec      0x1ac CMakeFiles/project.dir/App/bringup.c.obj
 .text.Bringup_Init
                0x08003798       0x78 CMakeFiles/project.dir/App/bringup.c.obj
                0x08003798                Bringup_Init
 .text.Bringup_Update
                0x08003810      0x1bc CMakeFiles/project.dir/App/bringup.c.obj
                0x08003810                Bringup_Update
 .text.draw_glyph
                0x080039cc       0x40 CMakeFiles/project.dir/App/imu_test.c.obj
 .text.ImuTest_Init
                0x08003a0c       0x38 CMakeFiles/project.dir/App/imu_test.c.obj
                0x08003a0c                ImuTest_Init
 .text.ImuTest_Update
                0x08003a44       0x88 CMakeFiles/project.dir/App/imu_test.c.obj
                0x08003a44                ImuTest_Update
 .text.ImuTest_SelectPage
                0x08003acc       0x1c CMakeFiles/project.dir/App/imu_test.c.obj
                0x08003acc                ImuTest_SelectPage
 .text.ImuTest_Render
                0x08003ae8      0x224 CMakeFiles/project.dir/App/imu_test.c.obj
                0x08003ae8                ImuTest_Render
 .text.__muldi3
                0x08003d0c       0x44 C:/msys64/ucrt64/bin/../lib/gcc/arm-none-eabi/13.3.0/thumb/v6-m/nofp\libgcc.a(_muldi3.o)
                0x08003d0c                __muldi3
                0x08003d0c                __aeabi_lmul
 .text.__fixunssfsi
                0x08003d50       0x2e C:/msys64/ucrt64/bin/../lib/gcc/arm-none-eabi/13.3.0/thumb/v6-m/nofp\libgcc.a(_fixunssfsi.o)
                0x08003d50                __fixunssfsi
                0x08003d50                __aeabi_f2uiz
 .text.__udivmoddi4
                0x08003d7e       0xde C:/msys64/ucrt64/bin/../lib/gcc/arm-none-eabi/13.3.0/thumb/v6-m/nofp\libgcc.a(_udivmoddi4.o)
                0x08003d7e                __udivmoddi4
 .text.__aeabi_fadd
                0x08003e5c      0x2c0 C:/msys64/ucrt64/bin/../lib/gcc/arm-none-eabi/13.3.0/thumb/v6-m/nofp\libgcc.a(addsf3.o)
                0x08003e5c                __aeabi_fadd
 .text.__aeabi_fdiv
                0x0800411c      0x1b4 C:/msys64/ucrt64/bin/../lib/gcc/arm-none-eabi/13.3.0/thumb/v6-m/nofp\libgcc.a(divsf3.o)
                0x0800411c                __aeabi_fdiv
 .text.__eqsf2  0x080042d0       0x4a C:/msys64/ucrt64/bin/../lib/gcc/arm-none-eabi/13.3.0/thumb/v6-m/nofp\libgcc.a(eqsf2.o)
                0x080042d0                __eqsf2
                0x080042d0                __nesf2
 .text.__gesf2  0x0800431a       0x7c C:/msys64/ucrt64/bin/../lib/gcc/arm-none-eabi/13.3.0/thumb/v6-m/nofp\libgcc.a(gesf2.o)
                0x0800431a                __gesf2
                0x0800431a                __gtsf2
 .text.__lesf2  0x08004396       0x7c C:/msys64/ucrt64/bin/../lib/gcc/arm-none-eabi/13.3.0/thumb/v6-m/nofp\libgcc.a(lesf2.o)
                0x08004396                __ltsf2
                0x08004396                __lesf2
 *fill*         0x08004412        0x2 
 .text.__aeabi_fmul
                0x08004414      0x1e8 C:/msys64/ucrt64/bin/../lib/gcc/arm-none-eabi/13.3.0/thumb/v6-m/nofp\libgcc.a(mulsf3.o)
                0x08004414                __aeabi_fmul
 .text.__aeabi_fsub
                0x080045fc      0x2d0 C:/msys64/ucrt64/bin/../lib/gcc/arm-none-eabi/13.3.0/thumb/v6-m/nofp\libgcc.a(subsf3.o)
                0x080045fc                __aeabi_fsub
 .text.__aeabi_f2iz
                0x080048cc       0x3c C:/msys64/ucrt64/bin/../lib/gcc/arm-none-eabi/13.3.0/thumb/v6-m/nofp\libgcc.a(fixsfsi.o)
                0x080048cc                __aeabi_f2iz
 .text.__aeabi_i2f
                0x08004908       0x84 C:/msys64/ucrt64/bin/../lib/gcc/arm-none-eabi/13.3.0/thumb/v6-m/nofp\libgcc.a(floatsisf.o)
                0x08004908                __aeabi_i2f
 .text.__aeabi_ui2f
                0x0800498c       0x74 C:/msys64/ucrt64/bin/../lib/gcc/arm-none-eabi/13.3.0/thumb/v6-m/nofp\libgcc.a(floatunsisf.o)
                0x0800498c                __aeabi_ui2f
 *(.glue_7)
 .glue_7        0x08004a00        0x0 linker stubs
 *(.glue_7t)
 .glue_7t       0x08004a00        0x0 linker stubs
 *(.eh_frame)
 .eh_frame      0x08004a00        0x0 C:/msys64/ucrt64/bin/../lib/gcc/arm-none-eabi/13.3.0/thumb/v6-m/nofp/crtbegin.o
 *(.init)
 .init          0x08004a00        0x4 C:/msys64/ucrt64/bin/../lib/gcc/arm-none-eabi/13.3.0/thumb/v6-m/nofp/crti.o
                0x08004a00                _init
 .init          0x08004a04        0x8 C:/msys64/ucrt64/bin/../lib/gcc/arm-none-eabi/13.3.0/thumb/v6-m/nofp/crtn.o
 *(.fini)
 .fini          0x08004a0c        0x4 C:/msys64/ucrt64/bin/../lib/gcc/arm-none-eabi/13.3.0/thumb/v6-m/nofp/crti.o
                0x08004a0c                _fini
 .fini          0x08004a10        0x8 C:/msys64/ucrt64/bin/../lib/gcc/arm-none-eabi/13.3.0/thumb/v6-m/nofp/crtn.o
                0x08004a18                        . = ALIGN (0x4)
                0x08004a18                        _etext = .

.vfp11_veneer   0x08004a18        0x0
 .vfp11_veneer  0x08004a18        0x0 linker stubs

.v4_bx          0x08004a18        0x0
 .v4_bx         0x08004a18        0x0 linker stubs

.iplt           0x08004a18        0x0
 .iplt          0x08004a18        0x0 C:/msys64/ucrt64/bin/../lib/gcc/arm-none-eabi/13.3.0/thumb/v6-m/nofp/crtbegin.o

.rodata         0x08004a18       0xe8
                0x08004a18                        . = ALIGN (0x4)
 *(.rodata)
 *(.rodata*)
 .rodata.APBPrescTable
                0x08004a18        0x8 cmake/stm32cubemx/CMakeFiles/STM32_Drivers.dir/__/__/Core/Src/system_stm32f0xx.c.obj
                0x08004a18                APBPrescTable
 .rodata.AHBPrescTable
                0x08004a20       0x10 cmake/stm32cubemx/CMakeFiles/STM32_Drivers.dir/__/__/Core/Src/system_stm32f0xx.c.obj
                0x08004a20                AHBPrescTable
 .rodata.aPredivFactorTable.0
                0x08004a30       0x10 cmake/stm32cubemx/CMakeFiles/STM32_Drivers.dir/__/__/Drivers/STM32F0xx_HAL_Driver/Src/stm32f0xx_hal_rcc.c.obj
 .rodata.aPLLMULFactorTable.1
                0x08004a40       0x10 cmake/stm32cubemx/CMakeFiles/STM32_Drivers.dir/__/__/Drivers/STM32F0xx_HAL_Driver/Src/stm32f0xx_hal_rcc.c.obj
 .rodata.open_rows
                0x08004a50       0x10 CMakeFiles/project.dir/App/hourglass.c.obj
 .rodata.alarm_notes
                0x08004a60       0x20 CMakeFiles/project.dir/Drivers/buzzer.c.obj
 .rodata.digit_map
                0x08004a80       0x10 CMakeFiles/project.dir/Drivers/display.c.obj
 .rodata.segment_map
                0x08004a90       0x10 CMakeFiles/project.dir/Drivers/display.c.obj
 .rodata.configuration
                0x08004aa0        0xe CMakeFiles/project.dir/Drivers/mpu6050.c.obj
 .rodata.kick_y.0
                0x08004aae        0x8 CMakeFiles/project.dir/Physics/particles.c.obj
 .rodata.kick_x.1
                0x08004ab6        0x8 CMakeFiles/project.dir/Physics/particles.c.obj
 .rodata.digits.0
                0x08004abe        0xa CMakeFiles/project.dir/App/bringup.c.obj
 .rodata.calibration_points
                0x08004ac8       0x10 CMakeFiles/project.dir/App/bringup.c.obj
 .rodata.gravity_glyph
                0x08004ad8        0x5 CMakeFiles/project.dir/App/imu_test.c.obj
 .rodata.error_digits
                0x08004add        0xf CMakeFiles/project.dir/App/imu_test.c.obj
 .rodata.error_glyph
                0x08004aec        0x5 CMakeFiles/project.dir/App/imu_test.c.obj
 .rodata.axis_glyphs
                0x08004af1        0xf CMakeFiles/project.dir/App/imu_test.c.obj
                0x08004b00                        . = ALIGN (0x4)

.ARM.extab      0x08004b00        0x0
                0x08004b00                        . = ALIGN (0x4)
 *(.ARM.extab* .gnu.linkonce.armextab.*)
                0x08004b00                        . = ALIGN (0x4)

.ARM            0x08004b00        0x8
                0x08004b00                        . = ALIGN (0x4)
                0x08004b00                        __exidx_start = .
 *(.ARM.exidx*)
 .ARM.exidx.text.__udivmoddi4
                0x08004b00        0x8 C:/msys64/ucrt64/bin/../lib/gcc/arm-none-eabi/13.3.0/thumb/v6-m/nofp\libgcc.a(_udivmoddi4.o)
                0x08004b08                        __exidx_end = .
                0x08004b08                        . = ALIGN (0x4)

.preinit_array  0x08004b08        0x0
                0x08004b08                        . = ALIGN (0x4)
                0x08004b08                        PROVIDE (__preinit_array_start = .)
 *(.preinit_array*)
                0x08004b08                        PROVIDE (__preinit_array_end = .)
                0x08004b08                        . = ALIGN (0x4)

.init_array     0x08004b08        0x4
                0x08004b08                        . = ALIGN (0x4)
                0x08004b08                        PROVIDE (__init_array_start = .)
 *(SORT_BY_NAME(.init_array.*))
 *(.init_array*)
 .init_array    0x08004b08        0x4 C:/msys64/ucrt64/bin/../lib/gcc/arm-none-eabi/13.3.0/thumb/v6-m/nofp/crtbegin.o
                0x08004b0c                        PROVIDE (__init_array_end = .)
                0x08004b0c                        . = ALIGN (0x4)

.fini_array     0x08004b0c        0x4
                0x08004b0c                        . = ALIGN (0x4)
                0x08004b0c                        PROVIDE (__fini_array_start = .)
 *(SORT_BY_NAME(.fini_array.*))
 *(.fini_array*)
 .fini_array    0x08004b0c        0x4 C:/msys64/ucrt64/bin/../lib/gcc/arm-none-eabi/13.3.0/thumb/v6-m/nofp/crtbegin.o
                0x08004b10                        PROVIDE (__fini_array_end = .)
                0x08004b10                        . = ALIGN (0x4)
                0x08004b10                        _sidata = LOADADDR (.data)

.rel.dyn        0x08004b10        0x0
 .rel.iplt      0x08004b10        0x0 C:/msys64/ucrt64/bin/../lib/gcc/arm-none-eabi/13.3.0/thumb/v6-m/nofp/crtbegin.o

.data           0x20000000       0x10 load address 0x08004b10
                0x20000000                        . = ALIGN (0x4)
                0x20000000                        _sdata = .
 *(.data)
 *(.data*)
 .data.SystemCoreClock
                0x20000000        0x4 cmake/stm32cubemx/CMakeFiles/STM32_Drivers.dir/__/__/Core/Src/system_stm32f0xx.c.obj
                0x20000000                SystemCoreClock
 .data.uwTickFreq
                0x20000004        0x1 cmake/stm32cubemx/CMakeFiles/STM32_Drivers.dir/__/__/Drivers/STM32F0xx_HAL_Driver/Src/stm32f0xx_hal.c.obj
                0x20000004                uwTickFreq
 *fill*         0x20000005        0x3 
 .data.uwTickPrio
                0x20000008        0x4 cmake/stm32cubemx/CMakeFiles/STM32_Drivers.dir/__/__/Drivers/STM32F0xx_HAL_Driver/Src/stm32f0xx_hal.c.obj
                0x20000008                uwTickPrio
 .data.grain_interval_ms
                0x2000000c        0x2 CMakeFiles/project.dir/App/hourglass.c.obj
 *(.RamFunc)
 *(.RamFunc*)
                0x20000010                        . = ALIGN (0x4)
 *fill*         0x2000000e        0x2 

.igot.plt       0x20000010        0x0 load address 0x08004b20
 .igot.plt      0x20000010        0x0 C:/msys64/ucrt64/bin/../lib/gcc/arm-none-eabi/13.3.0/thumb/v6-m/nofp/crtbegin.o

.tdata          0x20000010        0x0 load address 0x08004b20
 *(.tdata .tdata.* .gnu.linkonce.td.*)
                0x20000010                        . = ALIGN (0x4)
                0x20000010                        _edata = .
                [!provide]                        PROVIDE (__data_end = .)
                [!provide]                        PROVIDE (__tdata_end = .)
                [!provide]                        PROVIDE (__tdata_start = ADDR (.tdata))
                [!provide]                        PROVIDE (__tdata_size = (__tdata_end - __tdata_start))
                [!provide]                        PROVIDE (__data_start = ADDR (.data))
                [!provide]                        PROVIDE (__data_size = (__data_end - __data_start))
                [!provide]                        PROVIDE (__tdata_source = LOADADDR (.tdata))
                [!provide]                        PROVIDE (__tdata_source_end = (LOADADDR (.tdata) + SIZEOF (.tdata)))
                [!provide]                        PROVIDE (__tdata_source_size = (__tdata_source_end - __tdata_source))
                [!provide]                        PROVIDE (__data_source = LOADADDR (.data))
                [!provide]                        PROVIDE (__data_source_end = __tdata_source_end)
                [!provide]                        PROVIDE (__data_source_size = (__data_source_end - __data_source))

.tbss           0x20000010        0x0 load address 0x08004b20
                0x20000010                        _sbss = .
                0x20000010                        __bss_start__ = _sbss
 *(.tbss .tbss.*)
                0x20000010                        . = ALIGN (0x4)
                [!provide]                        PROVIDE (__tbss_end = .)
                [!provide]                        PROVIDE (__tbss_start = ADDR (.tbss))
                [!provide]                        PROVIDE (__tbss_size = (__tbss_end - __tbss_start))
                [!provide]                        PROVIDE (__tbss_offset = (ADDR (.tbss) - ADDR (.tdata)))
                [!provide]                        PROVIDE (__tls_base = __tdata_start)
                [!provide]                        PROVIDE (__tls_end = __tbss_end)
                [!provide]                        PROVIDE (__tls_size = (__tls_end - __tls_base))
                [!provide]                        PROVIDE (__tls_align = MAX (ALIGNOF (.tdata), ALIGNOF (.tbss)))
                [!provide]                        PROVIDE (__tls_size_align = (((__tls_size + __tls_align) - 0x1) & ~ ((__tls_align - 0x1))))
                [!provide]                        PROVIDE (__arm32_tls_tcb_offset = MAX (0x8, __tls_align))
                [!provide]                        PROVIDE (__arm64_tls_tcb_offset = MAX (0x10, __tls_align))

.bss            0x20000010      0x3b0 load address 0x08004b20
 *(.bss)
 *(.bss*)
 .bss.completed.1
                0x20000010        0x1 C:/msys64/ucrt64/bin/../lib/gcc/arm-none-eabi/13.3.0/thumb/v6-m/nofp/crtbegin.o
 *fill*         0x20000011        0x3 
 .bss.object.0  0x20000014       0x18 C:/msys64/ucrt64/bin/../lib/gcc/arm-none-eabi/13.3.0/thumb/v6-m/nofp/crtbegin.o
 .bss.uwTick    0x2000002c        0x4 cmake/stm32cubemx/CMakeFiles/STM32_Drivers.dir/__/__/Drivers/STM32F0xx_HAL_Driver/Src/stm32f0xx_hal.c.obj
                0x2000002c                uwTick
 .bss.hi2c1     0x20000030       0x54 CMakeFiles/project.dir/Core/Src/i2c.c.obj
                0x20000030                hi2c1
 .bss.hspi1     0x20000084       0x64 CMakeFiles/project.dir/Core/Src/spi.c.obj
                0x20000084                hspi1
 .bss.htim3     0x200000e8       0x48 CMakeFiles/project.dir/Core/Src/tim.c.obj
                0x200000e8                htim3
 .bss.last_step_at
                0x20000130        0x4 CMakeFiles/project.dir/App/ocean.c.obj
 .bss.water     0x20000134       0xd0 CMakeFiles/project.dir/App/ocean.c.obj
 .bss.round_origin
                0x20000204        0x1 CMakeFiles/project.dir/App/hourglass.c.obj
 .bss.completion_pending
                0x20000205        0x1 CMakeFiles/project.dir/App/hourglass.c.obj
 .bss.target_particles_a
                0x20000206        0x1 CMakeFiles/project.dir/App/hourglass.c.obj
 *fill*         0x20000207        0x1 
 .bss.flow_direction
                0x20000208        0x4 CMakeFiles/project.dir/App/hourglass.c.obj
 .bss.last_flow_direction
                0x2000020c        0x4 CMakeFiles/project.dir/App/hourglass.c.obj
 .bss.flow_remainder
                0x20000210        0x4 CMakeFiles/project.dir/App/hourglass.c.obj
 .bss.last_step_at
                0x20000214        0x4 CMakeFiles/project.dir/App/hourglass.c.obj
 .bss.state     0x20000218        0xc CMakeFiles/project.dir/App/hourglass.c.obj
 .bss.sand      0x20000224       0xd0 CMakeFiles/project.dir/App/hourglass.c.obj
 .bss.hourglass_wall_mask
                0x200002f4       0x10 CMakeFiles/project.dir/App/hourglass.c.obj
 .bss.pending_events
                0x20000304        0x1 CMakeFiles/project.dir/Drivers/buttons.c.obj
 *fill*         0x20000305        0x3 
 .bss.last_scan_at
                0x20000308        0x4 CMakeFiles/project.dir/Drivers/buttons.c.obj
 .bss.button_states
                0x2000030c       0x18 CMakeFiles/project.dir/Drivers/buttons.c.obj
 .bss.playing   0x20000324        0x1 CMakeFiles/project.dir/Drivers/buzzer.c.obj
 .bss.note_index
                0x20000325        0x1 CMakeFiles/project.dir/Drivers/buzzer.c.obj
 *fill*         0x20000326        0x2 
 .bss.note_started_at
                0x20000328        0x4 CMakeFiles/project.dir/Drivers/buzzer.c.obj
 .bss.timer_tick_hz
                0x2000032c        0x4 CMakeFiles/project.dir/Drivers/buzzer.c.obj
 .bss.brightness
                0x20000330        0x1 CMakeFiles/project.dir/Drivers/display.c.obj
 *fill*         0x20000331        0x1 
 .bss.framebuffer
                0x20000332       0x10 CMakeFiles/project.dir/Drivers/display.c.obj
 .bss.has_sample
                0x20000342        0x1 CMakeFiles/project.dir/Drivers/mpu6050.c.obj
 *fill*         0x20000343        0x1 
 .bss.last_data_at
                0x20000344        0x4 CMakeFiles/project.dir/Drivers/mpu6050.c.obj
 .bss.last_poll
                0x20000348        0x4 CMakeFiles/project.dir/Drivers/mpu6050.c.obj
 .bss.state_since
                0x2000034c        0x4 CMakeFiles/project.dir/Drivers/mpu6050.c.obj
 .bss.config_index
                0x20000350        0x1 CMakeFiles/project.dir/Drivers/mpu6050.c.obj
 .bss.who_am_i  0x20000351        0x1 CMakeFiles/project.dir/Drivers/mpu6050.c.obj
 *fill*         0x20000352        0x2 
 .bss.latest    0x20000354       0x18 CMakeFiles/project.dir/Drivers/mpu6050.c.obj
 .bss.status    0x2000036c        0x1 CMakeFiles/project.dir/Drivers/mpu6050.c.obj
 .bss.state     0x2000036d        0x1 CMakeFiles/project.dir/Drivers/mpu6050.c.obj
 .bss.shake_strength
                0x2000036e        0x1 CMakeFiles/project.dir/Physics/motion.c.obj
 *fill*         0x2000036f        0x1 
 .bss.gravity   0x20000370        0x8 CMakeFiles/project.dir/Physics/motion.c.obj
 .bss.valid     0x20000378        0x1 CMakeFiles/project.dir/Physics/motion.c.obj
 .bss.filter_initialized
                0x20000379        0x1 CMakeFiles/project.dir/Physics/motion.c.obj
 *fill*         0x2000037a        0x2 
 .bss.last_sequence
                0x2000037c        0x4 CMakeFiles/project.dir/Physics/motion.c.obj
 .bss.first_sample_at
                0x20000380        0x4 CMakeFiles/project.dir/Physics/motion.c.obj
 .bss.filtered_q8
                0x20000384        0xc CMakeFiles/project.dir/Physics/motion.c.obj
 .bss.hourglass_active
                0x20000390        0x1 CMakeFiles/project.dir/App/bringup.c.obj
 .bss.ocean_active
                0x20000391        0x1 CMakeFiles/project.dir/App/bringup.c.obj
 .bss.sensor_test_active
                0x20000392        0x1 CMakeFiles/project.dir/App/bringup.c.obj
 .bss.calibration_index
                0x20000393        0x1 CMakeFiles/project.dir/App/bringup.c.obj
 .bss.calibration_active
                0x20000394        0x1 CMakeFiles/project.dir/App/bringup.c.obj
 .bss.feedback_keys
                0x20000395        0x1 CMakeFiles/project.dir/App/bringup.c.obj
 *fill*         0x20000396        0x2 
 .bss.feedback_at
                0x20000398        0x4 CMakeFiles/project.dir/App/bringup.c.obj
 .bss.last_display_at
                0x2000039c        0x4 CMakeFiles/project.dir/App/bringup.c.obj
 .bss.last_scan_at
                0x200003a0        0x4 CMakeFiles/project.dir/App/bringup.c.obj
 .bss.scan_position
                0x200003a4        0x1 CMakeFiles/project.dir/App/bringup.c.obj
 .bss.current_mode
                0x200003a5        0x1 CMakeFiles/project.dir/App/bringup.c.obj
 .bss.sensor_status
                0x200003a6        0x1 CMakeFiles/project.dir/App/imu_test.c.obj
 .bss.filter_ready
                0x200003a7        0x1 CMakeFiles/project.dir/App/imu_test.c.obj
 .bss.sample_time
                0x200003a8        0x4 CMakeFiles/project.dir/App/imu_test.c.obj
 .bss.last_sequence
                0x200003ac        0x4 CMakeFiles/project.dir/App/imu_test.c.obj
 .bss.filtered_accel
                0x200003b0        0xc CMakeFiles/project.dir/App/imu_test.c.obj
 .bss.selected_page
                0x200003bc        0x1 CMakeFiles/project.dir/App/imu_test.c.obj
 *(COMMON)
                0x200003c0                        . = ALIGN (0x4)
 *fill*         0x200003bd        0x3 
                0x200003c0                        _ebss = .
                0x200003c0                        __bss_end__ = _ebss
                [!provide]                        PROVIDE (__bss_end = .)
                [!provide]                        PROVIDE (__non_tls_bss_start = ADDR (.bss))
                [!provide]                        PROVIDE (__bss_start = __tbss_start)
                [!provide]                        PROVIDE (__bss_size = (__bss_end - __bss_start))

._user_heap_stack
                0x200003c0      0x600 load address 0x08004b20
                0x200003c0                        . = ALIGN (0x8)
                [!provide]                        PROVIDE (end = .)
                0x200003c0                        PROVIDE (_end = .)
                0x200005c0                        . = (. + _Min_Heap_Size)
 *fill*         0x200003c0      0x200 
                0x200009c0                        . = (. + _Min_Stack_Size)
 *fill*         0x200005c0      0x400 
                0x200009c0                        . = ALIGN (0x8)

/DISCARD/
 libc.a:*(*)
 libm.a:*(*)
 libgcc.a:*(*)
OUTPUT(project.elf elf32-littlearm)
LOAD linker stubs

.ARM.attributes
                0x00000000       0x28
 .ARM.attributes
                0x00000000       0x1e C:/msys64/ucrt64/bin/../lib/gcc/arm-none-eabi/13.3.0/thumb/v6-m/nofp/crti.o
 .ARM.attributes
                0x0000001e       0x2c C:/msys64/ucrt64/bin/../lib/gcc/arm-none-eabi/13.3.0/thumb/v6-m/nofp/crtbegin.o
 .ARM.attributes
                0x0000004a       0x2c cmake/stm32cubemx/CMakeFiles/STM32_Drivers.dir/__/__/Core/Src/system_stm32f0xx.c.obj
 .ARM.attributes
                0x00000076       0x2c cmake/stm32cubemx/CMakeFiles/STM32_Drivers.dir/__/__/Drivers/STM32F0xx_HAL_Driver/Src/stm32f0xx_hal_i2c.c.obj
 .ARM.attributes
                0x000000a2       0x2c cmake/stm32cubemx/CMakeFiles/STM32_Drivers.dir/__/__/Drivers/STM32F0xx_HAL_Driver/Src/stm32f0xx_hal_i2c_ex.c.obj
 .ARM.attributes
                0x000000ce       0x2c cmake/stm32cubemx/CMakeFiles/STM32_Drivers.dir/__/__/Drivers/STM32F0xx_HAL_Driver/Src/stm32f0xx_hal_rcc.c.obj
 .ARM.attributes
                0x000000fa       0x2c cmake/stm32cubemx/CMakeFiles/STM32_Drivers.dir/__/__/Drivers/STM32F0xx_HAL_Driver/Src/stm32f0xx_hal_rcc_ex.c.obj
 .ARM.attributes
                0x00000126       0x2c cmake/stm32cubemx/CMakeFiles/STM32_Drivers.dir/__/__/Drivers/STM32F0xx_HAL_Driver/Src/stm32f0xx_hal.c.obj
 .ARM.attributes
                0x00000152       0x2c cmake/stm32cubemx/CMakeFiles/STM32_Drivers.dir/__/__/Drivers/STM32F0xx_HAL_Driver/Src/stm32f0xx_hal_gpio.c.obj
 .ARM.attributes
                0x0000017e       0x2c cmake/stm32cubemx/CMakeFiles/STM32_Drivers.dir/__/__/Drivers/STM32F0xx_HAL_Driver/Src/stm32f0xx_hal_cortex.c.obj
 .ARM.attributes
                0x000001aa       0x2c cmake/stm32cubemx/CMakeFiles/STM32_Drivers.dir/__/__/Drivers/STM32F0xx_HAL_Driver/Src/stm32f0xx_hal_spi.c.obj
 .ARM.attributes
                0x000001d6       0x2c cmake/stm32cubemx/CMakeFiles/STM32_Drivers.dir/__/__/Drivers/STM32F0xx_HAL_Driver/Src/stm32f0xx_hal_tim.c.obj
 .ARM.attributes
                0x00000202       0x2c cmake/stm32cubemx/CMakeFiles/STM32_Drivers.dir/__/__/Drivers/STM32F0xx_HAL_Driver/Src/stm32f0xx_hal_tim_ex.c.obj
 .ARM.attributes
                0x0000022e       0x2c CMakeFiles/project.dir/Core/Src/main.c.obj
 .ARM.attributes
                0x0000025a       0x2c CMakeFiles/project.dir/Core/Src/gpio.c.obj
 .ARM.attributes
                0x00000286       0x2c CMakeFiles/project.dir/Core/Src/i2c.c.obj
 .ARM.attributes
                0x000002b2       0x2c CMakeFiles/project.dir/Core/Src/spi.c.obj
 .ARM.attributes
                0x000002de       0x2c CMakeFiles/project.dir/Core/Src/tim.c.obj
 .ARM.attributes
                0x0000030a       0x2c CMakeFiles/project.dir/Core/Src/stm32f0xx_it.c.obj
 .ARM.attributes
                0x00000336       0x2c CMakeFiles/project.dir/Core/Src/stm32f0xx_hal_msp.c.obj
 .ARM.attributes
                0x00000362       0x21 CMakeFiles/project.dir/startup_stm32f030x8.s.obj
 .ARM.attributes
                0x00000383       0x2c CMakeFiles/project.dir/App/ocean.c.obj
 .ARM.attributes
                0x000003af       0x2c CMakeFiles/project.dir/App/hourglass.c.obj
 .ARM.attributes
                0x000003db       0x2c CMakeFiles/project.dir/Drivers/buttons.c.obj
 .ARM.attributes
                0x00000407       0x2c CMakeFiles/project.dir/Drivers/buzzer.c.obj
 .ARM.attributes
                0x00000433       0x2c CMakeFiles/project.dir/Drivers/display.c.obj
 .ARM.attributes
                0x0000045f       0x2c CMakeFiles/project.dir/Drivers/max7219.c.obj
 .ARM.attributes
                0x0000048b       0x2c CMakeFiles/project.dir/Drivers/mpu6050.c.obj
 .ARM.attributes
                0x000004b7       0x2c CMakeFiles/project.dir/Physics/motion.c.obj
 .ARM.attributes
                0x000004e3       0x2c CMakeFiles/project.dir/Physics/particles.c.obj
 .ARM.attributes
                0x0000050f       0x2c CMakeFiles/project.dir/App/bringup.c.obj
 .ARM.attributes
                0x0000053b       0x2c CMakeFiles/project.dir/App/imu_test.c.obj
 .ARM.attributes
                0x00000567       0x1e C:/msys64/ucrt64/bin/../lib/gcc/arm-none-eabi/13.3.0/thumb/v6-m/nofp\libgcc.a(_thumb1_case_uqi.o)
 .ARM.attributes
                0x00000585       0x1e C:/msys64/ucrt64/bin/../lib/gcc/arm-none-eabi/13.3.0/thumb/v6-m/nofp\libgcc.a(_udivsi3.o)
 .ARM.attributes
                0x000005a3       0x1e C:/msys64/ucrt64/bin/../lib/gcc/arm-none-eabi/13.3.0/thumb/v6-m/nofp\libgcc.a(_divsi3.o)
 .ARM.attributes
                0x000005c1       0x1e C:/msys64/ucrt64/bin/../lib/gcc/arm-none-eabi/13.3.0/thumb/v6-m/nofp\libgcc.a(_dvmd_tls.o)
 .ARM.attributes
                0x000005df       0x1e C:/msys64/ucrt64/bin/../lib/gcc/arm-none-eabi/13.3.0/thumb/v6-m/nofp\libgcc.a(_lshrdi3.o)
 .ARM.attributes
                0x000005fd       0x1e C:/msys64/ucrt64/bin/../lib/gcc/arm-none-eabi/13.3.0/thumb/v6-m/nofp\libgcc.a(_arm_cmpsf2.o)
 .ARM.attributes
                0x0000061b       0x1e C:/msys64/ucrt64/bin/../lib/gcc/arm-none-eabi/13.3.0/thumb/v6-m/nofp\libgcc.a(_aeabi_uldivmod.o)
 .ARM.attributes
                0x00000639       0x2c C:/msys64/ucrt64/bin/../lib/gcc/arm-none-eabi/13.3.0/thumb/v6-m/nofp\libgcc.a(_muldi3.o)
 .ARM.attributes
                0x00000665       0x2c C:/msys64/ucrt64/bin/../lib/gcc/arm-none-eabi/13.3.0/thumb/v6-m/nofp\libgcc.a(_fixunssfsi.o)
 .ARM.attributes
                0x00000691       0x2c C:/msys64/ucrt64/bin/../lib/gcc/arm-none-eabi/13.3.0/thumb/v6-m/nofp\libgcc.a(_udivmoddi4.o)
 .ARM.attributes
                0x000006bd       0x2c C:/msys64/ucrt64/bin/../lib/gcc/arm-none-eabi/13.3.0/thumb/v6-m/nofp\libgcc.a(addsf3.o)
 .ARM.attributes
                0x000006e9       0x2c C:/msys64/ucrt64/bin/../lib/gcc/arm-none-eabi/13.3.0/thumb/v6-m/nofp\libgcc.a(divsf3.o)
 .ARM.attributes
                0x00000715       0x2c C:/msys64/ucrt64/bin/../lib/gcc/arm-none-eabi/13.3.0/thumb/v6-m/nofp\libgcc.a(eqsf2.o)
 .ARM.attributes
                0x00000741       0x2c C:/msys64/ucrt64/bin/../lib/gcc/arm-none-eabi/13.3.0/thumb/v6-m/nofp\libgcc.a(gesf2.o)
 .ARM.attributes
                0x0000076d       0x2c C:/msys64/ucrt64/bin/../lib/gcc/arm-none-eabi/13.3.0/thumb/v6-m/nofp\libgcc.a(lesf2.o)
 .ARM.attributes
                0x00000799       0x2c C:/msys64/ucrt64/bin/../lib/gcc/arm-none-eabi/13.3.0/thumb/v6-m/nofp\libgcc.a(mulsf3.o)
 .ARM.attributes
                0x000007c5       0x2c C:/msys64/ucrt64/bin/../lib/gcc/arm-none-eabi/13.3.0/thumb/v6-m/nofp\libgcc.a(subsf3.o)
 .ARM.attributes
                0x000007f1       0x2c C:/msys64/ucrt64/bin/../lib/gcc/arm-none-eabi/13.3.0/thumb/v6-m/nofp\libgcc.a(fixsfsi.o)
 .ARM.attributes
                0x0000081d       0x2c C:/msys64/ucrt64/bin/../lib/gcc/arm-none-eabi/13.3.0/thumb/v6-m/nofp\libgcc.a(floatsisf.o)
 .ARM.attributes
                0x00000849       0x2c C:/msys64/ucrt64/bin/../lib/gcc/arm-none-eabi/13.3.0/thumb/v6-m/nofp\libgcc.a(floatunsisf.o)
 .ARM.attributes
                0x00000875       0x1e C:/msys64/ucrt64/bin/../lib/gcc/arm-none-eabi/13.3.0/thumb/v6-m/nofp\libgcc.a(_ashldi3.o)
 .ARM.attributes
                0x00000893       0x1e C:/msys64/ucrt64/bin/../lib/gcc/arm-none-eabi/13.3.0/thumb/v6-m/nofp\libgcc.a(_clzsi2.o)
 .ARM.attributes
                0x000008b1       0x1e C:/msys64/ucrt64/bin/../lib/gcc/arm-none-eabi/13.3.0/thumb/v6-m/nofp\libgcc.a(_clzdi2.o)
 .ARM.attributes
                0x000008cf       0x2c C:/msys64/ucrt64/bin/../lib/gcc/arm-none-eabi/13.3.0/../../../../arm-none-eabi/lib/thumb/v6-m/nofp\libg_nano.a(libc_a-memset.o)
 .ARM.attributes
                0x000008fb       0x2c C:/msys64/ucrt64/bin/../lib/gcc/arm-none-eabi/13.3.0/../../../../arm-none-eabi/lib/thumb/v6-m/nofp\libg_nano.a(libc_a-init.o)
 .ARM.attributes
                0x00000927       0x1e C:/msys64/ucrt64/bin/../lib/gcc/arm-none-eabi/13.3.0/thumb/v6-m/nofp/crtn.o

.comment        0x00000000       0x12
 .comment       0x00000000       0x12 cmake/stm32cubemx/CMakeFiles/STM32_Drivers.dir/__/__/Core/Src/system_stm32f0xx.c.obj
                                 0x13 (size before relaxing)
 .comment       0x00000012        0x0 cmake/stm32cubemx/CMakeFiles/STM32_Drivers.dir/__/__/Drivers/STM32F0xx_HAL_Driver/Src/stm32f0xx_hal_i2c.c.obj
                                 0x13 (size before relaxing)
 .comment       0x00000012        0x0 cmake/stm32cubemx/CMakeFiles/STM32_Drivers.dir/__/__/Drivers/STM32F0xx_HAL_Driver/Src/stm32f0xx_hal_i2c_ex.c.obj
                                 0x13 (size before relaxing)
 .comment       0x00000012        0x0 cmake/stm32cubemx/CMakeFiles/STM32_Drivers.dir/__/__/Drivers/STM32F0xx_HAL_Driver/Src/stm32f0xx_hal_rcc.c.obj
                                 0x13 (size before relaxing)
 .comment       0x00000012        0x0 cmake/stm32cubemx/CMakeFiles/STM32_Drivers.dir/__/__/Drivers/STM32F0xx_HAL_Driver/Src/stm32f0xx_hal_rcc_ex.c.obj
                                 0x13 (size before relaxing)
 .comment       0x00000012        0x0 cmake/stm32cubemx/CMakeFiles/STM32_Drivers.dir/__/__/Drivers/STM32F0xx_HAL_Driver/Src/stm32f0xx_hal.c.obj
                                 0x13 (size before relaxing)
 .comment       0x00000012        0x0 cmake/stm32cubemx/CMakeFiles/STM32_Drivers.dir/__/__/Drivers/STM32F0xx_HAL_Driver/Src/stm32f0xx_hal_gpio.c.obj
                                 0x13 (size before relaxing)
 .comment       0x00000012        0x0 cmake/stm32cubemx/CMakeFiles/STM32_Drivers.dir/__/__/Drivers/STM32F0xx_HAL_Driver/Src/stm32f0xx_hal_cortex.c.obj
                                 0x13 (size before relaxing)
 .comment       0x00000012        0x0 cmake/stm32cubemx/CMakeFiles/STM32_Drivers.dir/__/__/Drivers/STM32F0xx_HAL_Driver/Src/stm32f0xx_hal_spi.c.obj
                                 0x13 (size before relaxing)
 .comment       0x00000012        0x0 cmake/stm32cubemx/CMakeFiles/STM32_Drivers.dir/__/__/Drivers/STM32F0xx_HAL_Driver/Src/stm32f0xx_hal_tim.c.obj
                                 0x13 (size before relaxing)
 .comment       0x00000012        0x0 cmake/stm32cubemx/CMakeFiles/STM32_Drivers.dir/__/__/Drivers/STM32F0xx_HAL_Driver/Src/stm32f0xx_hal_tim_ex.c.obj
                                 0x13 (size before relaxing)
 .comment       0x00000012        0x0 CMakeFiles/project.dir/Core/Src/main.c.obj
                                 0x13 (size before relaxing)
 .comment       0x00000012        0x0 CMakeFiles/project.dir/Core/Src/gpio.c.obj
                                 0x13 (size before relaxing)
 .comment       0x00000012        0x0 CMakeFiles/project.dir/Core/Src/i2c.c.obj
                                 0x13 (size before relaxing)
 .comment       0x00000012        0x0 CMakeFiles/project.dir/Core/Src/spi.c.obj
                                 0x13 (size before relaxing)
 .comment       0x00000012        0x0 CMakeFiles/project.dir/Core/Src/tim.c.obj
                                 0x13 (size before relaxing)
 .comment       0x00000012        0x0 CMakeFiles/project.dir/Core/Src/stm32f0xx_it.c.obj
                                 0x13 (size before relaxing)
 .comment       0x00000012        0x0 CMakeFiles/project.dir/Core/Src/stm32f0xx_hal_msp.c.obj
                                 0x13 (size before relaxing)
 .comment       0x00000012        0x0 CMakeFiles/project.dir/App/ocean.c.obj
                                 0x13 (size before relaxing)
 .comment       0x00000012        0x0 CMakeFiles/project.dir/App/hourglass.c.obj
                                 0x13 (size before relaxing)
 .comment       0x00000012        0x0 CMakeFiles/project.dir/Drivers/buttons.c.obj
                                 0x13 (size before relaxing)
 .comment       0x00000012        0x0 CMakeFiles/project.dir/Drivers/buzzer.c.obj
                                 0x13 (size before relaxing)
 .comment       0x00000012        0x0 CMakeFiles/project.dir/Drivers/display.c.obj
                                 0x13 (size before relaxing)
 .comment       0x00000012        0x0 CMakeFiles/project.dir/Drivers/max7219.c.obj
                                 0x13 (size before relaxing)
 .comment       0x00000012        0x0 CMakeFiles/project.dir/Drivers/mpu6050.c.obj
                                 0x13 (size before relaxing)
 .comment       0x00000012        0x0 CMakeFiles/project.dir/Physics/motion.c.obj
                                 0x13 (size before relaxing)
 .comment       0x00000012        0x0 CMakeFiles/project.dir/Physics/particles.c.obj
                                 0x13 (size before relaxing)
 .comment       0x00000012        0x0 CMakeFiles/project.dir/App/bringup.c.obj
                                 0x13 (size before relaxing)
 .comment       0x00000012        0x0 CMakeFiles/project.dir/App/imu_test.c.obj
                                 0x13 (size before relaxing)
 .comment       0x00000012        0x0 C:/msys64/ucrt64/bin/../lib/gcc/arm-none-eabi/13.3.0/thumb/v6-m/nofp\libgcc.a(_muldi3.o)
                                 0x13 (size before relaxing)
 .comment       0x00000012        0x0 C:/msys64/ucrt64/bin/../lib/gcc/arm-none-eabi/13.3.0/thumb/v6-m/nofp\libgcc.a(_fixunssfsi.o)
                                 0x13 (size before relaxing)
 .comment       0x00000012        0x0 C:/msys64/ucrt64/bin/../lib/gcc/arm-none-eabi/13.3.0/thumb/v6-m/nofp\libgcc.a(_udivmoddi4.o)
                                 0x13 (size before relaxing)
 .comment       0x00000012        0x0 C:/msys64/ucrt64/bin/../lib/gcc/arm-none-eabi/13.3.0/thumb/v6-m/nofp\libgcc.a(addsf3.o)
                                 0x13 (size before relaxing)
 .comment       0x00000012        0x0 C:/msys64/ucrt64/bin/../lib/gcc/arm-none-eabi/13.3.0/thumb/v6-m/nofp\libgcc.a(divsf3.o)
                                 0x13 (size before relaxing)
 .comment       0x00000012        0x0 C:/msys64/ucrt64/bin/../lib/gcc/arm-none-eabi/13.3.0/thumb/v6-m/nofp\libgcc.a(eqsf2.o)
                                 0x13 (size before relaxing)
 .comment       0x00000012        0x0 C:/msys64/ucrt64/bin/../lib/gcc/arm-none-eabi/13.3.0/thumb/v6-m/nofp\libgcc.a(gesf2.o)
                                 0x13 (size before relaxing)
 .comment       0x00000012        0x0 C:/msys64/ucrt64/bin/../lib/gcc/arm-none-eabi/13.3.0/thumb/v6-m/nofp\libgcc.a(lesf2.o)
                                 0x13 (size before relaxing)
 .comment       0x00000012        0x0 C:/msys64/ucrt64/bin/../lib/gcc/arm-none-eabi/13.3.0/thumb/v6-m/nofp\libgcc.a(mulsf3.o)
                                 0x13 (size before relaxing)
 .comment       0x00000012        0x0 C:/msys64/ucrt64/bin/../lib/gcc/arm-none-eabi/13.3.0/thumb/v6-m/nofp\libgcc.a(subsf3.o)
                                 0x13 (size before relaxing)
 .comment       0x00000012        0x0 C:/msys64/ucrt64/bin/../lib/gcc/arm-none-eabi/13.3.0/thumb/v6-m/nofp\libgcc.a(fixsfsi.o)
                                 0x13 (size before relaxing)
 .comment       0x00000012        0x0 C:/msys64/ucrt64/bin/../lib/gcc/arm-none-eabi/13.3.0/thumb/v6-m/nofp\libgcc.a(floatsisf.o)
                                 0x13 (size before relaxing)
 .comment       0x00000012        0x0 C:/msys64/ucrt64/bin/../lib/gcc/arm-none-eabi/13.3.0/thumb/v6-m/nofp\libgcc.a(floatunsisf.o)
                                 0x13 (size before relaxing)
 .comment       0x00000012        0x0 C:/msys64/ucrt64/bin/../lib/gcc/arm-none-eabi/13.3.0/../../../../arm-none-eabi/lib/thumb/v6-m/nofp\libg_nano.a(libc_a-memset.o)
                                 0x13 (size before relaxing)
 .comment       0x00000012        0x0 C:/msys64/ucrt64/bin/../lib/gcc/arm-none-eabi/13.3.0/../../../../arm-none-eabi/lib/thumb/v6-m/nofp\libg_nano.a(libc_a-init.o)
                                 0x13 (size before relaxing)

.debug_line     0x00000000     0x306b
 .debug_line    0x00000000       0x52 C:/msys64/ucrt64/bin/../lib/gcc/arm-none-eabi/13.3.0/thumb/v6-m/nofp\libgcc.a(_thumb1_case_uqi.o)
 .debug_line    0x00000052       0x61 C:/msys64/ucrt64/bin/../lib/gcc/arm-none-eabi/13.3.0/thumb/v6-m/nofp\libgcc.a(_udivsi3.o)
 .debug_line    0x000000b3       0x6f C:/msys64/ucrt64/bin/../lib/gcc/arm-none-eabi/13.3.0/thumb/v6-m/nofp\libgcc.a(_divsi3.o)
 .debug_line    0x00000122       0x4a C:/msys64/ucrt64/bin/../lib/gcc/arm-none-eabi/13.3.0/thumb/v6-m/nofp\libgcc.a(_dvmd_tls.o)
 .debug_line    0x0000016c       0x55 C:/msys64/ucrt64/bin/../lib/gcc/arm-none-eabi/13.3.0/thumb/v6-m/nofp\libgcc.a(_lshrdi3.o)
 .debug_line    0x000001c1       0x5f C:/msys64/ucrt64/bin/../lib/gcc/arm-none-eabi/13.3.0/thumb/v6-m/nofp\libgcc.a(_arm_cmpsf2.o)
 .debug_line    0x00000220       0x55 C:/msys64/ucrt64/bin/../lib/gcc/arm-none-eabi/13.3.0/thumb/v6-m/nofp\libgcc.a(_aeabi_uldivmod.o)
 .debug_line    0x00000275      0x10e C:/msys64/ucrt64/bin/../lib/gcc/arm-none-eabi/13.3.0/thumb/v6-m/nofp\libgcc.a(_muldi3.o)
 .debug_line    0x00000383       0xb6 C:/msys64/ucrt64/bin/../lib/gcc/arm-none-eabi/13.3.0/thumb/v6-m/nofp\libgcc.a(_fixunssfsi.o)
 .debug_line    0x00000439      0x177 C:/msys64/ucrt64/bin/../lib/gcc/arm-none-eabi/13.3.0/thumb/v6-m/nofp\libgcc.a(_udivmoddi4.o)
 .debug_line    0x000005b0      0x8e7 C:/msys64/ucrt64/bin/../lib/gcc/arm-none-eabi/13.3.0/thumb/v6-m/nofp\libgcc.a(addsf3.o)
 .debug_line    0x00000e97      0x56c C:/msys64/ucrt64/bin/../lib/gcc/arm-none-eabi/13.3.0/thumb/v6-m/nofp\libgcc.a(divsf3.o)
 .debug_line    0x00001403      0x13a C:/msys64/ucrt64/bin/../lib/gcc/arm-none-eabi/13.3.0/thumb/v6-m/nofp\libgcc.a(eqsf2.o)
 .debug_line    0x0000153d      0x1b6 C:/msys64/ucrt64/bin/../lib/gcc/arm-none-eabi/13.3.0/thumb/v6-m/nofp\libgcc.a(gesf2.o)
 .debug_line    0x000016f3      0x1b6 C:/msys64/ucrt64/bin/../lib/gcc/arm-none-eabi/13.3.0/thumb/v6-m/nofp\libgcc.a(lesf2.o)
 .debug_line    0x000018a9      0x56d C:/msys64/ucrt64/bin/../lib/gcc/arm-none-eabi/13.3.0/thumb/v6-m/nofp\libgcc.a(mulsf3.o)
 .debug_line    0x00001e16      0x901 C:/msys64/ucrt64/bin/../lib/gcc/arm-none-eabi/13.3.0/thumb/v6-m/nofp\libgcc.a(subsf3.o)
 .debug_line    0x00002717      0x151 C:/msys64/ucrt64/bin/../lib/gcc/arm-none-eabi/13.3.0/thumb/v6-m/nofp\libgcc.a(fixsfsi.o)
 .debug_line    0x00002868      0x20d C:/msys64/ucrt64/bin/../lib/gcc/arm-none-eabi/13.3.0/thumb/v6-m/nofp\libgcc.a(floatsisf.o)
 .debug_line    0x00002a75      0x1fd C:/msys64/ucrt64/bin/../lib/gcc/arm-none-eabi/13.3.0/thumb/v6-m/nofp\libgcc.a(floatunsisf.o)
 .debug_line    0x00002c72       0x55 C:/msys64/ucrt64/bin/../lib/gcc/arm-none-eabi/13.3.0/thumb/v6-m/nofp\libgcc.a(_ashldi3.o)
 .debug_line    0x00002cc7       0x5e C:/msys64/ucrt64/bin/../lib/gcc/arm-none-eabi/13.3.0/thumb/v6-m/nofp\libgcc.a(_clzsi2.o)
 .debug_line    0x00002d25       0x54 C:/msys64/ucrt64/bin/../lib/gcc/arm-none-eabi/13.3.0/thumb/v6-m/nofp\libgcc.a(_clzdi2.o)
 .debug_line    0x00002d79      0x1d0 C:/msys64/ucrt64/bin/../lib/gcc/arm-none-eabi/13.3.0/../../../../arm-none-eabi/lib/thumb/v6-m/nofp\libg_nano.a(libc_a-memset.o)
 .debug_line    0x00002f49      0x122 C:/msys64/ucrt64/bin/../lib/gcc/arm-none-eabi/13.3.0/../../../../arm-none-eabi/lib/thumb/v6-m/nofp\libg_nano.a(libc_a-init.o)

.debug_line_str
                0x00000000       0x7d
 .debug_line_str
                0x00000000       0x7d C:/msys64/ucrt64/bin/../lib/gcc/arm-none-eabi/13.3.0/thumb/v6-m/nofp\libgcc.a(_thumb1_case_uqi.o)
                                 0x71 (size before relaxing)
 .debug_line_str
                0x0000007d        0x0 C:/msys64/ucrt64/bin/../lib/gcc/arm-none-eabi/13.3.0/thumb/v6-m/nofp\libgcc.a(_udivsi3.o)
                                 0x71 (size before relaxing)
 .debug_line_str
                0x0000007d        0x0 C:/msys64/ucrt64/bin/../lib/gcc/arm-none-eabi/13.3.0/thumb/v6-m/nofp\libgcc.a(_divsi3.o)
                                 0x71 (size before relaxing)
 .debug_line_str
                0x0000007d        0x0 C:/msys64/ucrt64/bin/../lib/gcc/arm-none-eabi/13.3.0/thumb/v6-m/nofp\libgcc.a(_dvmd_tls.o)
                                 0x71 (size before relaxing)
 .debug_line_str
                0x0000007d        0x0 C:/msys64/ucrt64/bin/../lib/gcc/arm-none-eabi/13.3.0/thumb/v6-m/nofp\libgcc.a(_lshrdi3.o)
                                 0x71 (size before relaxing)
 .debug_line_str
                0x0000007d        0x0 C:/msys64/ucrt64/bin/../lib/gcc/arm-none-eabi/13.3.0/thumb/v6-m/nofp\libgcc.a(_arm_cmpsf2.o)
                                 0x71 (size before relaxing)
 .debug_line_str
                0x0000007d        0x0 C:/msys64/ucrt64/bin/../lib/gcc/arm-none-eabi/13.3.0/thumb/v6-m/nofp\libgcc.a(_aeabi_uldivmod.o)
                                 0x71 (size before relaxing)
 .debug_line_str
                0x0000007d        0x0 C:/msys64/ucrt64/bin/../lib/gcc/arm-none-eabi/13.3.0/thumb/v6-m/nofp\libgcc.a(_ashldi3.o)
                                 0x71 (size before relaxing)
 .debug_line_str
                0x0000007d        0x0 C:/msys64/ucrt64/bin/../lib/gcc/arm-none-eabi/13.3.0/thumb/v6-m/nofp\libgcc.a(_clzsi2.o)
                                 0x71 (size before relaxing)
 .debug_line_str
                0x0000007d        0x0 C:/msys64/ucrt64/bin/../lib/gcc/arm-none-eabi/13.3.0/thumb/v6-m/nofp\libgcc.a(_clzdi2.o)
                                 0x71 (size before relaxing)

.debug_info     0x00000000     0x2951
 .debug_info    0x00000000       0x31 C:/msys64/ucrt64/bin/../lib/gcc/arm-none-eabi/13.3.0/thumb/v6-m/nofp\libgcc.a(_thumb1_case_uqi.o)
 .debug_info    0x00000031       0x3d C:/msys64/ucrt64/bin/../lib/gcc/arm-none-eabi/13.3.0/thumb/v6-m/nofp\libgcc.a(_udivsi3.o)
 .debug_info    0x0000006e       0x3e C:/msys64/ucrt64/bin/../lib/gcc/arm-none-eabi/13.3.0/thumb/v6-m/nofp\libgcc.a(_divsi3.o)
 .debug_info    0x000000ac       0x3c C:/msys64/ucrt64/bin/../lib/gcc/arm-none-eabi/13.3.0/thumb/v6-m/nofp\libgcc.a(_dvmd_tls.o)
 .debug_info    0x000000e8       0x3c C:/msys64/ucrt64/bin/../lib/gcc/arm-none-eabi/13.3.0/thumb/v6-m/nofp\libgcc.a(_lshrdi3.o)
 .debug_info    0x00000124       0x7e C:/msys64/ucrt64/bin/../lib/gcc/arm-none-eabi/13.3.0/thumb/v6-m/nofp\libgcc.a(_arm_cmpsf2.o)
 .debug_info    0x000001a2       0x31 C:/msys64/ucrt64/bin/../lib/gcc/arm-none-eabi/13.3.0/thumb/v6-m/nofp\libgcc.a(_aeabi_uldivmod.o)
 .debug_info    0x000001d3      0x42c C:/msys64/ucrt64/bin/../lib/gcc/arm-none-eabi/13.3.0/thumb/v6-m/nofp\libgcc.a(_muldi3.o)
 .debug_info    0x000005ff      0x33e C:/msys64/ucrt64/bin/../lib/gcc/arm-none-eabi/13.3.0/thumb/v6-m/nofp\libgcc.a(_fixunssfsi.o)
 .debug_info    0x0000093d      0x3e7 C:/msys64/ucrt64/bin/../lib/gcc/arm-none-eabi/13.3.0/thumb/v6-m/nofp\libgcc.a(_udivmoddi4.o)
 .debug_info    0x00000d24      0x31f C:/msys64/ucrt64/bin/../lib/gcc/arm-none-eabi/13.3.0/thumb/v6-m/nofp\libgcc.a(addsf3.o)
 .debug_info    0x00001043      0x33f C:/msys64/ucrt64/bin/../lib/gcc/arm-none-eabi/13.3.0/thumb/v6-m/nofp\libgcc.a(divsf3.o)
 .debug_info    0x00001382      0x203 C:/msys64/ucrt64/bin/../lib/gcc/arm-none-eabi/13.3.0/thumb/v6-m/nofp\libgcc.a(eqsf2.o)
 .debug_info    0x00001585      0x217 C:/msys64/ucrt64/bin/../lib/gcc/arm-none-eabi/13.3.0/thumb/v6-m/nofp\libgcc.a(gesf2.o)
 .debug_info    0x0000179c      0x217 C:/msys64/ucrt64/bin/../lib/gcc/arm-none-eabi/13.3.0/thumb/v6-m/nofp\libgcc.a(lesf2.o)
 .debug_info    0x000019b3      0x3bb C:/msys64/ucrt64/bin/../lib/gcc/arm-none-eabi/13.3.0/thumb/v6-m/nofp\libgcc.a(mulsf3.o)
 .debug_info    0x00001d6e      0x328 C:/msys64/ucrt64/bin/../lib/gcc/arm-none-eabi/13.3.0/thumb/v6-m/nofp\libgcc.a(subsf3.o)
 .debug_info    0x00002096      0x1af C:/msys64/ucrt64/bin/../lib/gcc/arm-none-eabi/13.3.0/thumb/v6-m/nofp\libgcc.a(fixsfsi.o)
 .debug_info    0x00002245      0x226 C:/msys64/ucrt64/bin/../lib/gcc/arm-none-eabi/13.3.0/thumb/v6-m/nofp\libgcc.a(floatsisf.o)
 .debug_info    0x0000246b      0x215 C:/msys64/ucrt64/bin/../lib/gcc/arm-none-eabi/13.3.0/thumb/v6-m/nofp\libgcc.a(floatunsisf.o)
 .debug_info    0x00002680       0x3c C:/msys64/ucrt64/bin/../lib/gcc/arm-none-eabi/13.3.0/thumb/v6-m/nofp\libgcc.a(_ashldi3.o)
 .debug_info    0x000026bc       0x31 C:/msys64/ucrt64/bin/../lib/gcc/arm-none-eabi/13.3.0/thumb/v6-m/nofp\libgcc.a(_clzsi2.o)
 .debug_info    0x000026ed       0x24 C:/msys64/ucrt64/bin/../lib/gcc/arm-none-eabi/13.3.0/thumb/v6-m/nofp\libgcc.a(_clzdi2.o)
 .debug_info    0x00002711      0x135 C:/msys64/ucrt64/bin/../lib/gcc/arm-none-eabi/13.3.0/../../../../arm-none-eabi/lib/thumb/v6-m/nofp\libg_nano.a(libc_a-memset.o)
 .debug_info    0x00002846      0x10b C:/msys64/ucrt64/bin/../lib/gcc/arm-none-eabi/13.3.0/../../../../arm-none-eabi/lib/thumb/v6-m/nofp\libg_nano.a(libc_a-init.o)

.debug_abbrev   0x00000000     0x1426
 .debug_abbrev  0x00000000       0x28 C:/msys64/ucrt64/bin/../lib/gcc/arm-none-eabi/13.3.0/thumb/v6-m/nofp\libgcc.a(_thumb1_case_uqi.o)
 .debug_abbrev  0x00000028       0x28 C:/msys64/ucrt64/bin/../lib/gcc/arm-none-eabi/13.3.0/thumb/v6-m/nofp\libgcc.a(_udivsi3.o)
 .debug_abbrev  0x00000050       0x28 C:/msys64/ucrt64/bin/../lib/gcc/arm-none-eabi/13.3.0/thumb/v6-m/nofp\libgcc.a(_divsi3.o)
 .debug_abbrev  0x00000078       0x26 C:/msys64/ucrt64/bin/../lib/gcc/arm-none-eabi/13.3.0/thumb/v6-m/nofp\libgcc.a(_dvmd_tls.o)
 .debug_abbrev  0x0000009e       0x28 C:/msys64/ucrt64/bin/../lib/gcc/arm-none-eabi/13.3.0/thumb/v6-m/nofp\libgcc.a(_lshrdi3.o)
 .debug_abbrev  0x000000c6       0x28 C:/msys64/ucrt64/bin/../lib/gcc/arm-none-eabi/13.3.0/thumb/v6-m/nofp\libgcc.a(_arm_cmpsf2.o)
 .debug_abbrev  0x000000ee       0x28 C:/msys64/ucrt64/bin/../lib/gcc/arm-none-eabi/13.3.0/thumb/v6-m/nofp\libgcc.a(_aeabi_uldivmod.o)
 .debug_abbrev  0x00000116      0x163 C:/msys64/ucrt64/bin/../lib/gcc/arm-none-eabi/13.3.0/thumb/v6-m/nofp\libgcc.a(_muldi3.o)
 .debug_abbrev  0x00000279       0xed C:/msys64/ucrt64/bin/../lib/gcc/arm-none-eabi/13.3.0/thumb/v6-m/nofp\libgcc.a(_fixunssfsi.o)
 .debug_abbrev  0x00000366      0x120 C:/msys64/ucrt64/bin/../lib/gcc/arm-none-eabi/13.3.0/thumb/v6-m/nofp\libgcc.a(_udivmoddi4.o)
 .debug_abbrev  0x00000486      0x15c C:/msys64/ucrt64/bin/../lib/gcc/arm-none-eabi/13.3.0/thumb/v6-m/nofp\libgcc.a(addsf3.o)
 .debug_abbrev  0x000005e2      0x15c C:/msys64/ucrt64/bin/../lib/gcc/arm-none-eabi/13.3.0/thumb/v6-m/nofp\libgcc.a(divsf3.o)
 .debug_abbrev  0x0000073e      0x141 C:/msys64/ucrt64/bin/../lib/gcc/arm-none-eabi/13.3.0/thumb/v6-m/nofp\libgcc.a(eqsf2.o)
 .debug_abbrev  0x0000087f      0x15a C:/msys64/ucrt64/bin/../lib/gcc/arm-none-eabi/13.3.0/thumb/v6-m/nofp\libgcc.a(gesf2.o)
 .debug_abbrev  0x000009d9      0x15a C:/msys64/ucrt64/bin/../lib/gcc/arm-none-eabi/13.3.0/thumb/v6-m/nofp\libgcc.a(lesf2.o)
 .debug_abbrev  0x00000b33      0x15c C:/msys64/ucrt64/bin/../lib/gcc/arm-none-eabi/13.3.0/thumb/v6-m/nofp\libgcc.a(mulsf3.o)
 .debug_abbrev  0x00000c8f      0x15c C:/msys64/ucrt64/bin/../lib/gcc/arm-none-eabi/13.3.0/thumb/v6-m/nofp\libgcc.a(subsf3.o)
 .debug_abbrev  0x00000deb      0x147 C:/msys64/ucrt64/bin/../lib/gcc/arm-none-eabi/13.3.0/thumb/v6-m/nofp\libgcc.a(fixsfsi.o)
 .debug_abbrev  0x00000f32      0x180 C:/msys64/ucrt64/bin/../lib/gcc/arm-none-eabi/13.3.0/thumb/v6-m/nofp\libgcc.a(floatsisf.o)
 .debug_abbrev  0x000010b2      0x190 C:/msys64/ucrt64/bin/../lib/gcc/arm-none-eabi/13.3.0/thumb/v6-m/nofp\libgcc.a(floatunsisf.o)
 .debug_abbrev  0x00001242       0x28 C:/msys64/ucrt64/bin/../lib/gcc/arm-none-eabi/13.3.0/thumb/v6-m/nofp\libgcc.a(_ashldi3.o)
 .debug_abbrev  0x0000126a       0x28 C:/msys64/ucrt64/bin/../lib/gcc/arm-none-eabi/13.3.0/thumb/v6-m/nofp\libgcc.a(_clzsi2.o)
 .debug_abbrev  0x00001292       0x14 C:/msys64/ucrt64/bin/../lib/gcc/arm-none-eabi/13.3.0/thumb/v6-m/nofp\libgcc.a(_clzdi2.o)
 .debug_abbrev  0x000012a6       0xb7 C:/msys64/ucrt64/bin/../lib/gcc/arm-none-eabi/13.3.0/../../../../arm-none-eabi/lib/thumb/v6-m/nofp\libg_nano.a(libc_a-memset.o)
 .debug_abbrev  0x0000135d       0xc9 C:/msys64/ucrt64/bin/../lib/gcc/arm-none-eabi/13.3.0/../../../../arm-none-eabi/lib/thumb/v6-m/nofp\libg_nano.a(libc_a-init.o)

.debug_aranges  0x00000000      0x320
 .debug_aranges
                0x00000000       0x20 C:/msys64/ucrt64/bin/../lib/gcc/arm-none-eabi/13.3.0/thumb/v6-m/nofp\libgcc.a(_thumb1_case_uqi.o)
 .debug_aranges
                0x00000020       0x20 C:/msys64/ucrt64/bin/../lib/gcc/arm-none-eabi/13.3.0/thumb/v6-m/nofp\libgcc.a(_udivsi3.o)
 .debug_aranges
                0x00000040       0x20 C:/msys64/ucrt64/bin/../lib/gcc/arm-none-eabi/13.3.0/thumb/v6-m/nofp\libgcc.a(_divsi3.o)
 .debug_aranges
                0x00000060       0x20 C:/msys64/ucrt64/bin/../lib/gcc/arm-none-eabi/13.3.0/thumb/v6-m/nofp\libgcc.a(_dvmd_tls.o)
 .debug_aranges
                0x00000080       0x20 C:/msys64/ucrt64/bin/../lib/gcc/arm-none-eabi/13.3.0/thumb/v6-m/nofp\libgcc.a(_lshrdi3.o)
 .debug_aranges
                0x000000a0       0x20 C:/msys64/ucrt64/bin/../lib/gcc/arm-none-eabi/13.3.0/thumb/v6-m/nofp\libgcc.a(_arm_cmpsf2.o)
 .debug_aranges
                0x000000c0       0x20 C:/msys64/ucrt64/bin/../lib/gcc/arm-none-eabi/13.3.0/thumb/v6-m/nofp\libgcc.a(_aeabi_uldivmod.o)
 .debug_aranges
                0x000000e0       0x20 C:/msys64/ucrt64/bin/../lib/gcc/arm-none-eabi/13.3.0/thumb/v6-m/nofp\libgcc.a(_muldi3.o)
 .debug_aranges
                0x00000100       0x20 C:/msys64/ucrt64/bin/../lib/gcc/arm-none-eabi/13.3.0/thumb/v6-m/nofp\libgcc.a(_fixunssfsi.o)
 .debug_aranges
                0x00000120       0x20 C:/msys64/ucrt64/bin/../lib/gcc/arm-none-eabi/13.3.0/thumb/v6-m/nofp\libgcc.a(_udivmoddi4.o)
 .debug_aranges
                0x00000140       0x20 C:/msys64/ucrt64/bin/../lib/gcc/arm-none-eabi/13.3.0/thumb/v6-m/nofp\libgcc.a(addsf3.o)
 .debug_aranges
                0x00000160       0x20 C:/msys64/ucrt64/bin/../lib/gcc/arm-none-eabi/13.3.0/thumb/v6-m/nofp\libgcc.a(divsf3.o)
 .debug_aranges
                0x00000180       0x20 C:/msys64/ucrt64/bin/../lib/gcc/arm-none-eabi/13.3.0/thumb/v6-m/nofp\libgcc.a(eqsf2.o)
 .debug_aranges
                0x000001a0       0x20 C:/msys64/ucrt64/bin/../lib/gcc/arm-none-eabi/13.3.0/thumb/v6-m/nofp\libgcc.a(gesf2.o)
 .debug_aranges
                0x000001c0       0x20 C:/msys64/ucrt64/bin/../lib/gcc/arm-none-eabi/13.3.0/thumb/v6-m/nofp\libgcc.a(lesf2.o)
 .debug_aranges
                0x000001e0       0x20 C:/msys64/ucrt64/bin/../lib/gcc/arm-none-eabi/13.3.0/thumb/v6-m/nofp\libgcc.a(mulsf3.o)
 .debug_aranges
                0x00000200       0x20 C:/msys64/ucrt64/bin/../lib/gcc/arm-none-eabi/13.3.0/thumb/v6-m/nofp\libgcc.a(subsf3.o)
 .debug_aranges
                0x00000220       0x20 C:/msys64/ucrt64/bin/../lib/gcc/arm-none-eabi/13.3.0/thumb/v6-m/nofp\libgcc.a(fixsfsi.o)
 .debug_aranges
                0x00000240       0x20 C:/msys64/ucrt64/bin/../lib/gcc/arm-none-eabi/13.3.0/thumb/v6-m/nofp\libgcc.a(floatsisf.o)
 .debug_aranges
                0x00000260       0x20 C:/msys64/ucrt64/bin/../lib/gcc/arm-none-eabi/13.3.0/thumb/v6-m/nofp\libgcc.a(floatunsisf.o)
 .debug_aranges
                0x00000280       0x20 C:/msys64/ucrt64/bin/../lib/gcc/arm-none-eabi/13.3.0/thumb/v6-m/nofp\libgcc.a(_ashldi3.o)
 .debug_aranges
                0x000002a0       0x20 C:/msys64/ucrt64/bin/../lib/gcc/arm-none-eabi/13.3.0/thumb/v6-m/nofp\libgcc.a(_clzsi2.o)
 .debug_aranges
                0x000002c0       0x20 C:/msys64/ucrt64/bin/../lib/gcc/arm-none-eabi/13.3.0/thumb/v6-m/nofp\libgcc.a(_clzdi2.o)
 .debug_aranges
                0x000002e0       0x20 C:/msys64/ucrt64/bin/../lib/gcc/arm-none-eabi/13.3.0/../../../../arm-none-eabi/lib/thumb/v6-m/nofp\libg_nano.a(libc_a-memset.o)
 .debug_aranges
                0x00000300       0x20 C:/msys64/ucrt64/bin/../lib/gcc/arm-none-eabi/13.3.0/../../../../arm-none-eabi/lib/thumb/v6-m/nofp\libg_nano.a(libc_a-init.o)

.debug_str      0x00000000      0xded
 .debug_str     0x00000000      0xded C:/msys64/ucrt64/bin/../lib/gcc/arm-none-eabi/13.3.0/thumb/v6-m/nofp\libgcc.a(_thumb1_case_uqi.o)
                                 0x93 (size before relaxing)
 .debug_str     0x00000ded        0x0 C:/msys64/ucrt64/bin/../lib/gcc/arm-none-eabi/13.3.0/thumb/v6-m/nofp\libgcc.a(_udivsi3.o)
                                 0x98 (size before relaxing)
 .debug_str     0x00000ded        0x0 C:/msys64/ucrt64/bin/../lib/gcc/arm-none-eabi/13.3.0/thumb/v6-m/nofp\libgcc.a(_divsi3.o)
                                 0x96 (size before relaxing)
 .debug_str     0x00000ded        0x0 C:/msys64/ucrt64/bin/../lib/gcc/arm-none-eabi/13.3.0/thumb/v6-m/nofp\libgcc.a(_dvmd_tls.o)
                                 0x99 (size before relaxing)
 .debug_str     0x00000ded        0x0 C:/msys64/ucrt64/bin/../lib/gcc/arm-none-eabi/13.3.0/thumb/v6-m/nofp\libgcc.a(_lshrdi3.o)
                                 0x94 (size before relaxing)
 .debug_str     0x00000ded        0x0 C:/msys64/ucrt64/bin/../lib/gcc/arm-none-eabi/13.3.0/thumb/v6-m/nofp\libgcc.a(_arm_cmpsf2.o)
                                 0xf9 (size before relaxing)
 .debug_str     0x00000ded        0x0 C:/msys64/ucrt64/bin/../lib/gcc/arm-none-eabi/13.3.0/thumb/v6-m/nofp\libgcc.a(_aeabi_uldivmod.o)
                                 0x8e (size before relaxing)
 .debug_str     0x00000ded        0x0 C:/msys64/ucrt64/bin/../lib/gcc/arm-none-eabi/13.3.0/thumb/v6-m/nofp\libgcc.a(_muldi3.o)
                                0x67a (size before relaxing)
 .debug_str     0x00000ded        0x0 C:/msys64/ucrt64/bin/../lib/gcc/arm-none-eabi/13.3.0/thumb/v6-m/nofp\libgcc.a(_fixunssfsi.o)
                                0x669 (size before relaxing)
 .debug_str     0x00000ded        0x0 C:/msys64/ucrt64/bin/../lib/gcc/arm-none-eabi/13.3.0/thumb/v6-m/nofp\libgcc.a(_udivmoddi4.o)
                                0x66a (size before relaxing)
 .debug_str     0x00000ded        0x0 C:/msys64/ucrt64/bin/../lib/gcc/arm-none-eabi/13.3.0/thumb/v6-m/nofp\libgcc.a(addsf3.o)
                                0x2b2 (size before relaxing)
 .debug_str     0x00000ded        0x0 C:/msys64/ucrt64/bin/../lib/gcc/arm-none-eabi/13.3.0/thumb/v6-m/nofp\libgcc.a(divsf3.o)
                                0x2d7 (size before relaxing)
 .debug_str     0x00000ded        0x0 C:/msys64/ucrt64/bin/../lib/gcc/arm-none-eabi/13.3.0/thumb/v6-m/nofp\libgcc.a(eqsf2.o)
                                0x1e0 (size before relaxing)
 .debug_str     0x00000ded        0x0 C:/msys64/ucrt64/bin/../lib/gcc/arm-none-eabi/13.3.0/thumb/v6-m/nofp\libgcc.a(gesf2.o)
                                0x204 (size before relaxing)
 .debug_str     0x00000ded        0x0 C:/msys64/ucrt64/bin/../lib/gcc/arm-none-eabi/13.3.0/thumb/v6-m/nofp\libgcc.a(lesf2.o)
                                0x204 (size before relaxing)
 .debug_str     0x00000ded        0x0 C:/msys64/ucrt64/bin/../lib/gcc/arm-none-eabi/13.3.0/thumb/v6-m/nofp\libgcc.a(mulsf3.o)
                                0x2d7 (size before relaxing)
 .debug_str     0x00000ded        0x0 C:/msys64/ucrt64/bin/../lib/gcc/arm-none-eabi/13.3.0/thumb/v6-m/nofp\libgcc.a(subsf3.o)
                                0x2b2 (size before relaxing)
 .debug_str     0x00000ded        0x0 C:/msys64/ucrt64/bin/../lib/gcc/arm-none-eabi/13.3.0/thumb/v6-m/nofp\libgcc.a(fixsfsi.o)
                                0x1ea (size before relaxing)
 .debug_str     0x00000ded        0x0 C:/msys64/ucrt64/bin/../lib/gcc/arm-none-eabi/13.3.0/thumb/v6-m/nofp\libgcc.a(floatsisf.o)
                                0x279 (size before relaxing)
 .debug_str     0x00000ded        0x0 C:/msys64/ucrt64/bin/../lib/gcc/arm-none-eabi/13.3.0/thumb/v6-m/nofp\libgcc.a(floatunsisf.o)
                                0x275 (size before relaxing)
 .debug_str     0x00000ded        0x0 C:/msys64/ucrt64/bin/../lib/gcc/arm-none-eabi/13.3.0/thumb/v6-m/nofp\libgcc.a(_ashldi3.o)
                                 0x94 (size before relaxing)
 .debug_str     0x00000ded        0x0 C:/msys64/ucrt64/bin/../lib/gcc/arm-none-eabi/13.3.0/thumb/v6-m/nofp\libgcc.a(_clzsi2.o)
                                 0x86 (size before relaxing)
 .debug_str     0x00000ded        0x0 C:/msys64/ucrt64/bin/../lib/gcc/arm-none-eabi/13.3.0/thumb/v6-m/nofp\libgcc.a(_clzdi2.o)
                                 0x7d (size before relaxing)
 .debug_str     0x00000ded        0x0 C:/msys64/ucrt64/bin/../lib/gcc/arm-none-eabi/13.3.0/../../../../arm-none-eabi/lib/thumb/v6-m/nofp\libg_nano.a(libc_a-memset.o)
                                0x193 (size before relaxing)
 .debug_str     0x00000ded        0x0 C:/msys64/ucrt64/bin/../lib/gcc/arm-none-eabi/13.3.0/../../../../arm-none-eabi/lib/thumb/v6-m/nofp\libg_nano.a(libc_a-init.o)
                                0x1e0 (size before relaxing)

.debug_frame    0x00000000      0x2ec
 .debug_frame   0x00000000       0x20 C:/msys64/ucrt64/bin/../lib/gcc/arm-none-eabi/13.3.0/thumb/v6-m/nofp\libgcc.a(_udivsi3.o)
 .debug_frame   0x00000020       0x20 C:/msys64/ucrt64/bin/../lib/gcc/arm-none-eabi/13.3.0/thumb/v6-m/nofp\libgcc.a(_divsi3.o)
 .debug_frame   0x00000040       0x34 C:/msys64/ucrt64/bin/../lib/gcc/arm-none-eabi/13.3.0/thumb/v6-m/nofp\libgcc.a(_muldi3.o)
 .debug_frame   0x00000074       0x28 C:/msys64/ucrt64/bin/../lib/gcc/arm-none-eabi/13.3.0/thumb/v6-m/nofp\libgcc.a(_fixunssfsi.o)
 .debug_frame   0x0000009c       0x30 C:/msys64/ucrt64/bin/../lib/gcc/arm-none-eabi/13.3.0/thumb/v6-m/nofp\libgcc.a(_udivmoddi4.o)
 .debug_frame   0x000000cc       0x34 C:/msys64/ucrt64/bin/../lib/gcc/arm-none-eabi/13.3.0/thumb/v6-m/nofp\libgcc.a(addsf3.o)
 .debug_frame   0x00000100       0x30 C:/msys64/ucrt64/bin/../lib/gcc/arm-none-eabi/13.3.0/thumb/v6-m/nofp\libgcc.a(divsf3.o)
 .debug_frame   0x00000130       0x2c C:/msys64/ucrt64/bin/../lib/gcc/arm-none-eabi/13.3.0/thumb/v6-m/nofp\libgcc.a(eqsf2.o)
 .debug_frame   0x0000015c       0x2c C:/msys64/ucrt64/bin/../lib/gcc/arm-none-eabi/13.3.0/thumb/v6-m/nofp\libgcc.a(gesf2.o)
 .debug_frame   0x00000188       0x2c C:/msys64/ucrt64/bin/../lib/gcc/arm-none-eabi/13.3.0/thumb/v6-m/nofp\libgcc.a(lesf2.o)
 .debug_frame   0x000001b4       0x30 C:/msys64/ucrt64/bin/../lib/gcc/arm-none-eabi/13.3.0/thumb/v6-m/nofp\libgcc.a(mulsf3.o)
 .debug_frame   0x000001e4       0x34 C:/msys64/ucrt64/bin/../lib/gcc/arm-none-eabi/13.3.0/thumb/v6-m/nofp\libgcc.a(subsf3.o)
 .debug_frame   0x00000218       0x20 C:/msys64/ucrt64/bin/../lib/gcc/arm-none-eabi/13.3.0/thumb/v6-m/nofp\libgcc.a(fixsfsi.o)
 .debug_frame   0x00000238       0x2c C:/msys64/ucrt64/bin/../lib/gcc/arm-none-eabi/13.3.0/thumb/v6-m/nofp\libgcc.a(floatsisf.o)
 .debug_frame   0x00000264       0x2c C:/msys64/ucrt64/bin/../lib/gcc/arm-none-eabi/13.3.0/thumb/v6-m/nofp\libgcc.a(floatunsisf.o)
 .debug_frame   0x00000290       0x30 C:/msys64/ucrt64/bin/../lib/gcc/arm-none-eabi/13.3.0/../../../../arm-none-eabi/lib/thumb/v6-m/nofp\libg_nano.a(libc_a-memset.o)
 .debug_frame   0x000002c0       0x2c C:/msys64/ucrt64/bin/../lib/gcc/arm-none-eabi/13.3.0/../../../../arm-none-eabi/lib/thumb/v6-m/nofp\libg_nano.a(libc_a-init.o)

.debug_loclists
                0x00000000     0x2591
 .debug_loclists
                0x00000000       0xaf C:/msys64/ucrt64/bin/../lib/gcc/arm-none-eabi/13.3.0/thumb/v6-m/nofp\libgcc.a(_muldi3.o)
 .debug_loclists
                0x000000af       0x33 C:/msys64/ucrt64/bin/../lib/gcc/arm-none-eabi/13.3.0/thumb/v6-m/nofp\libgcc.a(_fixunssfsi.o)
 .debug_loclists
                0x000000e2      0x1b4 C:/msys64/ucrt64/bin/../lib/gcc/arm-none-eabi/13.3.0/thumb/v6-m/nofp\libgcc.a(_udivmoddi4.o)
 .debug_loclists
                0x00000296      0x7b1 C:/msys64/ucrt64/bin/../lib/gcc/arm-none-eabi/13.3.0/thumb/v6-m/nofp\libgcc.a(addsf3.o)
 .debug_loclists
                0x00000a47      0x59c C:/msys64/ucrt64/bin/../lib/gcc/arm-none-eabi/13.3.0/thumb/v6-m/nofp\libgcc.a(divsf3.o)
 .debug_loclists
                0x00000fe3       0x6a C:/msys64/ucrt64/bin/../lib/gcc/arm-none-eabi/13.3.0/thumb/v6-m/nofp\libgcc.a(eqsf2.o)
 .debug_loclists
                0x0000104d       0xe7 C:/msys64/ucrt64/bin/../lib/gcc/arm-none-eabi/13.3.0/thumb/v6-m/nofp\libgcc.a(gesf2.o)
 .debug_loclists
                0x00001134       0xe7 C:/msys64/ucrt64/bin/../lib/gcc/arm-none-eabi/13.3.0/thumb/v6-m/nofp\libgcc.a(lesf2.o)
 .debug_loclists
                0x0000121b      0x52f C:/msys64/ucrt64/bin/../lib/gcc/arm-none-eabi/13.3.0/thumb/v6-m/nofp\libgcc.a(mulsf3.o)
 .debug_loclists
                0x0000174a      0x89c C:/msys64/ucrt64/bin/../lib/gcc/arm-none-eabi/13.3.0/thumb/v6-m/nofp\libgcc.a(subsf3.o)
 .debug_loclists
                0x00001fe6       0xc7 C:/msys64/ucrt64/bin/../lib/gcc/arm-none-eabi/13.3.0/thumb/v6-m/nofp\libgcc.a(fixsfsi.o)
 .debug_loclists
                0x000020ad      0x176 C:/msys64/ucrt64/bin/../lib/gcc/arm-none-eabi/13.3.0/thumb/v6-m/nofp\libgcc.a(floatsisf.o)
 .debug_loclists
                0x00002223      0x14e C:/msys64/ucrt64/bin/../lib/gcc/arm-none-eabi/13.3.0/thumb/v6-m/nofp\libgcc.a(floatunsisf.o)
 .debug_loclists
                0x00002371      0x1c6 C:/msys64/ucrt64/bin/../lib/gcc/arm-none-eabi/13.3.0/../../../../arm-none-eabi/lib/thumb/v6-m/nofp\libg_nano.a(libc_a-memset.o)